#Test Results (version 2)
#Tue Oct 08 13:57:22 CST 2024
#-----testdescription-----
$file=/home/webliu/TencentKona-17/test/hotspot/jtreg/gc/LRUCacheTest.java
$root=/home/webliu/TencentKona-17/test/hotspot/jtreg
keywords=bug1234567 othervm driver
library=/test/lib
modules=java.base/jdk.internal.misc java.management
run=USER_SPECIFIED build jdk.test.whitebox.WhiteBox\nUSER_SPECIFIED driver jdk.test.lib.helpers.ClassFileInstaller jdk.test.whitebox.WhiteBox\nUSER_SPECIFIED main/othervm -Xbootclasspath/a\:. -XX\:+UnlockDiagnosticVMOptions -XX\:+WhiteBoxAPI -XX\:+UseG1GC -Xlog\:gc* -Xlog\:gc\:g1gc.log -Xms128m -Xmx1g LRUCacheTest\n
source=LRUCacheTest.java
title=Test LRU Cache with Whitebox API using different GC methods and collect GC logs

#-----environment-----

#-----testresult-----
description=file\:/home/webliu/TencentKona-17/test/hotspot/jtreg/gc/LRUCacheTest.java
elapsed=1950 0\:00\:01.950
end=Tue Oct 08 13\:57\:22 CST 2024
environment=regtest
execStatus=Passed. Execution successful
harnessLoaderMode=Classpath Loader
harnessVariety=Full Bundle
hostname=qaq.
javatestOS=Linux 5.15.153.1-microsoft-standard-WSL2 (amd64)
javatestVersion=6.0-ea+b24-2024-08-23-${BUILT_FROM_COMMIT}
jtregVersion=jtreg 7.5 dev 0
modules=java.base/jdk.internal.misc java.management
script=com.sun.javatest.regtest.exec.RegressionScript
sections=script_messages build build driver build main
start=Tue Oct 08 13\:57\:20 CST 2024
test=gc/LRUCacheTest.java
testJDK=/home/webliu/TencentKona-17/build/linux-x86_64-server-release/jdk
testJDK_OS=[name\:Linux,arch\:amd64,version\:5.15.153.1-microsoft-standard-WSL2,family\:linux,simple_arch\:x64,simple_version\:5.15,processors\:16,maxMemory\:8198127616,maxSwap\:2147483648]
testJDK_os.arch=amd64
testJDK_os.name=Linux
testJDK_os.version=5.15.153.1-microsoft-standard-WSL2
totalTime=1952
user.name=webliu
work=/home/webliu/TencentKona-17/JTwork/gc

#section:script_messages
----------messages:(7/467)----------
JDK under test: /home/webliu/TencentKona-17/build/linux-x86_64-server-release/jdk
openjdk version "17.0.11-internal" 2024-04-16
OpenJDK Runtime Environment (build 17.0.11-internal+0-adhoc.webliu.TencentKona-17)
OpenJDK 64-Bit Server VM (build 17.0.11-internal+0-adhoc.webliu.TencentKona-17, mixed mode)
Library /test/lib; kind: packages
   source directory: /home/webliu/TencentKona-17/test/lib
   class directory: /home/webliu/TencentKona-17/JTwork/classes/test/lib

#section:build
----------messages:(5/218)----------
command: build jdk.test.whitebox.WhiteBox
reason: User specified action: run build jdk.test.whitebox.WhiteBox 
started: Tue Oct 08 13:57:20 CST 2024
finished: Tue Oct 08 13:57:20 CST 2024
elapsed time (seconds): 0.001
result: Passed. All files up to date

#section:build
----------messages:(5/199)----------
command: build jdk.test.lib.helpers.ClassFileInstaller
reason: Named class compiled on demand
started: Tue Oct 08 13:57:20 CST 2024
finished: Tue Oct 08 13:57:20 CST 2024
elapsed time (seconds): 0.0
result: Passed. All files up to date

#section:driver
----------messages:(7/442)----------
command: driver jdk.test.lib.helpers.ClassFileInstaller jdk.test.whitebox.WhiteBox
reason: User specified action: run driver jdk.test.lib.helpers.ClassFileInstaller jdk.test.whitebox.WhiteBox 
started: Tue Oct 08 13:57:20 CST 2024
Mode: othervm
Additional options from @modules: --add-modules java.base,java.management --add-exports java.base/jdk.internal.misc=ALL-UNNAMED
finished: Tue Oct 08 13:57:20 CST 2024
elapsed time (seconds): 0.134
----------configuration:(4/111)----------
Boot Layer
  add modules: java.base java.management   
  add exports: java.base/jdk.internal.misc ALL-UNNAMED

----------System.out:(0/0)----------
----------System.err:(1/15)----------
STATUS:Passed.
----------rerun:(28/1948)*----------
cd /home/webliu/TencentKona-17/JTwork/scratch && \\
DISPLAY=:0 \\
HOME=/home/webliu \\
JTREG_HOME=/home/webliu/jtreg/build/images/jtreg \\
LANG=C.UTF-8 \\
PATH=/bin:/usr/bin:/usr/sbin \\
WAYLAND_DISPLAY=wayland-0 \\
XDG_RUNTIME_DIR=/mnt/wslg/runtime-dir \\
CLASSPATH=/home/webliu/TencentKona-17/JTwork/classes/gc/LRUCacheTest.d:/home/webliu/TencentKona-17/test/hotspot/jtreg/gc:/home/webliu/TencentKona-17/JTwork/classes/test/lib:/home/webliu/TencentKona-17/test/lib:/home/webliu/jtreg/build/images/jtreg/lib/javatest.jar:/home/webliu/jtreg/build/images/jtreg/lib/jtreg.jar \\
    /home/webliu/TencentKona-17/build/linux-x86_64-server-release/jdk/bin/java \\
        -Dtest.vm.opts= \\
        -Dtest.tool.vm.opts= \\
        -Dtest.compiler.opts= \\
        -Dtest.java.opts= \\
        -Dtest.jdk=/home/webliu/TencentKona-17/build/linux-x86_64-server-release/jdk \\
        -Dcompile.jdk=/home/webliu/TencentKona-17/build/linux-x86_64-server-release/jdk \\
        -Dtest.timeout.factor=1.0 \\
        -Dtest.root=/home/webliu/TencentKona-17/test/hotspot/jtreg \\
        -Dtest.name=gc/LRUCacheTest.java \\
        -Dtest.file=/home/webliu/TencentKona-17/test/hotspot/jtreg/gc/LRUCacheTest.java \\
        -Dtest.src=/home/webliu/TencentKona-17/test/hotspot/jtreg/gc \\
        -Dtest.src.path=/home/webliu/TencentKona-17/test/hotspot/jtreg/gc:/home/webliu/TencentKona-17/test/lib \\
        -Dtest.classes=/home/webliu/TencentKona-17/JTwork/classes/gc/LRUCacheTest.d \\
        -Dtest.class.path=/home/webliu/TencentKona-17/JTwork/classes/gc/LRUCacheTest.d:/home/webliu/TencentKona-17/JTwork/classes/test/lib \\
        -Dtest.modules='java.base/jdk.internal.misc java.management' \\
        --add-modules java.base,java.management \\
        --add-exports java.base/jdk.internal.misc=ALL-UNNAMED \\
        com.sun.javatest.regtest.agent.MainWrapper /home/webliu/TencentKona-17/JTwork/gc/LRUCacheTest.d/driver.0.jta jdk.test.whitebox.WhiteBox
result: Passed. Execution successful

#section:build
----------messages:(5/172)----------
command: build LRUCacheTest
reason: Named class compiled on demand
started: Tue Oct 08 13:57:20 CST 2024
finished: Tue Oct 08 13:57:20 CST 2024
elapsed time (seconds): 0.0
result: Passed. All files up to date

#section:main
----------messages:(7/609)----------
command: main -Xbootclasspath/a:. -XX:+UnlockDiagnosticVMOptions -XX:+WhiteBoxAPI -XX:+UseG1GC -Xlog:gc* -Xlog:gc:g1gc.log -Xms128m -Xmx1g LRUCacheTest
reason: User specified action: run main/othervm -Xbootclasspath/a:. -XX:+UnlockDiagnosticVMOptions -XX:+WhiteBoxAPI -XX:+UseG1GC -Xlog:gc* -Xlog:gc:g1gc.log -Xms128m -Xmx1g LRUCacheTest 
started: Tue Oct 08 13:57:20 CST 2024
Mode: othervm [/othervm specified]
Additional options from @modules: --add-modules java.base,java.management --add-exports java.base/jdk.internal.misc=ALL-UNNAMED
finished: Tue Oct 08 13:57:22 CST 2024
elapsed time (seconds): 1.672
----------configuration:(4/111)----------
Boot Layer
  add modules: java.base java.management   
  add exports: java.base/jdk.internal.misc ALL-UNNAMED

----------System.out:(1742/126354)----------
[0.002s][info][gc] Using G1
[0.003s][info][gc,init] Version: 17.0.11-internal+0-adhoc.webliu.TencentKona-17 (release)
[0.003s][info][gc,init] CPUs: 16 total, 16 available
[0.003s][info][gc,init] Memory: 7818M
[0.003s][info][gc,init] Large Page Support: Disabled
[0.003s][info][gc,init] NUMA Support: Disabled
[0.003s][info][gc,init] Compressed Oops: Enabled (32-bit)
[0.003s][info][gc,init] Heap Region Size: 1M
[0.003s][info][gc,init] Heap Min Capacity: 128M
[0.003s][info][gc,init] Heap Initial Capacity: 128M
[0.003s][info][gc,init] Heap Max Capacity: 1G
[0.003s][info][gc,init] Pre-touch: Disabled
[0.003s][info][gc,init] Parallel Workers: 13
[0.003s][info][gc,init] Concurrent Workers: 3
[0.003s][info][gc,init] Concurrent Refinement Workers: 13
[0.003s][info][gc,init] Periodic GC: Disabled
[0.003s][info][gc,metaspace] CDS archive(s) not mapped
[0.003s][info][gc,metaspace] Compressed class space mapped at: 0x0000000100000000-0x0000000140000000, reserved size: 1073741824
[0.003s][info][gc,metaspace] Narrow klass base: 0x0000000000000000, Narrow klass shift: 3, Narrow klass range: 0x140000000
Max heap size: 1024.00 MB
Cache size: 104857
Total memory: 2147483647
[0.163s][info][gc,start    ] GC(0) Pause Young (Normal) (G1 Evacuation Pause)
[0.164s][info][gc,task     ] GC(0) Using 4 workers of 13 for evacuation
[0.169s][info][gc,phases   ] GC(0)   Pre Evacuate Collection Set: 0.1ms
[0.169s][info][gc,phases   ] GC(0)   Merge Heap Roots: 0.1ms
[0.169s][info][gc,phases   ] GC(0)   Evacuate Collection Set: 4.4ms
[0.169s][info][gc,phases   ] GC(0)   Post Evacuate Collection Set: 0.4ms
[0.169s][info][gc,phases   ] GC(0)   Other: 0.4ms
[0.169s][info][gc,heap     ] GC(0) Eden regions: 23->0(14)
[0.169s][info][gc,heap     ] GC(0) Survivor regions: 0->3(3)
[0.169s][info][gc,heap     ] GC(0) Old regions: 0->15
[0.169s][info][gc,heap     ] GC(0) Archive regions: 0->0
[0.169s][info][gc,heap     ] GC(0) Humongous regions: 1->1
[0.169s][info][gc,metaspace] GC(0) Metaspace: 8304K(8512K)->8304K(8512K) NonClass: 7532K(7616K)->7532K(7616K) Class: 771K(896K)->771K(896K)
[0.169s][info][gc          ] GC(0) Pause Young (Normal) (G1 Evacuation Pause) 24M->18M(128M) 5.409ms
[0.169s][info][gc,cpu      ] GC(0) User=0.01s Sys=0.00s Real=0.01s
[0.171s][info][gc,start    ] GC(1) Pause Young (Normal) (G1 Evacuation Pause)
[0.171s][info][gc,task     ] GC(1) Using 4 workers of 13 for evacuation
[0.176s][info][gc,phases   ] GC(1)   Pre Evacuate Collection Set: 0.1ms
[0.176s][info][gc,phases   ] GC(1)   Merge Heap Roots: 0.1ms
[0.176s][info][gc,phases   ] GC(1)   Evacuate Collection Set: 4.0ms
[0.176s][info][gc,phases   ] GC(1)   Post Evacuate Collection Set: 0.3ms
[0.176s][info][gc,phases   ] GC(1)   Other: 0.1ms
[0.176s][info][gc,heap     ] GC(1) Eden regions: 14->0(25)
[0.176s][info][gc,heap     ] GC(1) Survivor regions: 3->3(3)
[0.176s][info][gc,heap     ] GC(1) Old regions: 15->30
[0.176s][info][gc,heap     ] GC(1) Archive regions: 0->0
[0.176s][info][gc,heap     ] GC(1) Humongous regions: 1->1
[0.176s][info][gc,metaspace] GC(1) Metaspace: 8304K(8512K)->8304K(8512K) NonClass: 7532K(7616K)->7532K(7616K) Class: 771K(896K)->771K(896K)
[0.176s][info][gc          ] GC(1) Pause Young (Normal) (G1 Evacuation Pause) 32M->34M(128M) 4.551ms
[0.176s][info][gc,cpu      ] GC(1) User=0.01s Sys=0.01s Real=0.01s
[0.179s][info][gc,start    ] GC(2) Pause Young (Normal) (G1 Evacuation Pause)
[0.179s][info][gc,task     ] GC(2) Using 4 workers of 13 for evacuation
[0.186s][info][gc,phases   ] GC(2)   Pre Evacuate Collection Set: 0.1ms
[0.186s][info][gc,phases   ] GC(2)   Merge Heap Roots: 0.1ms
[0.186s][info][gc,phases   ] GC(2)   Evacuate Collection Set: 6.6ms
[0.186s][info][gc,phases   ] GC(2)   Post Evacuate Collection Set: 0.3ms
[0.186s][info][gc,phases   ] GC(2)   Other: 0.1ms
[0.186s][info][gc,heap     ] GC(2) Eden regions: 25->0(16)
[0.186s][info][gc,heap     ] GC(2) Survivor regions: 3->4(4)
[0.186s][info][gc,heap     ] GC(2) Old regions: 30->56
[0.186s][info][gc,heap     ] GC(2) Archive regions: 0->0
[0.186s][info][gc,heap     ] GC(2) Humongous regions: 1->1
[0.187s][info][gc,metaspace] GC(2) Metaspace: 8304K(8512K)->8304K(8512K) NonClass: 7532K(7616K)->7532K(7616K) Class: 771K(896K)->771K(896K)
[0.187s][info][gc          ] GC(2) Pause Young (Normal) (G1 Evacuation Pause) 59M->60M(128M) 7.123ms
[0.187s][info][gc,cpu      ] GC(2) User=0.01s Sys=0.02s Real=0.01s
[0.189s][info][gc,start    ] GC(3) Pause Young (Normal) (G1 Evacuation Pause)
[0.189s][info][gc,task     ] GC(3) Using 4 workers of 13 for evacuation
[0.194s][info][gc,phases   ] GC(3)   Pre Evacuate Collection Set: 0.1ms
[0.194s][info][gc,phases   ] GC(3)   Merge Heap Roots: 0.1ms
[0.194s][info][gc,phases   ] GC(3)   Evacuate Collection Set: 4.2ms
[0.194s][info][gc,phases   ] GC(3)   Post Evacuate Collection Set: 0.4ms
[0.194s][info][gc,phases   ] GC(3)   Other: 0.1ms
[0.194s][info][gc,heap     ] GC(3) Eden regions: 16->0(10)
[0.194s][info][gc,heap     ] GC(3) Survivor regions: 4->3(3)
[0.194s][info][gc,heap     ] GC(3) Old regions: 56->74
[0.194s][info][gc,heap     ] GC(3) Archive regions: 0->0
[0.194s][info][gc,heap     ] GC(3) Humongous regions: 1->1
[0.194s][info][gc,metaspace] GC(3) Metaspace: 8304K(8512K)->8304K(8512K) NonClass: 7532K(7616K)->7532K(7616K) Class: 771K(896K)->771K(896K)
[0.194s][info][gc          ] GC(3) Pause Young (Normal) (G1 Evacuation Pause) 76M->77M(128M) 4.957ms
[0.194s][info][gc,cpu      ] GC(3) User=0.02s Sys=0.00s Real=0.00s
[0.195s][info][gc,start    ] GC(4) Pause Young (Concurrent Start) (G1 Evacuation Pause)
[0.195s][info][gc,task     ] GC(4) Using 4 workers of 13 for evacuation
[0.199s][info][gc,phases   ] GC(4)   Pre Evacuate Collection Set: 0.1ms
[0.199s][info][gc,phases   ] GC(4)   Merge Heap Roots: 0.1ms
[0.199s][info][gc,phases   ] GC(4)   Evacuate Collection Set: 2.5ms
[0.199s][info][gc,phases   ] GC(4)   Post Evacuate Collection Set: 1.0ms
[0.199s][info][gc,phases   ] GC(4)   Other: 0.1ms
[0.199s][info][gc,heap     ] GC(4) Eden regions: 10->0(48)
[0.199s][info][gc,heap     ] GC(4) Survivor regions: 3->2(2)
[0.199s][info][gc,heap     ] GC(4) Old regions: 74->86
[0.199s][info][gc,heap     ] GC(4) Archive regions: 0->0
[0.199s][info][gc,heap     ] GC(4) Humongous regions: 1->1
[0.199s][info][gc,metaspace] GC(4) Metaspace: 8304K(8512K)->8304K(8512K) NonClass: 7532K(7616K)->7532K(7616K) Class: 771K(896K)->771K(896K)
[0.199s][info][gc          ] GC(4) Pause Young (Concurrent Start) (G1 Evacuation Pause) 87M->89M(384M) 3.795ms
[0.199s][info][gc,cpu      ] GC(4) User=0.00s Sys=0.01s Real=0.01s
[0.199s][info][gc          ] GC(5) Concurrent Mark Cycle
[0.199s][info][gc,marking  ] GC(5) Concurrent Clear Claimed Marks
[0.199s][info][gc,marking  ] GC(5) Concurrent Clear Claimed Marks 0.016ms
[0.199s][info][gc,marking  ] GC(5) Concurrent Scan Root Regions
[0.200s][info][gc,marking  ] GC(5) Concurrent Scan Root Regions 0.928ms
[0.200s][info][gc,marking  ] GC(5) Concurrent Mark
[0.200s][info][gc,marking  ] GC(5) Concurrent Mark From Roots
[0.200s][info][gc,task     ] GC(5) Using 3 workers of 3 for marking
[0.203s][info][gc,marking  ] GC(5) Concurrent Mark From Roots 3.108ms
[0.203s][info][gc,marking  ] GC(5) Concurrent Preclean
[0.203s][info][gc,marking  ] GC(5) Concurrent Preclean 0.041ms
[0.203s][info][gc,start    ] GC(5) Pause Remark
[0.204s][info][gc          ] GC(5) Pause Remark 103M->103M(347M) 0.688ms
[0.204s][info][gc,cpu      ] GC(5) User=0.00s Sys=0.00s Real=0.00s
[0.204s][info][gc,marking  ] GC(5) Concurrent Mark 4.131ms
[0.204s][info][gc,marking  ] GC(5) Concurrent Rebuild Remembered Sets
[0.206s][info][gc,marking  ] GC(5) Concurrent Rebuild Remembered Sets 2.113ms
[0.206s][info][gc,start    ] GC(5) Pause Cleanup
Mixed GC count target: 8
[0.207s][info][gc          ] GC(5) Pause Cleanup 112M->112M(347M) 0.128ms
[0.207s][info][gc,cpu      ] GC(5) User=0.00s Sys=0.00s Real=0.00s
[0.207s][info][gc,marking  ] GC(5) Concurrent Cleanup for Next Mark
[0.207s][info][gc,marking  ] GC(5) Concurrent Cleanup for Next Mark 0.661ms
[0.207s][info][gc          ] GC(5) Concurrent Mark Cycle 8.334ms
[0.213s][info][gc,start    ] GC(6) Pause Young (Normal) (G1 Evacuation Pause)
[0.214s][info][gc,task     ] GC(6) Using 8 workers of 13 for evacuation
[0.227s][info][gc,phases   ] GC(6)   Pre Evacuate Collection Set: 0.1ms
[0.227s][info][gc,phases   ] GC(6)   Merge Heap Roots: 0.1ms
[0.227s][info][gc,phases   ] GC(6)   Evacuate Collection Set: 12.4ms
[0.227s][info][gc,phases   ] GC(6)   Post Evacuate Collection Set: 0.6ms
[0.227s][info][gc,phases   ] GC(6)   Other: 0.6ms
[0.227s][info][gc,heap     ] GC(6) Eden regions: 48->0(53)
[0.227s][info][gc,heap     ] GC(6) Survivor regions: 2->7(7)
[0.227s][info][gc,heap     ] GC(6) Old regions: 86->131
[0.227s][info][gc,heap     ] GC(6) Archive regions: 0->0
[0.227s][info][gc,heap     ] GC(6) Humongous regions: 1->1
[0.227s][info][gc,metaspace] GC(6) Metaspace: 8304K(8512K)->8304K(8512K) NonClass: 7532K(7616K)->7532K(7616K) Class: 771K(896K)->771K(896K)
[0.227s][info][gc          ] GC(6) Pause Young (Normal) (G1 Evacuation Pause) 137M->138M(347M) 13.820ms
[0.227s][info][gc,cpu      ] GC(6) User=0.01s Sys=0.09s Real=0.02s
[0.233s][info][gc,start    ] GC(7) Pause Young (Normal) (G1 Evacuation Pause)
[0.233s][info][gc,task     ] GC(7) Using 8 workers of 13 for evacuation
[0.252s][info][gc,phases   ] GC(7)   Pre Evacuate Collection Set: 0.2ms
[0.252s][info][gc,phases   ] GC(7)   Merge Heap Roots: 0.1ms
[0.252s][info][gc,phases   ] GC(7)   Evacuate Collection Set: 17.5ms
[0.252s][info][gc,phases   ] GC(7)   Post Evacuate Collection Set: 1.1ms
[0.252s][info][gc,phases   ] GC(7)   Other: 0.1ms
[0.252s][info][gc,heap     ] GC(7) Eden regions: 53->0(35)
[0.252s][info][gc,heap     ] GC(7) Survivor regions: 7->8(8)
[0.252s][info][gc,heap     ] GC(7) Old regions: 131->186
[0.252s][info][gc,heap     ] GC(7) Archive regions: 0->0
[0.252s][info][gc,heap     ] GC(7) Humongous regions: 1->1
[0.252s][info][gc,metaspace] GC(7) Metaspace: 8304K(8512K)->8304K(8512K) NonClass: 7532K(7616K)->7532K(7616K) Class: 771K(896K)->771K(896K)
[0.252s][info][gc          ] GC(7) Pause Young (Normal) (G1 Evacuation Pause) 191M->194M(347M) 19.118ms
[0.253s][info][gc,cpu      ] GC(7) User=0.06s Sys=0.08s Real=0.02s
[0.257s][info][gc,start    ] GC(8) Pause Young (Concurrent Start) (G1 Evacuation Pause)
[0.257s][info][gc,task     ] GC(8) Using 8 workers of 13 for evacuation
[0.270s][info][gc,phases   ] GC(8)   Pre Evacuate Collection Set: 0.1ms
[0.270s][info][gc,phases   ] GC(8)   Merge Heap Roots: 0.2ms
[0.270s][info][gc,phases   ] GC(8)   Evacuate Collection Set: 11.3ms
[0.270s][info][gc,phases   ] GC(8)   Post Evacuate Collection Set: 1.0ms
[0.270s][info][gc,phases   ] GC(8)   Other: 0.1ms
[0.270s][info][gc,heap     ] GC(8) Eden regions: 35->0(24)
[0.270s][info][gc,heap     ] GC(8) Survivor regions: 8->6(6)
[0.270s][info][gc,heap     ] GC(8) Old regions: 186->226
[0.270s][info][gc,heap     ] GC(8) Archive regions: 0->0
[0.270s][info][gc,heap     ] GC(8) Humongous regions: 1->1
[0.270s][info][gc,metaspace] GC(8) Metaspace: 8316K(8512K)->8316K(8512K) NonClass: 7544K(7616K)->7544K(7616K) Class: 771K(896K)->771K(896K)
[0.270s][info][gc          ] GC(8) Pause Young (Concurrent Start) (G1 Evacuation Pause) 229M->232M(347M) 12.837ms
[0.270s][info][gc,cpu      ] GC(8) User=0.04s Sys=0.05s Real=0.01s
[0.270s][info][gc          ] GC(9) Concurrent Mark Cycle
[0.270s][info][gc,marking  ] GC(9) Concurrent Clear Claimed Marks
[0.271s][info][gc,marking  ] GC(9) Concurrent Clear Claimed Marks 0.025ms
[0.271s][info][gc,marking  ] GC(9) Concurrent Scan Root Regions
[0.273s][info][gc,marking  ] GC(9) Concurrent Scan Root Regions 2.231ms
[0.273s][info][gc,marking  ] GC(9) Concurrent Mark
[0.273s][info][gc,marking  ] GC(9) Concurrent Mark From Roots
[0.273s][info][gc,task     ] GC(9) Using 3 workers of 3 for marking
[0.275s][info][gc,start    ] GC(10) Pause Young (Normal) (G1 Evacuation Pause)
[0.275s][info][gc,task     ] GC(10) Using 8 workers of 13 for evacuation
[0.284s][info][gc,phases   ] GC(10)   Pre Evacuate Collection Set: 0.1ms
[0.284s][info][gc,phases   ] GC(10)   Merge Heap Roots: 0.2ms
[0.284s][info][gc,phases   ] GC(10)   Evacuate Collection Set: 8.8ms
[0.285s][info][gc,phases   ] GC(10)   Post Evacuate Collection Set: 0.7ms
[0.285s][info][gc,phases   ] GC(10)   Other: 0.1ms
[0.285s][info][gc,heap     ] GC(10) Eden regions: 24->0(15)
[0.285s][info][gc,heap     ] GC(10) Survivor regions: 6->4(4)
[0.285s][info][gc,heap     ] GC(10) Old regions: 226->255
[0.285s][info][gc,heap     ] GC(10) Archive regions: 0->0
[0.285s][info][gc,heap     ] GC(10) Humongous regions: 1->1
[0.285s][info][gc,metaspace] GC(10) Metaspace: 8316K(8512K)->8316K(8512K) NonClass: 7544K(7616K)->7544K(7616K) Class: 771K(896K)->771K(896K)
[0.285s][info][gc          ] GC(10) Pause Young (Normal) (G1 Evacuation Pause) 256M->260M(347M) 9.873ms
[0.285s][info][gc,cpu      ] GC(10) User=0.04s Sys=0.03s Real=0.01s
[0.288s][info][gc,start    ] GC(11) Pause Young (Normal) (G1 Evacuation Pause)
[0.288s][info][gc,task     ] GC(11) Using 8 workers of 13 for evacuation
[0.296s][info][gc,phases   ] GC(11)   Pre Evacuate Collection Set: 0.2ms
[0.296s][info][gc,phases   ] GC(11)   Merge Heap Roots: 0.3ms
[0.296s][info][gc,phases   ] GC(11)   Evacuate Collection Set: 6.3ms
[0.296s][info][gc,phases   ] GC(11)   Post Evacuate Collection Set: 1.6ms
[0.296s][info][gc,phases   ] GC(11)   Other: 0.1ms
[0.296s][info][gc,heap     ] GC(11) Eden regions: 15->0(86)
[0.296s][info][gc,heap     ] GC(11) Survivor regions: 4->3(3)
[0.296s][info][gc,heap     ] GC(11) Old regions: 255->274
[0.296s][info][gc,heap     ] GC(11) Archive regions: 0->0
[0.296s][info][gc,heap     ] GC(11) Humongous regions: 1->1
[0.296s][info][gc,metaspace] GC(11) Metaspace: 8316K(8512K)->8316K(8512K) NonClass: 7544K(7616K)->7544K(7616K) Class: 771K(896K)->771K(896K)
[0.296s][info][gc          ] GC(11) Pause Young (Normal) (G1 Evacuation Pause) 275M->278M(618M) 8.505ms
[0.296s][info][gc,cpu      ] GC(11) User=0.03s Sys=0.02s Real=0.01s
[0.299s][info][gc,marking  ] GC(9) Concurrent Mark From Roots 26.042ms
[0.299s][info][gc,marking  ] GC(9) Concurrent Preclean
[0.299s][info][gc,marking  ] GC(9) Concurrent Preclean 0.039ms
[0.299s][info][gc,start    ] GC(9) Pause Remark
[0.301s][info][gc          ] GC(9) Pause Remark 288M->288M(618M) 1.457ms
[0.301s][info][gc,cpu      ] GC(9) User=0.00s Sys=0.00s Real=0.00s
[0.301s][info][gc,marking  ] GC(9) Concurrent Mark 27.979ms
[0.301s][info][gc,marking  ] GC(9) Concurrent Rebuild Remembered Sets
[0.307s][info][gc,marking  ] GC(9) Concurrent Rebuild Remembered Sets 6.693ms
[0.308s][info][gc,start    ] GC(9) Pause Cleanup
Mixed GC count target: 8
[0.308s][info][gc          ] GC(9) Pause Cleanup 316M->316M(618M) 0.166ms
[0.308s][info][gc,cpu      ] GC(9) User=0.00s Sys=0.00s Real=0.00s
[0.308s][info][gc,marking  ] GC(9) Concurrent Cleanup for Next Mark
[0.309s][info][gc,marking  ] GC(9) Concurrent Cleanup for Next Mark 1.292ms
[0.309s][info][gc          ] GC(9) Concurrent Mark Cycle 38.956ms
[0.323s][info][gc,start    ] GC(12) Pause Young (Prepare Mixed) (G1 Evacuation Pause)
[0.325s][info][gc,task     ] GC(12) Using 13 workers of 13 for evacuation
Mixed GC count target: 8
[0.359s][info][gc,phases   ] GC(12)   Pre Evacuate Collection Set: 0.3ms
[0.359s][info][gc,phases   ] GC(12)   Merge Heap Roots: 0.3ms
[0.359s][info][gc,phases   ] GC(12)   Evacuate Collection Set: 32.7ms
[0.359s][info][gc,phases   ] GC(12)   Post Evacuate Collection Set: 0.7ms
[0.359s][info][gc,phases   ] GC(12)   Other: 1.6ms
[0.359s][info][gc,heap     ] GC(12) Eden regions: 86->0(18)
[0.359s][info][gc,heap     ] GC(12) Survivor regions: 3->12(12)
[0.359s][info][gc,heap     ] GC(12) Old regions: 274->355
[0.359s][info][gc,heap     ] GC(12) Archive regions: 0->0
[0.359s][info][gc,heap     ] GC(12) Humongous regions: 3->3
[0.359s][info][gc,metaspace] GC(12) Metaspace: 8316K(8512K)->8316K(8512K) NonClass: 7544K(7616K)->7544K(7616K) Class: 771K(896K)->771K(896K)
[0.359s][info][gc          ] GC(12) Pause Young (Prepare Mixed) (G1 Evacuation Pause) 366M->369M(618M) 35.596ms
[0.359s][info][gc,cpu      ] GC(12) User=0.28s Sys=0.15s Real=0.04s
[0.362s][info][gc,start    ] GC(13) Pause Young (Mixed) (G1 Evacuation Pause)
[0.362s][info][gc,task     ] GC(13) Using 13 workers of 13 for evacuation
Mixed GC count target: 8
Old CSet region threshold percent: 10
[0.370s][info][gc,phases   ] GC(13)   Pre Evacuate Collection Set: 0.2ms
[0.370s][info][gc,phases   ] GC(13)   Merge Heap Roots: 0.3ms
[0.370s][info][gc,phases   ] GC(13)   Evacuate Collection Set: 6.8ms
[0.370s][info][gc,phases   ] GC(13)   Post Evacuate Collection Set: 0.7ms
[0.370s][info][gc,phases   ] GC(13)   Other: 0.1ms
[0.370s][info][gc,heap     ] GC(13) Eden regions: 18->0(51)
[0.370s][info][gc,heap     ] GC(13) Survivor regions: 12->4(4)
[0.370s][info][gc,heap     ] GC(13) Old regions: 355->383
[0.370s][info][gc,heap     ] GC(13) Archive regions: 0->0
[0.370s][info][gc,heap     ] GC(13) Humongous regions: 3->3
[0.370s][info][gc,metaspace] GC(13) Metaspace: 8316K(8512K)->8316K(8512K) NonClass: 7544K(7616K)->7544K(7616K) Class: 771K(896K)->771K(896K)
[0.370s][info][gc          ] GC(13) Pause Young (Mixed) (G1 Evacuation Pause) 387M->389M(618M) 8.144ms
[0.370s][info][gc,cpu      ] GC(13) User=0.08s Sys=0.00s Real=0.01s
[0.375s][info][gc,start    ] GC(14) Pause Young (Concurrent Start) (G1 Evacuation Pause)
[0.375s][info][gc,task     ] GC(14) Using 13 workers of 13 for evacuation
[0.398s][info][gc,phases   ] GC(14)   Pre Evacuate Collection Set: 0.2ms
[0.398s][info][gc,phases   ] GC(14)   Merge Heap Roots: 0.2ms
[0.398s][info][gc,phases   ] GC(14)   Evacuate Collection Set: 20.9ms
[0.398s][info][gc,phases   ] GC(14)   Post Evacuate Collection Set: 1.1ms
[0.398s][info][gc,phases   ] GC(14)   Other: 0.1ms
[0.398s][info][gc,heap     ] GC(14) Eden regions: 51->0(33)
[0.398s][info][gc,heap     ] GC(14) Survivor regions: 4->7(7)
[0.398s][info][gc,heap     ] GC(14) Old regions: 383->436
[0.398s][info][gc,heap     ] GC(14) Archive regions: 0->0
[0.398s][info][gc,heap     ] GC(14) Humongous regions: 3->3
[0.398s][info][gc,metaspace] GC(14) Metaspace: 8316K(8512K)->8316K(8512K) NonClass: 7544K(7616K)->7544K(7616K) Class: 771K(896K)->771K(896K)
[0.398s][info][gc          ] GC(14) Pause Young (Concurrent Start) (G1 Evacuation Pause) 440M->445M(618M) 22.696ms
[0.398s][info][gc,cpu      ] GC(14) User=0.15s Sys=0.11s Real=0.03s
[0.398s][info][gc          ] GC(15) Concurrent Mark Cycle
[0.398s][info][gc,marking  ] GC(15) Concurrent Clear Claimed Marks
[0.398s][info][gc,marking  ] GC(15) Concurrent Clear Claimed Marks 0.018ms
[0.398s][info][gc,marking  ] GC(15) Concurrent Scan Root Regions
[0.400s][info][gc,marking  ] GC(15) Concurrent Scan Root Regions 1.964ms
[0.400s][info][gc,marking  ] GC(15) Concurrent Mark
[0.400s][info][gc,marking  ] GC(15) Concurrent Mark From Roots
[0.400s][info][gc,task     ] GC(15) Using 3 workers of 3 for marking
[0.403s][info][gc,start    ] GC(16) Pause Young (Normal) (G1 Evacuation Pause)
[0.403s][info][gc,task     ] GC(16) Using 13 workers of 13 for evacuation
[0.419s][info][gc,phases   ] GC(16)   Pre Evacuate Collection Set: 0.4ms
[0.419s][info][gc,phases   ] GC(16)   Merge Heap Roots: 0.2ms
[0.419s][info][gc,phases   ] GC(16)   Evacuate Collection Set: 14.5ms
[0.419s][info][gc,phases   ] GC(16)   Post Evacuate Collection Set: 0.6ms
[0.419s][info][gc,phases   ] GC(16)   Other: 0.1ms
[0.419s][info][gc,heap     ] GC(16) Eden regions: 33->0(25)
[0.419s][info][gc,heap     ] GC(16) Survivor regions: 7->5(5)
[0.419s][info][gc,heap     ] GC(16) Old regions: 436->475
[0.419s][info][gc,heap     ] GC(16) Archive regions: 0->0
[0.419s][info][gc,heap     ] GC(16) Humongous regions: 3->3
[0.419s][info][gc,metaspace] GC(16) Metaspace: 8316K(8512K)->8316K(8512K) NonClass: 7544K(7616K)->7544K(7616K) Class: 771K(896K)->771K(896K)
[0.419s][info][gc          ] GC(16) Pause Young (Normal) (G1 Evacuation Pause) 478M->482M(618M) 15.854ms
[0.419s][info][gc,cpu      ] GC(16) User=0.02s Sys=0.15s Real=0.02s
[0.424s][info][gc,start    ] GC(17) Pause Young (Normal) (G1 Evacuation Pause)
[0.424s][info][gc,task     ] GC(17) Using 13 workers of 13 for evacuation
[0.437s][info][gc,phases   ] GC(17)   Pre Evacuate Collection Set: 0.2ms
[0.437s][info][gc,phases   ] GC(17)   Merge Heap Roots: 0.2ms
[0.437s][info][gc,phases   ] GC(17)   Evacuate Collection Set: 11.3ms
[0.437s][info][gc,phases   ] GC(17)   Post Evacuate Collection Set: 1.1ms
[0.437s][info][gc,phases   ] GC(17)   Other: 0.1ms
[0.437s][info][gc,heap     ] GC(17) Eden regions: 25->0(58)
[0.437s][info][gc,heap     ] GC(17) Survivor regions: 5->4(4)
[0.437s][info][gc,heap     ] GC(17) Old regions: 475->505
[0.437s][info][gc,heap     ] GC(17) Archive regions: 0->0
[0.437s][info][gc,heap     ] GC(17) Humongous regions: 3->3
[0.437s][info][gc,metaspace] GC(17) Metaspace: 8316K(8512K)->8316K(8512K) NonClass: 7544K(7616K)->7544K(7616K) Class: 771K(896K)->771K(896K)
[0.437s][info][gc          ] GC(17) Pause Young (Normal) (G1 Evacuation Pause) 507M->512M(781M) 12.966ms
[0.437s][info][gc,cpu      ] GC(17) User=0.05s Sys=0.09s Real=0.02s
[0.440s][info][gc,marking  ] GC(15) Concurrent Mark From Roots 40.251ms
[0.440s][info][gc,marking  ] GC(15) Concurrent Preclean
[0.440s][info][gc,marking  ] GC(15) Concurrent Preclean 0.050ms
[0.440s][info][gc,start    ] GC(15) Pause Remark
[0.442s][info][gc          ] GC(15) Pause Remark 525M->487M(814M) 1.572ms
[0.442s][info][gc,cpu      ] GC(15) User=0.00s Sys=0.00s Real=0.00s
[0.442s][info][gc,marking  ] GC(15) Concurrent Mark 42.260ms
[0.442s][info][gc,marking  ] GC(15) Concurrent Rebuild Remembered Sets
[0.452s][info][gc,marking  ] GC(15) Concurrent Rebuild Remembered Sets 10.054ms
[0.453s][info][gc,start    ] GC(15) Pause Cleanup
Mixed GC count target: 7
[0.453s][info][gc          ] GC(15) Pause Cleanup 528M->528M(814M) 0.340ms
[0.453s][info][gc,cpu      ] GC(15) User=0.00s Sys=0.00s Real=0.00s
[0.453s][info][gc,marking  ] GC(15) Concurrent Cleanup for Next Mark
[0.455s][info][gc,marking  ] GC(15) Concurrent Cleanup for Next Mark 1.436ms
[0.455s][info][gc,start    ] GC(18) Pause Young (Prepare Mixed) (G1 Evacuation Pause)
[0.455s][info][gc,task     ] GC(18) Using 13 workers of 13 for evacuation
Mixed GC count target: 6
[0.473s][info][gc,phases   ] GC(18)   Pre Evacuate Collection Set: 0.2ms
[0.473s][info][gc,phases   ] GC(18)   Merge Heap Roots: 0.2ms
[0.473s][info][gc,phases   ] GC(18)   Evacuate Collection Set: 17.4ms
[0.473s][info][gc,phases   ] GC(18)   Post Evacuate Collection Set: 0.6ms
[0.473s][info][gc,phases   ] GC(18)   Other: 0.1ms
[0.473s][info][gc,heap     ] GC(18) Eden regions: 58->0(32)
[0.473s][info][gc,heap     ] GC(18) Survivor regions: 4->8(8)
[0.473s][info][gc,heap     ] GC(18) Old regions: 468->525
[0.473s][info][gc,heap     ] GC(18) Archive regions: 0->0
[0.473s][info][gc,heap     ] GC(18) Humongous regions: 2->2
[0.473s][info][gc,metaspace] GC(18) Metaspace: 8316K(8512K)->8316K(8512K) NonClass: 7544K(7616K)->7544K(7616K) Class: 771K(896K)->771K(896K)
[0.473s][info][gc          ] GC(18) Pause Young (Prepare Mixed) (G1 Evacuation Pause) 532M->534M(814M) 18.585ms
[0.473s][info][gc,cpu      ] GC(18) User=0.07s Sys=0.14s Real=0.02s
[0.473s][info][gc          ] GC(15) Concurrent Mark Cycle 75.570ms
[0.477s][info][gc,start    ] GC(19) Pause Young (Mixed) (G1 Evacuation Pause)
[0.477s][info][gc,task     ] GC(19) Using 13 workers of 13 for evacuation
Mixed GC count target: 5
Old CSet region threshold percent: 15
[0.483s][info][gc,phases   ] GC(19)   Pre Evacuate Collection Set: 0.2ms
[0.483s][info][gc,phases   ] GC(19)   Merge Heap Roots: 0.2ms
[0.483s][info][gc,phases   ] GC(19)   Evacuate Collection Set: 5.4ms
[0.483s][info][gc,phases   ] GC(19)   Post Evacuate Collection Set: 0.5ms
[0.483s][info][gc,phases   ] GC(19)   Other: 0.1ms
[0.483s][info][gc,heap     ] GC(19) Eden regions: 32->0(55)
[0.483s][info][gc,heap     ] GC(19) Survivor regions: 8->5(5)
[0.483s][info][gc,heap     ] GC(19) Old regions: 525->546
[0.483s][info][gc,heap     ] GC(19) Archive regions: 0->0
[0.483s][info][gc,heap     ] GC(19) Humongous regions: 2->2
[0.483s][info][gc,metaspace] GC(19) Metaspace: 8316K(8512K)->8316K(8512K) NonClass: 7544K(7616K)->7544K(7616K) Class: 771K(896K)->771K(896K)
[0.483s][info][gc          ] GC(19) Pause Young (Mixed) (G1 Evacuation Pause) 566M->552M(814M) 6.421ms
[0.483s][info][gc,cpu      ] GC(19) User=0.04s Sys=0.03s Real=0.00s
[0.489s][info][gc,start    ] GC(20) Pause Young (Concurrent Start) (G1 Evacuation Pause)
[0.489s][info][gc,task     ] GC(20) Using 13 workers of 13 for evacuation
[0.501s][info][gc,phases   ] GC(20)   Pre Evacuate Collection Set: 0.2ms
[0.501s][info][gc,phases   ] GC(20)   Merge Heap Roots: 0.2ms
[0.501s][info][gc,phases   ] GC(20)   Evacuate Collection Set: 10.6ms
[0.501s][info][gc,phases   ] GC(20)   Post Evacuate Collection Set: 0.5ms
[0.501s][info][gc,phases   ] GC(20)   Other: 0.1ms
[0.501s][info][gc,heap     ] GC(20) Eden regions: 55->0(37)
[0.501s][info][gc,heap     ] GC(20) Survivor regions: 5->8(8)
[0.501s][info][gc,heap     ] GC(20) Old regions: 546->600
[0.501s][info][gc,heap     ] GC(20) Archive regions: 0->0
[0.501s][info][gc,heap     ] GC(20) Humongous regions: 2->2
[0.501s][info][gc,metaspace] GC(20) Metaspace: 8316K(8512K)->8316K(8512K) NonClass: 7544K(7616K)->7544K(7616K) Class: 771K(896K)->771K(896K)
[0.501s][info][gc          ] GC(20) Pause Young (Concurrent Start) (G1 Evacuation Pause) 607M->610M(814M) 11.784ms
[0.501s][info][gc,cpu      ] GC(20) User=0.13s Sys=0.00s Real=0.01s
[0.501s][info][gc          ] GC(21) Concurrent Mark Cycle
[0.501s][info][gc,marking  ] GC(21) Concurrent Clear Claimed Marks
[0.501s][info][gc,marking  ] GC(21) Concurrent Clear Claimed Marks 0.017ms
[0.501s][info][gc,marking  ] GC(21) Concurrent Scan Root Regions
[0.503s][info][gc,marking  ] GC(21) Concurrent Scan Root Regions 2.127ms
[0.503s][info][gc,marking  ] GC(21) Concurrent Mark
[0.503s][info][gc,marking  ] GC(21) Concurrent Mark From Roots
[0.503s][info][gc,task     ] GC(21) Using 3 workers of 3 for marking
[0.508s][info][gc,start    ] GC(22) Pause Young (Normal) (G1 Evacuation Pause)
[0.508s][info][gc,task     ] GC(22) Using 13 workers of 13 for evacuation
[0.525s][info][gc,phases   ] GC(22)   Pre Evacuate Collection Set: 0.2ms
[0.525s][info][gc,phases   ] GC(22)   Merge Heap Roots: 0.2ms
[0.525s][info][gc,phases   ] GC(22)   Evacuate Collection Set: 15.6ms
[0.525s][info][gc,phases   ] GC(22)   Post Evacuate Collection Set: 0.7ms
[0.525s][info][gc,phases   ] GC(22)   Other: 0.1ms
[0.525s][info][gc,heap     ] GC(22) Eden regions: 37->0(34)
[0.525s][info][gc,heap     ] GC(22) Survivor regions: 8->6(6)
[0.525s][info][gc,heap     ] GC(22) Old regions: 600->644
[0.525s][info][gc,heap     ] GC(22) Archive regions: 0->0
[0.525s][info][gc,heap     ] GC(22) Humongous regions: 2->2
[0.525s][info][gc,metaspace] GC(22) Metaspace: 8316K(8512K)->8316K(8512K) NonClass: 7544K(7616K)->7544K(7616K) Class: 771K(896K)->771K(896K)
[0.525s][info][gc          ] GC(22) Pause Young (Normal) (G1 Evacuation Pause) 647M->651M(814M) 16.830ms
[0.525s][info][gc,cpu      ] GC(22) User=0.06s Sys=0.13s Real=0.01s
[0.533s][info][gc,start    ] GC(23) Pause Young (Normal) (G1 Evacuation Pause)
[0.533s][info][gc,task     ] GC(23) Using 13 workers of 13 for evacuation
[0.552s][info][gc,phases   ] GC(23)   Pre Evacuate Collection Set: 0.2ms
[0.552s][info][gc,phases   ] GC(23)   Merge Heap Roots: 0.2ms
[0.552s][info][gc,phases   ] GC(23)   Evacuate Collection Set: 17.4ms
[0.552s][info][gc,phases   ] GC(23)   Post Evacuate Collection Set: 0.9ms
[0.552s][info][gc,phases   ] GC(23)   Other: 0.2ms
[0.552s][info][gc,heap     ] GC(23) Eden regions: 34->0(39)
[0.552s][info][gc,heap     ] GC(23) Survivor regions: 6->5(5)
[0.552s][info][gc,heap     ] GC(23) Old regions: 644->683
[0.552s][info][gc,heap     ] GC(23) Archive regions: 0->0
[0.552s][info][gc,heap     ] GC(23) Humongous regions: 2->2
[0.552s][info][gc,metaspace] GC(23) Metaspace: 8316K(8512K)->8316K(8512K) NonClass: 7544K(7616K)->7544K(7616K) Class: 771K(896K)->771K(896K)
[0.552s][info][gc          ] GC(23) Pause Young (Normal) (G1 Evacuation Pause) 685M->690M(898M) 18.938ms
[0.552s][info][gc,cpu      ] GC(23) User=0.06s Sys=0.15s Real=0.02s
[0.554s][info][gc,marking  ] GC(21) Concurrent Mark From Roots 51.364ms
[0.554s][info][gc,marking  ] GC(21) Concurrent Preclean
[0.554s][info][gc,marking  ] GC(21) Concurrent Preclean 0.070ms
[0.555s][info][gc,start    ] GC(21) Pause Remark
[0.556s][info][gc          ] GC(21) Pause Remark 698M->612M(1022M) 1.745ms
[0.556s][info][gc,cpu      ] GC(21) User=0.00s Sys=0.00s Real=0.01s
[0.556s][info][gc,marking  ] GC(21) Concurrent Mark 53.495ms
[0.557s][info][gc,marking  ] GC(21) Concurrent Rebuild Remembered Sets
[0.565s][info][gc,start    ] GC(24) Pause Young (Normal) (G1 Evacuation Pause)
[0.565s][info][gc,task     ] GC(24) Using 13 workers of 13 for evacuation
[0.577s][info][gc,phases   ] GC(24)   Pre Evacuate Collection Set: 0.2ms
[0.578s][info][gc,phases   ] GC(24)   Merge Heap Roots: 0.2ms
[0.578s][info][gc,phases   ] GC(24)   Evacuate Collection Set: 11.8ms
[0.578s][info][gc,phases   ] GC(24)   Post Evacuate Collection Set: 0.5ms
[0.578s][info][gc,phases   ] GC(24)   Other: 0.1ms
[0.578s][info][gc,heap     ] GC(24) Eden regions: 39->0(84)
[0.578s][info][gc,heap     ] GC(24) Survivor regions: 5->6(6)
[0.578s][info][gc,heap     ] GC(24) Old regions: 597->639
[0.578s][info][gc,heap     ] GC(24) Archive regions: 0->0
[0.578s][info][gc,heap     ] GC(24) Humongous regions: 2->2
[0.578s][info][gc,metaspace] GC(24) Metaspace: 8316K(8512K)->8316K(8512K) NonClass: 7544K(7616K)->7544K(7616K) Class: 771K(896K)->771K(896K)
[0.578s][info][gc          ] GC(24) Pause Young (Normal) (G1 Evacuation Pause) 643M->647M(1022M) 12.823ms
[0.578s][info][gc,cpu      ] GC(24) User=0.10s Sys=0.05s Real=0.02s
[0.583s][info][gc,marking  ] GC(21) Concurrent Rebuild Remembered Sets 26.072ms
[0.583s][info][gc,start    ] GC(21) Pause Cleanup
Mixed GC count target: 1
[0.583s][info][gc          ] GC(21) Pause Cleanup 679M->679M(1022M) 0.419ms
[0.584s][info][gc,cpu      ] GC(21) User=0.00s Sys=0.00s Real=0.00s
[0.584s][info][gc,marking  ] GC(21) Concurrent Cleanup for Next Mark
[0.586s][info][gc,marking  ] GC(21) Concurrent Cleanup for Next Mark 2.090ms
[0.586s][info][gc          ] GC(21) Concurrent Mark Cycle 85.174ms
[0.600s][info][gc,start    ] GC(25) Pause Young (Prepare Mixed) (G1 Evacuation Pause)
[0.600s][info][gc,task     ] GC(25) Using 13 workers of 13 for evacuation
Mixed GC count target: 1
[0.633s][info][gc,phases   ] GC(25)   Pre Evacuate Collection Set: 0.2ms
[0.633s][info][gc,phases   ] GC(25)   Merge Heap Roots: 0.2ms
[0.633s][info][gc,phases   ] GC(25)   Evacuate Collection Set: 31.8ms
[0.633s][info][gc,phases   ] GC(25)   Post Evacuate Collection Set: 0.5ms
[0.633s][info][gc,phases   ] GC(25)   Other: 0.2ms
[0.633s][info][gc,heap     ] GC(25) Eden regions: 84->0(39)
[0.633s][info][gc,heap     ] GC(25) Survivor regions: 6->12(12)
[0.633s][info][gc,heap     ] GC(25) Old regions: 639->722
[0.633s][info][gc,heap     ] GC(25) Archive regions: 0->0
[0.633s][info][gc,heap     ] GC(25) Humongous regions: 2->2
[0.633s][info][gc,metaspace] GC(25) Metaspace: 8316K(8512K)->8316K(8512K) NonClass: 7544K(7616K)->7544K(7616K) Class: 771K(896K)->771K(896K)
[0.633s][info][gc          ] GC(25) Pause Young (Prepare Mixed) (G1 Evacuation Pause) 731M->736M(1022M) 32.921ms
[0.633s][info][gc,cpu      ] GC(25) User=0.20s Sys=0.20s Real=0.03s
[0.638s][info][gc,start    ] GC(26) Pause Young (Mixed) (G1 Evacuation Pause)
[0.638s][info][gc,task     ] GC(26) Using 13 workers of 13 for evacuation
Mixed GC count target: 1
Old CSet region threshold percent: 100
[0.669s][info][gc,phases   ] GC(26)   Pre Evacuate Collection Set: 0.3ms
[0.669s][info][gc,phases   ] GC(26)   Merge Heap Roots: 0.2ms
[0.669s][info][gc,phases   ] GC(26)   Evacuate Collection Set: 29.7ms
[0.669s][info][gc,phases   ] GC(26)   Post Evacuate Collection Set: 0.6ms
[0.669s][info][gc,phases   ] GC(26)   Other: 0.1ms
[0.669s][info][gc,heap     ] GC(26) Eden regions: 39->0(92)
[0.669s][info][gc,heap     ] GC(26) Survivor regions: 12->7(7)
[0.669s][info][gc,heap     ] GC(26) Old regions: 722->611
[0.669s][info][gc,heap     ] GC(26) Archive regions: 0->0
[0.669s][info][gc,heap     ] GC(26) Humongous regions: 2->2
[0.669s][info][gc,metaspace] GC(26) Metaspace: 8316K(8512K)->8316K(8512K) NonClass: 7544K(7616K)->7544K(7616K) Class: 771K(896K)->771K(896K)
[0.669s][info][gc          ] GC(26) Pause Young (Mixed) (G1 Evacuation Pause) 775M->620M(1022M) 30.929ms
[0.669s][info][gc,cpu      ] GC(26) User=0.24s Sys=0.14s Real=0.03s
[0.681s][info][gc,start    ] GC(27) Pause Young (Concurrent Start) (G1 Evacuation Pause)
[0.681s][info][gc,task     ] GC(27) Using 13 workers of 13 for evacuation
[0.705s][info][gc,phases   ] GC(27)   Pre Evacuate Collection Set: 0.2ms
[0.705s][info][gc,phases   ] GC(27)   Merge Heap Roots: 0.2ms
[0.705s][info][gc,phases   ] GC(27)   Evacuate Collection Set: 22.2ms
[0.705s][info][gc,phases   ] GC(27)   Post Evacuate Collection Set: 0.6ms
[0.705s][info][gc,phases   ] GC(27)   Other: 0.1ms
[0.705s][info][gc,heap     ] GC(27) Eden regions: 92->0(62)
[0.705s][info][gc,heap     ] GC(27) Survivor regions: 7->13(13)
[0.705s][info][gc,heap     ] GC(27) Old regions: 611->701
[0.705s][info][gc,heap     ] GC(27) Archive regions: 0->0
[0.705s][info][gc,heap     ] GC(27) Humongous regions: 2->2
[0.705s][info][gc,metaspace] GC(27) Metaspace: 8316K(8512K)->8316K(8512K) NonClass: 7544K(7616K)->7544K(7616K) Class: 771K(896K)->771K(896K)
[0.705s][info][gc          ] GC(27) Pause Young (Concurrent Start) (G1 Evacuation Pause) 712M->716M(1022M) 23.361ms
[0.705s][info][gc,cpu      ] GC(27) User=0.16s Sys=0.13s Real=0.02s
[0.705s][info][gc          ] GC(28) Concurrent Mark Cycle
[0.705s][info][gc,marking  ] GC(28) Concurrent Clear Claimed Marks
[0.705s][info][gc,marking  ] GC(28) Concurrent Clear Claimed Marks 0.029ms
[0.705s][info][gc,marking  ] GC(28) Concurrent Scan Root Regions
[0.709s][info][gc,marking  ] GC(28) Concurrent Scan Root Regions 3.789ms
[0.709s][info][gc,marking  ] GC(28) Concurrent Mark
[0.709s][info][gc,marking  ] GC(28) Concurrent Mark From Roots
[0.709s][info][gc,task     ] GC(28) Using 3 workers of 3 for marking
[0.717s][info][gc,start    ] GC(29) Pause Young (Normal) (G1 Evacuation Pause)
[0.717s][info][gc,task     ] GC(29) Using 13 workers of 13 for evacuation
[0.729s][info][gc,phases   ] GC(29)   Pre Evacuate Collection Set: 0.2ms
[0.729s][info][gc,phases   ] GC(29)   Merge Heap Roots: 0.2ms
[0.729s][info][gc,phases   ] GC(29)   Evacuate Collection Set: 10.3ms
[0.729s][info][gc,phases   ] GC(29)   Post Evacuate Collection Set: 0.5ms
[0.729s][info][gc,phases   ] GC(29)   Other: 0.1ms
[0.729s][info][gc,heap     ] GC(29) Eden regions: 62->0(42)
[0.729s][info][gc,heap     ] GC(29) Survivor regions: 13->10(10)
[0.729s][info][gc,heap     ] GC(29) Old regions: 701->769
[0.729s][info][gc,heap     ] GC(29) Archive regions: 0->0
[0.729s][info][gc,heap     ] GC(29) Humongous regions: 2->2
[0.729s][info][gc,metaspace] GC(29) Metaspace: 8316K(8512K)->8316K(8512K) NonClass: 7544K(7616K)->7544K(7616K) Class: 771K(896K)->771K(896K)
[0.729s][info][gc          ] GC(29) Pause Young (Normal) (G1 Evacuation Pause) 778M->780M(1023M) 11.298ms
[0.729s][info][gc,cpu      ] GC(29) User=0.13s Sys=0.00s Real=0.01s
[0.735s][info][gc,marking  ] GC(28) Concurrent Mark From Roots 25.914ms
[0.735s][info][gc,marking  ] GC(28) Concurrent Preclean
[0.735s][info][gc,marking  ] GC(28) Concurrent Preclean 0.055ms
[0.735s][info][gc,start    ] GC(28) Pause Remark
[0.736s][info][gc          ] GC(28) Pause Remark 811M->699M(1024M) 1.263ms
[0.736s][info][gc,cpu      ] GC(28) User=0.00s Sys=0.00s Real=0.01s
[0.736s][info][gc,marking  ] GC(28) Concurrent Mark 27.425ms
[0.736s][info][gc,marking  ] GC(28) Concurrent Rebuild Remembered Sets
[0.738s][info][gc,start    ] GC(30) Pause Young (Normal) (G1 Evacuation Pause)
[0.738s][info][gc,task     ] GC(30) Using 13 workers of 13 for evacuation
[0.746s][info][gc,phases   ] GC(30)   Pre Evacuate Collection Set: 0.2ms
[0.746s][info][gc,phases   ] GC(30)   Merge Heap Roots: 0.2ms
[0.746s][info][gc,phases   ] GC(30)   Evacuate Collection Set: 6.9ms
[0.746s][info][gc,phases   ] GC(30)   Post Evacuate Collection Set: 0.5ms
[0.746s][info][gc,phases   ] GC(30)   Other: 0.1ms
[0.746s][info][gc,heap     ] GC(30) Eden regions: 42->0(64)
[0.746s][info][gc,heap     ] GC(30) Survivor regions: 10->7(7)
[0.746s][info][gc,heap     ] GC(30) Old regions: 657->705
[0.746s][info][gc,heap     ] GC(30) Archive regions: 0->0
[0.746s][info][gc,heap     ] GC(30) Humongous regions: 2->2
[0.746s][info][gc,metaspace] GC(30) Metaspace: 8316K(8512K)->8316K(8512K) NonClass: 7544K(7616K)->7544K(7616K) Class: 771K(896K)->771K(896K)
[0.746s][info][gc          ] GC(30) Pause Young (Normal) (G1 Evacuation Pause) 710M->713M(1024M) 7.902ms
[0.746s][info][gc,cpu      ] GC(30) User=0.05s Sys=0.04s Real=0.01s
[0.757s][info][gc,start    ] GC(31) Pause Young (Normal) (G1 Evacuation Pause)
[0.757s][info][gc,task     ] GC(31) Using 13 workers of 13 for evacuation
[0.768s][info][gc,phases   ] GC(31)   Pre Evacuate Collection Set: 0.2ms
[0.768s][info][gc,phases   ] GC(31)   Merge Heap Roots: 0.2ms
[0.768s][info][gc,phases   ] GC(31)   Evacuate Collection Set: 10.0ms
[0.768s][info][gc,phases   ] GC(31)   Post Evacuate Collection Set: 0.5ms
[0.768s][info][gc,phases   ] GC(31)   Other: 0.1ms
[0.768s][info][gc,heap     ] GC(31) Eden regions: 64->0(42)
[0.768s][info][gc,heap     ] GC(31) Survivor regions: 7->9(9)
[0.768s][info][gc,heap     ] GC(31) Old regions: 705->770
[0.768s][info][gc,heap     ] GC(31) Archive regions: 0->0
[0.768s][info][gc,heap     ] GC(31) Humongous regions: 3->3
[0.768s][info][gc,metaspace] GC(31) Metaspace: 8316K(8512K)->8316K(8512K) NonClass: 7544K(7616K)->7544K(7616K) Class: 771K(896K)->771K(896K)
[0.768s][info][gc          ] GC(31) Pause Young (Normal) (G1 Evacuation Pause) 778M->782M(1024M) 11.065ms
[0.768s][info][gc,cpu      ] GC(31) User=0.13s Sys=0.00s Real=0.01s
[0.772s][info][gc,marking  ] GC(28) Concurrent Rebuild Remembered Sets 36.262ms
[0.773s][info][gc,start    ] GC(28) Pause Cleanup
Mixed GC count target: 1
[0.773s][info][gc          ] GC(28) Pause Cleanup 809M->809M(1024M) 0.290ms
[0.773s][info][gc,cpu      ] GC(28) User=0.00s Sys=0.01s Real=0.00s
[0.773s][info][gc,marking  ] GC(28) Concurrent Cleanup for Next Mark
[0.774s][info][gc,marking  ] GC(28) Concurrent Cleanup for Next Mark 1.387ms
[0.774s][info][gc          ] GC(28) Concurrent Mark Cycle 69.617ms
[0.776s][info][gc,start    ] GC(32) Pause Young (Prepare Mixed) (G1 Evacuation Pause)
[0.776s][info][gc,task     ] GC(32) Using 13 workers of 13 for evacuation
Mixed GC count target: 1
[0.783s][info][gc,phases   ] GC(32)   Pre Evacuate Collection Set: 0.2ms
[0.783s][info][gc,phases   ] GC(32)   Merge Heap Roots: 0.2ms
[0.783s][info][gc,phases   ] GC(32)   Evacuate Collection Set: 6.7ms
[0.783s][info][gc,phases   ] GC(32)   Post Evacuate Collection Set: 0.5ms
[0.783s][info][gc,phases   ] GC(32)   Other: 0.1ms
[0.783s][info][gc,heap     ] GC(32) Eden regions: 42->0(44)
[0.783s][info][gc,heap     ] GC(32) Survivor regions: 9->7(7)
[0.783s][info][gc,heap     ] GC(32) Old regions: 770->817
[0.783s][info][gc,heap     ] GC(32) Archive regions: 0->0
[0.783s][info][gc,heap     ] GC(32) Humongous regions: 3->3
[0.783s][info][gc,metaspace] GC(32) Metaspace: 8316K(8512K)->8316K(8512K) NonClass: 7544K(7616K)->7544K(7616K) Class: 771K(896K)->771K(896K)
[0.783s][info][gc          ] GC(32) Pause Young (Prepare Mixed) (G1 Evacuation Pause) 824M->827M(1024M) 7.697ms
[0.783s][info][gc,cpu      ] GC(32) User=0.05s Sys=0.04s Real=0.01s
[0.789s][info][gc,start    ] GC(33) Pause Young (Mixed) (G1 Evacuation Pause)
[0.789s][info][gc,task     ] GC(33) Using 13 workers of 13 for evacuation
Mixed GC count target: 1
Old CSet region threshold percent: 100
[0.821s][info][gc,phases   ] GC(33)   Pre Evacuate Collection Set: 0.3ms
[0.821s][info][gc,phases   ] GC(33)   Merge Heap Roots: 0.3ms
[0.821s][info][gc,phases   ] GC(33)   Evacuate Collection Set: 31.6ms
[0.821s][info][gc,phases   ] GC(33)   Post Evacuate Collection Set: 0.6ms
[0.821s][info][gc,phases   ] GC(33)   Other: 0.1ms
[0.821s][info][gc,heap     ] GC(33) Eden regions: 44->0(58)
[0.821s][info][gc,heap     ] GC(33) Survivor regions: 7->7(7)
[0.821s][info][gc,heap     ] GC(33) Old regions: 817->723
[0.821s][info][gc,heap     ] GC(33) Archive regions: 0->0
[0.821s][info][gc,heap     ] GC(33) Humongous regions: 3->3
[0.821s][info][gc,metaspace] GC(33) Metaspace: 8316K(8512K)->8316K(8512K) NonClass: 7544K(7616K)->7544K(7616K) Class: 771K(896K)->771K(896K)
[0.821s][info][gc          ] GC(33) Pause Young (Mixed) (G1 Evacuation Pause) 871M->732M(1024M) 32.898ms
[0.821s][info][gc,cpu      ] GC(33) User=0.14s Sys=0.27s Real=0.03s
[0.829s][info][gc,start    ] GC(34) Pause Young (Concurrent Start) (G1 Evacuation Pause)
[0.829s][info][gc,task     ] GC(34) Using 13 workers of 13 for evacuation
[0.839s][info][gc,phases   ] GC(34)   Pre Evacuate Collection Set: 0.2ms
[0.839s][info][gc,phases   ] GC(34)   Merge Heap Roots: 0.2ms
[0.839s][info][gc,phases   ] GC(34)   Evacuate Collection Set: 8.8ms
[0.839s][info][gc,phases   ] GC(34)   Post Evacuate Collection Set: 0.5ms
[0.839s][info][gc,phases   ] GC(34)   Other: 0.1ms
[0.839s][info][gc,heap     ] GC(34) Eden regions: 58->0(42)
[0.839s][info][gc,heap     ] GC(34) Survivor regions: 7->9(9)
[0.839s][info][gc,heap     ] GC(34) Old regions: 723->783
[0.839s][info][gc,heap     ] GC(34) Archive regions: 0->0
[0.839s][info][gc,heap     ] GC(34) Humongous regions: 3->3
[0.839s][info][gc,metaspace] GC(34) Metaspace: 8316K(8512K)->8316K(8512K) NonClass: 7544K(7616K)->7544K(7616K) Class: 771K(896K)->771K(896K)
[0.839s][info][gc          ] GC(34) Pause Young (Concurrent Start) (G1 Evacuation Pause) 790M->794M(1024M) 9.864ms
[0.839s][info][gc,cpu      ] GC(34) User=0.11s Sys=0.01s Real=0.01s
[0.839s][info][gc          ] GC(35) Concurrent Mark Cycle
[0.839s][info][gc,marking  ] GC(35) Concurrent Clear Claimed Marks
[0.839s][info][gc,marking  ] GC(35) Concurrent Clear Claimed Marks 0.024ms
[0.839s][info][gc,marking  ] GC(35) Concurrent Scan Root Regions
[0.841s][info][gc,marking  ] GC(35) Concurrent Scan Root Regions 2.348ms
[0.842s][info][gc,marking  ] GC(35) Concurrent Mark
[0.842s][info][gc,marking  ] GC(35) Concurrent Mark From Roots
[0.842s][info][gc,task     ] GC(35) Using 3 workers of 3 for marking
[0.847s][info][gc,start    ] GC(36) Pause Young (Normal) (G1 Evacuation Pause)
[0.847s][info][gc,task     ] GC(36) Using 13 workers of 13 for evacuation
[0.855s][info][gc,phases   ] GC(36)   Pre Evacuate Collection Set: 0.2ms
[0.855s][info][gc,phases   ] GC(36)   Merge Heap Roots: 0.2ms
[0.855s][info][gc,phases   ] GC(36)   Evacuate Collection Set: 6.6ms
[0.855s][info][gc,phases   ] GC(36)   Post Evacuate Collection Set: 0.5ms
[0.855s][info][gc,phases   ] GC(36)   Other: 0.1ms
[0.855s][info][gc,heap     ] GC(36) Eden regions: 42->0(44)
[0.855s][info][gc,heap     ] GC(36) Survivor regions: 9->7(7)
[0.855s][info][gc,heap     ] GC(36) Old regions: 783->830
[0.855s][info][gc,heap     ] GC(36) Archive regions: 0->0
[0.855s][info][gc,heap     ] GC(36) Humongous regions: 3->3
[0.855s][info][gc,metaspace] GC(36) Metaspace: 8316K(8512K)->8316K(8512K) NonClass: 7544K(7616K)->7544K(7616K) Class: 771K(896K)->771K(896K)
[0.855s][info][gc          ] GC(36) Pause Young (Normal) (G1 Evacuation Pause) 836M->839M(1024M) 7.629ms
[0.855s][info][gc,cpu      ] GC(36) User=0.05s Sys=0.03s Real=0.00s
[0.863s][info][gc,start    ] GC(37) Pause Young (Normal) (G1 Evacuation Pause)
[0.863s][info][gc,task     ] GC(37) Using 13 workers of 13 for evacuation
[0.871s][info][gc,phases   ] GC(37)   Pre Evacuate Collection Set: 0.2ms
[0.871s][info][gc,phases   ] GC(37)   Merge Heap Roots: 0.2ms
[0.871s][info][gc,phases   ] GC(37)   Evacuate Collection Set: 6.9ms
[0.871s][info][gc,phases   ] GC(37)   Post Evacuate Collection Set: 0.5ms
[0.871s][info][gc,phases   ] GC(37)   Other: 0.1ms
[0.871s][info][gc,heap     ] GC(37) Eden regions: 44->0(44)
[0.871s][info][gc,heap     ] GC(37) Survivor regions: 7->7(7)
[0.871s][info][gc,heap     ] GC(37) Old regions: 830->877
[0.871s][info][gc,heap     ] GC(37) Archive regions: 0->0
[0.871s][info][gc,heap     ] GC(37) Humongous regions: 3->3
[0.871s][info][gc,metaspace] GC(37) Metaspace: 8316K(8512K)->8316K(8512K) NonClass: 7544K(7616K)->7544K(7616K) Class: 771K(896K)->771K(896K)
[0.871s][info][gc          ] GC(37) Pause Young (Normal) (G1 Evacuation Pause) 883M->886M(1024M) 7.934ms
[0.871s][info][gc,cpu      ] GC(37) User=0.09s Sys=0.00s Real=0.01s
[0.875s][info][gc,marking  ] GC(35) Concurrent Mark From Roots 33.462ms
[0.875s][info][gc,marking  ] GC(35) Concurrent Preclean
[0.875s][info][gc,marking  ] GC(35) Concurrent Preclean 0.058ms
[0.875s][info][gc,start    ] GC(35) Pause Remark
[0.876s][info][gc          ] GC(35) Pause Remark 916M->761M(1024M) 1.255ms
[0.876s][info][gc,cpu      ] GC(35) User=0.01s Sys=0.00s Real=0.01s
[0.876s][info][gc,marking  ] GC(35) Concurrent Mark 34.963ms
[0.877s][info][gc,marking  ] GC(35) Concurrent Rebuild Remembered Sets
[0.879s][info][gc,start    ] GC(38) Pause Young (Normal) (G1 Evacuation Pause)
[0.879s][info][gc,task     ] GC(38) Using 13 workers of 13 for evacuation
[0.886s][info][gc,phases   ] GC(38)   Pre Evacuate Collection Set: 0.2ms
[0.886s][info][gc,phases   ] GC(38)   Merge Heap Roots: 0.2ms
[0.886s][info][gc,phases   ] GC(38)   Evacuate Collection Set: 6.6ms
[0.886s][info][gc,phases   ] GC(38)   Post Evacuate Collection Set: 0.5ms
[0.886s][info][gc,phases   ] GC(38)   Other: 0.1ms
[0.886s][info][gc,heap     ] GC(38) Eden regions: 44->0(44)
[0.886s][info][gc,heap     ] GC(38) Survivor regions: 7->7(7)
[0.886s][info][gc,heap     ] GC(38) Old regions: 722->770
[0.886s][info][gc,heap     ] GC(38) Archive regions: 0->0
[0.886s][info][gc,heap     ] GC(38) Humongous regions: 3->3
[0.886s][info][gc,metaspace] GC(38) Metaspace: 8316K(8512K)->8316K(8512K) NonClass: 7544K(7616K)->7544K(7616K) Class: 771K(896K)->771K(896K)
[0.886s][info][gc          ] GC(38) Pause Young (Normal) (G1 Evacuation Pause) 775M->779M(1024M) 7.590ms
[0.886s][info][gc,cpu      ] GC(38) User=0.04s Sys=0.03s Real=0.01s
[0.894s][info][gc,start    ] GC(39) Pause Young (Normal) (G1 Evacuation Pause)
[0.894s][info][gc,task     ] GC(39) Using 13 workers of 13 for evacuation
[0.902s][info][gc,phases   ] GC(39)   Pre Evacuate Collection Set: 0.2ms
[0.902s][info][gc,phases   ] GC(39)   Merge Heap Roots: 0.2ms
[0.902s][info][gc,phases   ] GC(39)   Evacuate Collection Set: 7.5ms
[0.902s][info][gc,phases   ] GC(39)   Post Evacuate Collection Set: 0.5ms
[0.902s][info][gc,phases   ] GC(39)   Other: 0.1ms
[0.902s][info][gc,heap     ] GC(39) Eden regions: 44->0(44)
[0.902s][info][gc,heap     ] GC(39) Survivor regions: 7->7(7)
[0.902s][info][gc,heap     ] GC(39) Old regions: 770->817
[0.902s][info][gc,heap     ] GC(39) Archive regions: 0->0
[0.902s][info][gc,heap     ] GC(39) Humongous regions: 3->3
[0.902s][info][gc,metaspace] GC(39) Metaspace: 8316K(8512K)->8316K(8512K) NonClass: 7544K(7616K)->7544K(7616K) Class: 771K(896K)->771K(896K)
[0.902s][info][gc          ] GC(39) Pause Young (Normal) (G1 Evacuation Pause) 823M->826M(1024M) 8.560ms
[0.902s][info][gc,cpu      ] GC(39) User=0.09s Sys=0.00s Real=0.01s
[0.909s][info][gc,start    ] GC(40) Pause Young (Normal) (G1 Evacuation Pause)
[0.909s][info][gc,task     ] GC(40) Using 13 workers of 13 for evacuation
[0.917s][info][gc,phases   ] GC(40)   Pre Evacuate Collection Set: 0.2ms
[0.917s][info][gc,phases   ] GC(40)   Merge Heap Roots: 0.2ms
[0.917s][info][gc,phases   ] GC(40)   Evacuate Collection Set: 7.0ms
[0.917s][info][gc,phases   ] GC(40)   Post Evacuate Collection Set: 0.5ms
[0.917s][info][gc,phases   ] GC(40)   Other: 0.1ms
[0.917s][info][gc,heap     ] GC(40) Eden regions: 44->0(44)
[0.917s][info][gc,heap     ] GC(40) Survivor regions: 7->7(7)
[0.917s][info][gc,heap     ] GC(40) Old regions: 817->863
[0.917s][info][gc,heap     ] GC(40) Archive regions: 0->0
[0.917s][info][gc,heap     ] GC(40) Humongous regions: 3->3
[0.917s][info][gc,metaspace] GC(40) Metaspace: 8316K(8512K)->8316K(8512K) NonClass: 7544K(7616K)->7544K(7616K) Class: 771K(896K)->771K(896K)
[0.917s][info][gc          ] GC(40) Pause Young (Normal) (G1 Evacuation Pause) 870M->873M(1024M) 8.053ms
[0.917s][info][gc,cpu      ] GC(40) User=0.09s Sys=0.00s Real=0.01s
[0.921s][info][gc,marking  ] GC(35) Concurrent Rebuild Remembered Sets 44.173ms
[0.921s][info][gc,start    ] GC(35) Pause Cleanup
Mixed GC count target: 1
[0.921s][info][gc          ] GC(35) Pause Cleanup 898M->898M(1024M) 0.318ms
[0.921s][info][gc,cpu      ] GC(35) User=0.00s Sys=0.00s Real=0.00s
[0.921s][info][gc,marking  ] GC(35) Concurrent Cleanup for Next Mark
[0.922s][info][gc,marking  ] GC(35) Concurrent Cleanup for Next Mark 1.195ms
[0.922s][info][gc          ] GC(35) Concurrent Mark Cycle 83.427ms
[0.925s][info][gc,start    ] GC(41) Pause Young (Prepare Mixed) (G1 Evacuation Pause)
[0.925s][info][gc,task     ] GC(41) Using 13 workers of 13 for evacuation
Mixed GC count target: 1
[0.933s][info][gc,phases   ] GC(41)   Pre Evacuate Collection Set: 0.2ms
[0.933s][info][gc,phases   ] GC(41)   Merge Heap Roots: 0.2ms
[0.933s][info][gc,phases   ] GC(41)   Evacuate Collection Set: 7.0ms
[0.933s][info][gc,phases   ] GC(41)   Post Evacuate Collection Set: 0.6ms
[0.933s][info][gc,phases   ] GC(41)   Other: 0.1ms
[0.933s][info][gc,heap     ] GC(41) Eden regions: 44->0(44)
[0.933s][info][gc,heap     ] GC(41) Survivor regions: 7->7(7)
[0.933s][info][gc,heap     ] GC(41) Old regions: 863->910
[0.933s][info][gc,heap     ] GC(41) Archive regions: 0->0
[0.933s][info][gc,heap     ] GC(41) Humongous regions: 3->3
[0.933s][info][gc,metaspace] GC(41) Metaspace: 8316K(8512K)->8316K(8512K) NonClass: 7544K(7616K)->7544K(7616K) Class: 771K(896K)->771K(896K)
[0.933s][info][gc          ] GC(41) Pause Young (Prepare Mixed) (G1 Evacuation Pause) 917M->920M(1024M) 8.193ms
[0.933s][info][gc,cpu      ] GC(41) User=0.09s Sys=0.00s Real=0.01s
[0.934s][info][gc,start    ] GC(42) Pause Young (Mixed) (G1 Preventive Collection)
[0.934s][info][gc,task     ] GC(42) Using 13 workers of 13 for evacuation
Mixed GC count target: 1
Old CSet region threshold percent: 100
[0.944s][info][gc,phases   ] GC(42)   Pre Evacuate Collection Set: 0.2ms
[0.944s][info][gc,phases   ] GC(42)   Merge Heap Roots: 0.2ms
[0.944s][info][gc,phases   ] GC(42)   Evacuate Collection Set: 9.7ms
[0.944s][info][gc,phases   ] GC(42)   Post Evacuate Collection Set: 0.6ms
[0.944s][info][gc,phases   ] GC(42)   Other: 0.1ms
[0.944s][info][gc,heap     ] GC(42) Eden regions: 6->0(44)
[0.944s][info][gc,heap     ] GC(42) Survivor regions: 7->7(7)
[0.944s][info][gc,heap     ] GC(42) Old regions: 910->809
[0.944s][info][gc,heap     ] GC(42) Archive regions: 0->0
[0.944s][info][gc,heap     ] GC(42) Humongous regions: 3->3
[0.944s][info][gc,metaspace] GC(42) Metaspace: 8316K(8512K)->8316K(8512K) NonClass: 7544K(7616K)->7544K(7616K) Class: 771K(896K)->771K(896K)
[0.944s][info][gc          ] GC(42) Pause Young (Mixed) (G1 Preventive Collection) 926M->817M(1024M) 10.858ms
[0.944s][info][gc,cpu      ] GC(42) User=0.12s Sys=0.00s Real=0.01s
[0.951s][info][gc,start    ] GC(43) Pause Young (Concurrent Start) (G1 Evacuation Pause)
[0.951s][info][gc,task     ] GC(43) Using 13 workers of 13 for evacuation
[0.958s][info][gc,phases   ] GC(43)   Pre Evacuate Collection Set: 0.3ms
[0.958s][info][gc,phases   ] GC(43)   Merge Heap Roots: 0.2ms
[0.958s][info][gc,phases   ] GC(43)   Evacuate Collection Set: 6.5ms
[0.958s][info][gc,phases   ] GC(43)   Post Evacuate Collection Set: 0.5ms
[0.958s][info][gc,phases   ] GC(43)   Other: 0.1ms
[0.958s][info][gc,heap     ] GC(43) Eden regions: 44->0(44)
[0.958s][info][gc,heap     ] GC(43) Survivor regions: 7->7(7)
[0.958s][info][gc,heap     ] GC(43) Old regions: 809->855
[0.958s][info][gc,heap     ] GC(43) Archive regions: 0->0
[0.958s][info][gc,heap     ] GC(43) Humongous regions: 3->3
[0.958s][info][gc,metaspace] GC(43) Metaspace: 8316K(8512K)->8316K(8512K) NonClass: 7544K(7616K)->7544K(7616K) Class: 771K(896K)->771K(896K)
[0.958s][info][gc          ] GC(43) Pause Young (Concurrent Start) (G1 Evacuation Pause) 861M->864M(1024M) 7.696ms
[0.959s][info][gc,cpu      ] GC(43) User=0.08s Sys=0.00s Real=0.01s
[0.959s][info][gc          ] GC(44) Concurrent Mark Cycle
[0.959s][info][gc,marking  ] GC(44) Concurrent Clear Claimed Marks
[0.959s][info][gc,marking  ] GC(44) Concurrent Clear Claimed Marks 0.026ms
[0.959s][info][gc,marking  ] GC(44) Concurrent Scan Root Regions
[0.961s][info][gc,marking  ] GC(44) Concurrent Scan Root Regions 1.905ms
[0.961s][info][gc,marking  ] GC(44) Concurrent Mark
[0.961s][info][gc,marking  ] GC(44) Concurrent Mark From Roots
[0.961s][info][gc,task     ] GC(44) Using 3 workers of 3 for marking
[0.968s][info][gc,start    ] GC(45) Pause Young (Normal) (G1 Evacuation Pause)
[0.968s][info][gc,task     ] GC(45) Using 13 workers of 13 for evacuation
[0.976s][info][gc,phases   ] GC(45)   Pre Evacuate Collection Set: 0.2ms
[0.976s][info][gc,phases   ] GC(45)   Merge Heap Roots: 0.2ms
[0.976s][info][gc,phases   ] GC(45)   Evacuate Collection Set: 6.8ms
[0.976s][info][gc,phases   ] GC(45)   Post Evacuate Collection Set: 0.5ms
[0.976s][info][gc,phases   ] GC(45)   Other: 0.1ms
[0.976s][info][gc,heap     ] GC(45) Eden regions: 44->0(44)
[0.976s][info][gc,heap     ] GC(45) Survivor regions: 7->7(7)
[0.976s][info][gc,heap     ] GC(45) Old regions: 855->902
[0.976s][info][gc,heap     ] GC(45) Archive regions: 0->0
[0.976s][info][gc,heap     ] GC(45) Humongous regions: 3->3
[0.976s][info][gc,metaspace] GC(45) Metaspace: 8316K(8512K)->8316K(8512K) NonClass: 7544K(7616K)->7544K(7616K) Class: 771K(896K)->771K(896K)
[0.976s][info][gc          ] GC(45) Pause Young (Normal) (G1 Evacuation Pause) 908M->912M(1024M) 7.737ms
[0.976s][info][gc,cpu      ] GC(45) User=0.09s Sys=0.00s Real=0.01s
[0.984s][info][gc,start    ] GC(46) Pause Young (Normal) (G1 Evacuation Pause)
[0.984s][info][gc,task     ] GC(46) Using 13 workers of 13 for evacuation
[0.992s][info][gc,phases   ] GC(46)   Pre Evacuate Collection Set: 0.2ms
[0.992s][info][gc,phases   ] GC(46)   Merge Heap Roots: 0.2ms
[0.992s][info][gc,phases   ] GC(46)   Evacuate Collection Set: 7.1ms
[0.992s][info][gc,phases   ] GC(46)   Post Evacuate Collection Set: 0.5ms
[0.992s][info][gc,phases   ] GC(46)   Other: 0.1ms
[0.992s][info][gc,heap     ] GC(46) Eden regions: 44->0(44)
[0.992s][info][gc,heap     ] GC(46) Survivor regions: 7->7(7)
[0.992s][info][gc,heap     ] GC(46) Old regions: 902->949
[0.992s][info][gc,heap     ] GC(46) Archive regions: 0->0
[0.992s][info][gc,heap     ] GC(46) Humongous regions: 4->4
[0.992s][info][gc,metaspace] GC(46) Metaspace: 8316K(8512K)->8316K(8512K) NonClass: 7544K(7616K)->7544K(7616K) Class: 771K(896K)->771K(896K)
[0.992s][info][gc          ] GC(46) Pause Young (Normal) (G1 Evacuation Pause) 957M->960M(1024M) 8.056ms
[0.992s][info][gc,cpu      ] GC(46) User=0.09s Sys=0.00s Real=0.01s
[0.994s][info][gc,marking  ] GC(44) Concurrent Mark From Roots 33.807ms
[0.995s][info][gc,marking  ] GC(44) Concurrent Preclean
[0.995s][info][gc,marking  ] GC(44) Concurrent Preclean 0.064ms
[0.995s][info][gc,start    ] GC(44) Pause Remark
[0.996s][info][gc          ] GC(44) Pause Remark 973M->861M(1024M) 1.545ms
[0.996s][info][gc,cpu      ] GC(44) User=0.00s Sys=0.00s Real=0.01s
[0.996s][info][gc,marking  ] GC(44) Concurrent Mark 35.744ms
[0.996s][info][gc,marking  ] GC(44) Concurrent Rebuild Remembered Sets
[1.001s][info][gc,start    ] GC(47) Pause Young (Normal) (G1 Evacuation Pause)
[1.001s][info][gc,task     ] GC(47) Using 13 workers of 13 for evacuation
[1.009s][info][gc,phases   ] GC(47)   Pre Evacuate Collection Set: 0.2ms
[1.009s][info][gc,phases   ] GC(47)   Merge Heap Roots: 0.2ms
[1.009s][info][gc,phases   ] GC(47)   Evacuate Collection Set: 6.7ms
[1.009s][info][gc,phases   ] GC(47)   Post Evacuate Collection Set: 0.5ms
[1.009s][info][gc,phases   ] GC(47)   Other: 0.1ms
[1.009s][info][gc,heap     ] GC(47) Eden regions: 44->0(44)
[1.009s][info][gc,heap     ] GC(47) Survivor regions: 7->7(7)
[1.009s][info][gc,heap     ] GC(47) Old regions: 837->884
[1.009s][info][gc,heap     ] GC(47) Archive regions: 0->0
[1.009s][info][gc,heap     ] GC(47) Humongous regions: 4->4
[1.009s][info][gc,metaspace] GC(47) Metaspace: 8316K(8512K)->8316K(8512K) NonClass: 7544K(7616K)->7544K(7616K) Class: 771K(896K)->771K(896K)
[1.009s][info][gc          ] GC(47) Pause Young (Normal) (G1 Evacuation Pause) 892M->895M(1024M) 7.694ms
[1.009s][info][gc,cpu      ] GC(47) User=0.09s Sys=0.00s Real=0.01s
[1.017s][info][gc,start    ] GC(48) Pause Young (Normal) (G1 Evacuation Pause)
[1.017s][info][gc,task     ] GC(48) Using 13 workers of 13 for evacuation
[1.024s][info][gc,phases   ] GC(48)   Pre Evacuate Collection Set: 0.2ms
[1.024s][info][gc,phases   ] GC(48)   Merge Heap Roots: 0.2ms
[1.024s][info][gc,phases   ] GC(48)   Evacuate Collection Set: 6.7ms
[1.024s][info][gc,phases   ] GC(48)   Post Evacuate Collection Set: 0.6ms
[1.024s][info][gc,phases   ] GC(48)   Other: 0.1ms
[1.024s][info][gc,heap     ] GC(48) Eden regions: 44->0(44)
[1.024s][info][gc,heap     ] GC(48) Survivor regions: 7->7(7)
[1.024s][info][gc,heap     ] GC(48) Old regions: 884->931
[1.024s][info][gc,heap     ] GC(48) Archive regions: 0->0
[1.024s][info][gc,heap     ] GC(48) Humongous regions: 4->4
[1.024s][info][gc,metaspace] GC(48) Metaspace: 8316K(8512K)->8316K(8512K) NonClass: 7544K(7616K)->7544K(7616K) Class: 771K(896K)->771K(896K)
[1.024s][info][gc          ] GC(48) Pause Young (Normal) (G1 Evacuation Pause) 939M->942M(1024M) 7.793ms
[1.024s][info][gc,cpu      ] GC(48) User=0.09s Sys=0.00s Real=0.00s
[1.031s][info][gc,start    ] GC(49) Pause Young (Normal) (G1 Preventive Collection)
[1.031s][info][gc,task     ] GC(49) Using 13 workers of 13 for evacuation
[1.037s][info][gc,phases   ] GC(49)   Pre Evacuate Collection Set: 0.2ms
[1.037s][info][gc,phases   ] GC(49)   Merge Heap Roots: 0.2ms
[1.037s][info][gc,phases   ] GC(49)   Evacuate Collection Set: 5.4ms
[1.037s][info][gc,phases   ] GC(49)   Post Evacuate Collection Set: 0.6ms
[1.037s][info][gc,phases   ] GC(49)   Other: 0.1ms
[1.037s][info][gc,heap     ] GC(49) Eden regions: 35->0(44)
[1.037s][info][gc,heap     ] GC(49) Survivor regions: 7->7(7)
[1.037s][info][gc,heap     ] GC(49) Old regions: 931->970
[1.037s][info][gc,heap     ] GC(49) Archive regions: 0->0
[1.037s][info][gc,heap     ] GC(49) Humongous regions: 4->4
[1.037s][info][gc,metaspace] GC(49) Metaspace: 8316K(8512K)->8316K(8512K) NonClass: 7544K(7616K)->7544K(7616K) Class: 771K(896K)->771K(896K)
[1.037s][info][gc          ] GC(49) Pause Young (Normal) (G1 Preventive Collection) 977M->980M(1024M) 6.459ms
[1.037s][info][gc,cpu      ] GC(49) User=0.07s Sys=0.00s Real=0.01s
[1.040s][info][gc,start    ] GC(50) Pause Young (Normal) (G1 Preventive Collection)
[1.040s][info][gc,task     ] GC(50) Using 13 workers of 13 for evacuation
[1.044s][info][gc,phases   ] GC(50)   Pre Evacuate Collection Set: 0.2ms
[1.044s][info][gc,phases   ] GC(50)   Merge Heap Roots: 0.2ms
[1.044s][info][gc,phases   ] GC(50)   Evacuate Collection Set: 2.9ms
[1.044s][info][gc,phases   ] GC(50)   Post Evacuate Collection Set: 0.6ms
[1.044s][info][gc,phases   ] GC(50)   Other: 0.1ms
[1.044s][info][gc,heap     ] GC(50) Eden regions: 16->0(44)
[1.044s][info][gc,heap     ] GC(50) Survivor regions: 7->7(7)
[1.044s][info][gc,heap     ] GC(50) Old regions: 970->990
[1.044s][info][gc,heap     ] GC(50) Archive regions: 0->0
[1.044s][info][gc,heap     ] GC(50) Humongous regions: 4->4
[1.044s][info][gc,metaspace] GC(50) Metaspace: 8316K(8512K)->8316K(8512K) NonClass: 7544K(7616K)->7544K(7616K) Class: 771K(896K)->771K(896K)
[1.044s][info][gc          ] GC(50) Pause Young (Normal) (G1 Preventive Collection) 996M->1000M(1024M) 4.084ms
[1.044s][info][gc,cpu      ] GC(50) User=0.03s Sys=0.00s Real=0.00s
[1.045s][info][gc,start    ] GC(51) Pause Young (Normal) (G1 Preventive Collection)
[1.045s][info][gc,task     ] GC(51) Using 13 workers of 13 for evacuation
[1.048s][info][gc,phases   ] GC(51)   Pre Evacuate Collection Set: 0.2ms
[1.048s][info][gc,phases   ] GC(51)   Merge Heap Roots: 0.2ms
[1.048s][info][gc,phases   ] GC(51)   Evacuate Collection Set: 1.8ms
[1.048s][info][gc,phases   ] GC(51)   Post Evacuate Collection Set: 0.5ms
[1.048s][info][gc,phases   ] GC(51)   Other: 0.1ms
[1.048s][info][gc,heap     ] GC(51) Eden regions: 7->0(44)
[1.048s][info][gc,heap     ] GC(51) Survivor regions: 7->7(7)
[1.048s][info][gc,heap     ] GC(51) Old regions: 990->999
[1.048s][info][gc,heap     ] GC(51) Archive regions: 0->0
[1.048s][info][gc,heap     ] GC(51) Humongous regions: 4->4
[1.048s][info][gc,metaspace] GC(51) Metaspace: 8316K(8512K)->8316K(8512K) NonClass: 7544K(7616K)->7544K(7616K) Class: 771K(896K)->771K(896K)
[1.048s][info][gc          ] GC(51) Pause Young (Normal) (G1 Preventive Collection) 1007M->1009M(1024M) 2.841ms
[1.048s][info][gc,cpu      ] GC(51) User=0.02s Sys=0.00s Real=0.01s
[1.049s][info][gc,start    ] GC(52) Pause Young (Normal) (G1 Preventive Collection)
[1.049s][info][gc,task     ] GC(52) Using 13 workers of 13 for evacuation
[1.051s][info][gc          ] GC(52) To-space exhausted
[1.051s][info][gc,phases   ] GC(52)   Pre Evacuate Collection Set: 0.2ms
[1.051s][info][gc,phases   ] GC(52)   Merge Heap Roots: 0.2ms
[1.051s][info][gc,phases   ] GC(52)   Evacuate Collection Set: 1.1ms
[1.051s][info][gc,phases   ] GC(52)   Post Evacuate Collection Set: 0.5ms
[1.051s][info][gc,phases   ] GC(52)   Other: 0.1ms
[1.051s][info][gc,heap     ] GC(52) Eden regions: 3->0(47)
[1.051s][info][gc,heap     ] GC(52) Survivor regions: 7->4(7)
[1.051s][info][gc,heap     ] GC(52) Old regions: 999->1011
[1.051s][info][gc,heap     ] GC(52) Archive regions: 0->0
[1.051s][info][gc,heap     ] GC(52) Humongous regions: 4->4
[1.051s][info][gc,metaspace] GC(52) Metaspace: 8316K(8512K)->8316K(8512K) NonClass: 7544K(7616K)->7544K(7616K) Class: 771K(896K)->771K(896K)
[1.051s][info][gc          ] GC(52) Pause Young (Normal) (G1 Preventive Collection) 1012M->1018M(1024M) 2.044ms
[1.051s][info][gc,cpu      ] GC(52) User=0.02s Sys=0.00s Real=0.00s
[1.051s][info][gc,marking  ] GC(44) Concurrent Rebuild Remembered Sets 54.460ms
[1.051s][info][gc,start    ] GC(44) Pause Cleanup
Mixed GC count target: 1
[1.051s][info][gc          ] GC(44) Pause Cleanup 1019M->1019M(1024M) 0.279ms
[1.051s][info][gc,cpu      ] GC(44) User=0.00s Sys=0.00s Real=0.00s
[1.051s][info][gc,marking  ] GC(44) Concurrent Cleanup for Next Mark
[1.051s][info][gc,start    ] GC(53) Pause Young (Prepare Mixed) (G1 Preventive Collection)
[1.051s][info][gc,task     ] GC(53) Using 13 workers of 13 for evacuation
Mixed GC count target: 1
[1.053s][info][gc          ] GC(53) To-space exhausted
[1.053s][info][gc,phases   ] GC(53)   Pre Evacuate Collection Set: 0.2ms
[1.053s][info][gc,phases   ] GC(53)   Merge Heap Roots: 0.2ms
[1.053s][info][gc,phases   ] GC(53)   Evacuate Collection Set: 0.5ms
[1.053s][info][gc,phases   ] GC(53)   Post Evacuate Collection Set: 0.5ms
[1.053s][info][gc,phases   ] GC(53)   Other: 0.1ms
[1.053s][info][gc,heap     ] GC(53) Eden regions: 1->0(47)
[1.053s][info][gc,heap     ] GC(53) Survivor regions: 4->4(4)
[1.053s][info][gc,heap     ] GC(53) Old regions: 1011->1014
[1.053s][info][gc,heap     ] GC(53) Archive regions: 0->0
[1.053s][info][gc,heap     ] GC(53) Humongous regions: 4->4
[1.053s][info][gc,metaspace] GC(53) Metaspace: 8316K(8512K)->8316K(8512K) NonClass: 7544K(7616K)->7544K(7616K) Class: 771K(896K)->771K(896K)
[1.053s][info][gc          ] GC(53) Pause Young (Prepare Mixed) (G1 Preventive Collection) 1019M->1021M(1024M) 1.443ms
[1.053s][info][gc,cpu      ] GC(53) User=0.00s Sys=0.00s Real=0.00s
[1.053s][info][gc,start    ] GC(54) Pause Young (Mixed) (G1 Preventive Collection)
[1.053s][info][gc,task     ] GC(54) Using 13 workers of 13 for evacuation
Mixed GC count target: 1
Old CSet region threshold percent: 100
[1.057s][info][gc          ] GC(54) To-space exhausted
[1.057s][info][gc,phases   ] GC(54)   Pre Evacuate Collection Set: 0.2ms
[1.057s][info][gc,phases   ] GC(54)   Merge Heap Roots: 0.2ms
[1.057s][info][gc,phases   ] GC(54)   Evacuate Collection Set: 1.7ms
[1.057s][info][gc,phases   ] GC(54)   Post Evacuate Collection Set: 1.7ms
[1.057s][info][gc,phases   ] GC(54)   Other: 0.1ms
[1.057s][info][gc,heap     ] GC(54) Eden regions: 1->0(51)
[1.057s][info][gc,heap     ] GC(54) Survivor regions: 4->0(1)
[1.057s][info][gc,heap     ] GC(54) Old regions: 1014->1015
[1.057s][info][gc,heap     ] GC(54) Archive regions: 0->0
[1.057s][info][gc,heap     ] GC(54) Humongous regions: 4->4
[1.057s][info][gc,metaspace] GC(54) Metaspace: 8316K(8512K)->8316K(8512K) NonClass: 7544K(7616K)->7544K(7616K) Class: 771K(896K)->771K(896K)
[1.057s][info][gc          ] GC(54) Pause Young (Mixed) (G1 Preventive Collection) 1022M->1018M(1024M) 3.935ms
[1.057s][info][gc,cpu      ] GC(54) User=0.03s Sys=0.00s Real=0.01s
[1.058s][info][gc,marking  ] GC(44) Concurrent Cleanup for Next Mark 6.432ms
[1.058s][info][gc          ] GC(44) Concurrent Mark Cycle 99.155ms
[1.058s][info][gc,start    ] GC(55) Pause Young (Normal) (G1 Preventive Collection)
[1.058s][info][gc,task     ] GC(55) Using 13 workers of 13 for evacuation
[1.060s][info][gc,phases   ] GC(55)   Pre Evacuate Collection Set: 0.2ms
[1.060s][info][gc,phases   ] GC(55)   Merge Heap Roots: 0.2ms
[1.060s][info][gc,phases   ] GC(55)   Evacuate Collection Set: 0.7ms
[1.060s][info][gc,phases   ] GC(55)   Post Evacuate Collection Set: 0.5ms
[1.060s][info][gc,phases   ] GC(55)   Other: 0.1ms
[1.060s][info][gc,heap     ] GC(55) Eden regions: 2->0(48)
[1.060s][info][gc,heap     ] GC(55) Survivor regions: 0->3(3)
[1.060s][info][gc,heap     ] GC(55) Old regions: 1015->1015
[1.060s][info][gc,heap     ] GC(55) Archive regions: 0->0
[1.060s][info][gc,heap     ] GC(55) Humongous regions: 4->4
[1.060s][info][gc,metaspace] GC(55) Metaspace: 8316K(8512K)->8316K(8512K) NonClass: 7544K(7616K)->7544K(7616K) Class: 771K(896K)->771K(896K)
[1.060s][info][gc          ] GC(55) Pause Young (Normal) (G1 Preventive Collection) 1020M->1020M(1024M) 1.661ms
[1.060s][info][gc,cpu      ] GC(55) User=0.01s Sys=0.00s Real=0.00s
[1.060s][info][gc,start    ] GC(56) Pause Young (Concurrent Start) (G1 Preventive Collection)
[1.060s][info][gc,task     ] GC(56) Using 13 workers of 13 for evacuation
[1.062s][info][gc          ] GC(56) To-space exhausted
[1.062s][info][gc,phases   ] GC(56)   Pre Evacuate Collection Set: 0.2ms
[1.062s][info][gc,phases   ] GC(56)   Merge Heap Roots: 0.2ms
[1.062s][info][gc,phases   ] GC(56)   Evacuate Collection Set: 0.7ms
[1.062s][info][gc,phases   ] GC(56)   Post Evacuate Collection Set: 0.5ms
[1.062s][info][gc,phases   ] GC(56)   Other: 0.1ms
[1.062s][info][gc,heap     ] GC(56) Eden regions: 1->0(50)
[1.062s][info][gc,heap     ] GC(56) Survivor regions: 3->1(1)
[1.062s][info][gc,heap     ] GC(56) Old regions: 1015->1019
[1.062s][info][gc,heap     ] GC(56) Archive regions: 0->0
[1.062s][info][gc,heap     ] GC(56) Humongous regions: 4->4
[1.062s][info][gc,metaspace] GC(56) Metaspace: 8316K(8512K)->8316K(8512K) NonClass: 7544K(7616K)->7544K(7616K) Class: 771K(896K)->771K(896K)
[1.062s][info][gc          ] GC(56) Pause Young (Concurrent Start) (G1 Preventive Collection) 1021M->1022M(1024M) 1.811ms
[1.062s][info][gc,cpu      ] GC(56) User=0.01s Sys=0.00s Real=0.00s
[1.062s][info][gc,ergo     ] Attempting full compaction
[1.062s][info][gc          ] GC(57) Concurrent Mark Cycle
[1.062s][info][gc,task     ] GC(58) Using 13 workers of 13 for full compaction
[1.062s][info][gc,marking  ] GC(57) Concurrent Clear Claimed Marks
[1.062s][info][gc,marking  ] GC(57) Concurrent Clear Claimed Marks 0.062ms
[1.062s][info][gc,marking  ] GC(57) Concurrent Scan Root Regions
[1.062s][info][gc,marking  ] GC(57) Concurrent Scan Root Regions 0.089ms
[1.062s][info][gc,marking  ] GC(57) Concurrent Mark
[1.062s][info][gc,marking  ] GC(57) Concurrent Mark From Roots
[1.062s][info][gc,task     ] GC(57) Using 3 workers of 3 for marking
[1.062s][info][gc,start    ] GC(58) Pause Full (G1 Compaction Pause)
[1.063s][info][gc,phases,start] GC(58) Phase 1: Mark live objects
[1.073s][info][gc,phases      ] GC(58) Phase 1: Mark live objects 9.657ms
[1.073s][info][gc,phases,start] GC(58) Phase 2: Prepare for compaction
[1.076s][info][gc,phases      ] GC(58) Phase 2: Prepare for compaction 3.273ms
[1.076s][info][gc,phases,start] GC(58) Phase 3: Adjust pointers
[1.084s][info][gc,phases      ] GC(58) Phase 3: Adjust pointers 8.261ms
[1.084s][info][gc,phases,start] GC(58) Phase 4: Compact heap
[1.109s][info][gc,phases      ] GC(58) Phase 4: Compact heap 24.299ms
[1.110s][info][gc,heap        ] GC(58) Eden regions: 0->0(81)
[1.110s][info][gc,heap        ] GC(58) Survivor regions: 1->0(1)
[1.110s][info][gc,heap        ] GC(58) Old regions: 1019->663
[1.110s][info][gc,heap        ] GC(58) Archive regions: 0->0
[1.110s][info][gc,heap        ] GC(58) Humongous regions: 4->3
[1.110s][info][gc,metaspace   ] GC(58) Metaspace: 8316K(8512K)->8305K(8512K) NonClass: 7544K(7616K)->7536K(7616K) Class: 771K(896K)->768K(896K)
[1.110s][info][gc             ] GC(58) Pause Full (G1 Compaction Pause) 1022M->659M(1024M) 48.172ms
[1.111s][info][gc,cpu         ] GC(58) User=0.54s Sys=0.00s Real=0.05s
[1.111s][info][gc,marking     ] GC(57) Concurrent Mark From Roots 48.652ms
[1.111s][info][gc,marking     ] GC(57) Concurrent Mark Abort
[1.111s][info][gc             ] GC(57) Concurrent Mark Cycle 48.960ms
[1.127s][info][gc,start       ] GC(59) Pause Young (Normal) (G1 Evacuation Pause)
[1.127s][info][gc,task        ] GC(59) Using 13 workers of 13 for evacuation
[1.147s][info][gc,phases      ] GC(59)   Pre Evacuate Collection Set: 0.2ms
[1.147s][info][gc,phases      ] GC(59)   Merge Heap Roots: 0.2ms
[1.147s][info][gc,phases      ] GC(59)   Evacuate Collection Set: 18.6ms
[1.147s][info][gc,phases      ] GC(59)   Post Evacuate Collection Set: 0.6ms
[1.147s][info][gc,phases      ] GC(59)   Other: 0.1ms
[1.147s][info][gc,heap        ] GC(59) Eden regions: 81->0(54)
[1.147s][info][gc,heap        ] GC(59) Survivor regions: 0->11(11)
[1.147s][info][gc,heap        ] GC(59) Old regions: 663->733
[1.147s][info][gc,heap        ] GC(59) Archive regions: 0->0
[1.147s][info][gc,heap        ] GC(59) Humongous regions: 3->3
[1.147s][info][gc,metaspace   ] GC(59) Metaspace: 8305K(8512K)->8305K(8512K) NonClass: 7536K(7616K)->7536K(7616K) Class: 768K(896K)->768K(896K)
[1.147s][info][gc             ] GC(59) Pause Young (Normal) (G1 Evacuation Pause) 740M->740M(1024M) 19.805ms
[1.147s][info][gc,cpu         ] GC(59) User=0.16s Sys=0.00s Real=0.02s
[1.156s][info][gc,start       ] GC(60) Pause Young (Concurrent Start) (G1 Evacuation Pause)
[1.156s][info][gc,task        ] GC(60) Using 13 workers of 13 for evacuation
[1.167s][info][gc,phases      ] GC(60)   Pre Evacuate Collection Set: 0.2ms
[1.167s][info][gc,phases      ] GC(60)   Merge Heap Roots: 0.2ms
[1.167s][info][gc,phases      ] GC(60)   Evacuate Collection Set: 9.7ms
[1.167s][info][gc,phases      ] GC(60)   Post Evacuate Collection Set: 0.5ms
[1.167s][info][gc,phases      ] GC(60)   Other: 0.2ms
[1.167s][info][gc,heap        ] GC(60) Eden regions: 54->0(42)
[1.167s][info][gc,heap        ] GC(60) Survivor regions: 11->9(9)
[1.167s][info][gc,heap        ] GC(60) Old regions: 733->791
[1.167s][info][gc,heap        ] GC(60) Archive regions: 0->0
[1.167s][info][gc,heap        ] GC(60) Humongous regions: 3->3
[1.167s][info][gc,metaspace   ] GC(60) Metaspace: 8305K(8512K)->8305K(8512K) NonClass: 7536K(7616K)->7536K(7616K) Class: 768K(896K)->768K(896K)
[1.167s][info][gc             ] GC(60) Pause Young (Concurrent Start) (G1 Evacuation Pause) 794M->795M(1024M) 10.740ms
[1.167s][info][gc,cpu         ] GC(60) User=0.12s Sys=0.00s Real=0.01s
[1.167s][info][gc             ] GC(61) Concurrent Mark Cycle
[1.167s][info][gc,marking     ] GC(61) Concurrent Clear Claimed Marks
[1.167s][info][gc,marking     ] GC(61) Concurrent Clear Claimed Marks 0.017ms
[1.167s][info][gc,marking     ] GC(61) Concurrent Scan Root Regions
[1.170s][info][gc,marking     ] GC(61) Concurrent Scan Root Regions 2.276ms
[1.170s][info][gc,marking     ] GC(61) Concurrent Mark
[1.170s][info][gc,marking     ] GC(61) Concurrent Mark From Roots
[1.170s][info][gc,task        ] GC(61) Using 3 workers of 3 for marking
[1.176s][info][gc,start       ] GC(62) Pause Young (Normal) (G1 Evacuation Pause)
[1.176s][info][gc,task        ] GC(62) Using 13 workers of 13 for evacuation
[1.185s][info][gc,phases      ] GC(62)   Pre Evacuate Collection Set: 0.2ms
[1.185s][info][gc,phases      ] GC(62)   Merge Heap Roots: 0.2ms
[1.185s][info][gc,phases      ] GC(62)   Evacuate Collection Set: 7.7ms
[1.185s][info][gc,phases      ] GC(62)   Post Evacuate Collection Set: 0.5ms
[1.185s][info][gc,phases      ] GC(62)   Other: 0.1ms
[1.185s][info][gc,heap        ] GC(62) Eden regions: 42->0(44)
[1.185s][info][gc,heap        ] GC(62) Survivor regions: 9->7(7)
[1.185s][info][gc,heap        ] GC(62) Old regions: 791->838
[1.185s][info][gc,heap        ] GC(62) Archive regions: 0->0
[1.185s][info][gc,heap        ] GC(62) Humongous regions: 3->3
[1.185s][info][gc,metaspace   ] GC(62) Metaspace: 8305K(8512K)->8305K(8512K) NonClass: 7536K(7616K)->7536K(7616K) Class: 768K(896K)->768K(896K)
[1.185s][info][gc             ] GC(62) Pause Young (Normal) (G1 Evacuation Pause) 837M->841M(1024M) 8.753ms
[1.185s][info][gc,cpu         ] GC(62) User=0.08s Sys=0.02s Real=0.00s
[1.194s][info][gc,start       ] GC(63) Pause Young (Normal) (G1 Evacuation Pause)
[1.194s][info][gc,task        ] GC(63) Using 13 workers of 13 for evacuation
[1.202s][info][gc,phases      ] GC(63)   Pre Evacuate Collection Set: 0.3ms
[1.202s][info][gc,phases      ] GC(63)   Merge Heap Roots: 0.2ms
[1.202s][info][gc,phases      ] GC(63)   Evacuate Collection Set: 7.5ms
[1.202s][info][gc,phases      ] GC(63)   Post Evacuate Collection Set: 0.5ms
[1.202s][info][gc,phases      ] GC(63)   Other: 0.1ms
[1.202s][info][gc,heap        ] GC(63) Eden regions: 44->0(44)
[1.202s][info][gc,heap        ] GC(63) Survivor regions: 7->7(7)
[1.202s][info][gc,heap        ] GC(63) Old regions: 838->886
[1.202s][info][gc,heap        ] GC(63) Archive regions: 0->0
[1.202s][info][gc,heap        ] GC(63) Humongous regions: 3->3
[1.202s][info][gc,metaspace   ] GC(63) Metaspace: 8305K(8512K)->8305K(8512K) NonClass: 7536K(7616K)->7536K(7616K) Class: 768K(896K)->768K(896K)
[1.202s][info][gc             ] GC(63) Pause Young (Normal) (G1 Evacuation Pause) 885M->889M(1024M) 8.587ms
[1.203s][info][gc,cpu         ] GC(63) User=0.09s Sys=0.00s Real=0.01s
[1.211s][info][gc,start       ] GC(64) Pause Young (Normal) (G1 Evacuation Pause)
[1.211s][info][gc,task        ] GC(64) Using 13 workers of 13 for evacuation
[1.220s][info][gc,phases      ] GC(64)   Pre Evacuate Collection Set: 0.2ms
[1.220s][info][gc,phases      ] GC(64)   Merge Heap Roots: 0.2ms
[1.220s][info][gc,phases      ] GC(64)   Evacuate Collection Set: 7.3ms
[1.220s][info][gc,phases      ] GC(64)   Post Evacuate Collection Set: 0.6ms
[1.220s][info][gc,phases      ] GC(64)   Other: 0.1ms
[1.220s][info][gc,heap        ] GC(64) Eden regions: 44->0(44)
[1.220s][info][gc,heap        ] GC(64) Survivor regions: 7->7(7)
[1.220s][info][gc,heap        ] GC(64) Old regions: 886->933
[1.220s][info][gc,heap        ] GC(64) Archive regions: 0->0
[1.220s][info][gc,heap        ] GC(64) Humongous regions: 3->3
[1.220s][info][gc,metaspace   ] GC(64) Metaspace: 8305K(8512K)->8305K(8512K) NonClass: 7536K(7616K)->7536K(7616K) Class: 768K(896K)->768K(896K)
[1.220s][info][gc             ] GC(64) Pause Young (Normal) (G1 Evacuation Pause) 933M->935M(1024M) 8.451ms
[1.220s][info][gc,cpu         ] GC(64) User=0.09s Sys=0.00s Real=0.01s
[1.220s][info][gc,marking     ] GC(61) Concurrent Mark From Roots 50.709ms
[1.220s][info][gc,marking     ] GC(61) Concurrent Preclean
[1.220s][info][gc,marking     ] GC(61) Concurrent Preclean 0.070ms
[1.221s][info][gc,start       ] GC(61) Pause Remark
[1.222s][info][gc             ] GC(61) Pause Remark 939M->911M(1024M) 1.271ms
[1.222s][info][gc,cpu         ] GC(61) User=0.00s Sys=0.00s Real=0.00s
[1.222s][info][gc,marking     ] GC(61) Concurrent Mark 52.353ms
[1.222s][info][gc,marking     ] GC(61) Concurrent Rebuild Remembered Sets
[1.230s][info][gc,start       ] GC(65) Pause Young (Normal) (G1 Evacuation Pause)
[1.230s][info][gc,task        ] GC(65) Using 13 workers of 13 for evacuation
[1.238s][info][gc,phases      ] GC(65)   Pre Evacuate Collection Set: 0.2ms
[1.238s][info][gc,phases      ] GC(65)   Merge Heap Roots: 0.2ms
[1.238s][info][gc,phases      ] GC(65)   Evacuate Collection Set: 7.1ms
[1.238s][info][gc,phases      ] GC(65)   Post Evacuate Collection Set: 0.5ms
[1.238s][info][gc,phases      ] GC(65)   Other: 0.1ms
[1.238s][info][gc,heap        ] GC(65) Eden regions: 44->0(44)
[1.238s][info][gc,heap        ] GC(65) Survivor regions: 7->7(7)
[1.238s][info][gc,heap        ] GC(65) Old regions: 905->952
[1.238s][info][gc,heap        ] GC(65) Archive regions: 0->0
[1.238s][info][gc,heap        ] GC(65) Humongous regions: 3->3
[1.238s][info][gc,metaspace   ] GC(65) Metaspace: 8305K(8512K)->8305K(8512K) NonClass: 7536K(7616K)->7536K(7616K) Class: 768K(896K)->768K(896K)
[1.238s][info][gc             ] GC(65) Pause Young (Normal) (G1 Evacuation Pause) 951M->954M(1024M) 8.108ms
[1.238s][info][gc,cpu         ] GC(65) User=0.09s Sys=0.00s Real=0.01s
[1.242s][info][gc,start       ] GC(66) Pause Young (Normal) (G1 Preventive Collection)
[1.242s][info][gc,task        ] GC(66) Using 13 workers of 13 for evacuation
[1.248s][info][gc,phases      ] GC(66)   Pre Evacuate Collection Set: 0.2ms
[1.248s][info][gc,phases      ] GC(66)   Merge Heap Roots: 0.2ms
[1.248s][info][gc,phases      ] GC(66)   Evacuate Collection Set: 4.6ms
[1.248s][info][gc,phases      ] GC(66)   Post Evacuate Collection Set: 0.5ms
[1.248s][info][gc,phases      ] GC(66)   Other: 0.1ms
[1.248s][info][gc,heap        ] GC(66) Eden regions: 25->0(44)
[1.248s][info][gc,heap        ] GC(66) Survivor regions: 7->7(7)
[1.248s][info][gc,heap        ] GC(66) Old regions: 952->979
[1.248s][info][gc,heap        ] GC(66) Archive regions: 0->0
[1.248s][info][gc,heap        ] GC(66) Humongous regions: 3->3
[1.248s][info][gc,metaspace   ] GC(66) Metaspace: 8305K(8512K)->8305K(8512K) NonClass: 7536K(7616K)->7536K(7616K) Class: 768K(896K)->768K(896K)
[1.248s][info][gc             ] GC(66) Pause Young (Normal) (G1 Preventive Collection) 979M->982M(1024M) 5.602ms
[1.248s][info][gc,cpu         ] GC(66) User=0.06s Sys=0.00s Real=0.01s
[1.250s][info][gc,start       ] GC(67) Pause Young (Normal) (G1 Preventive Collection)
[1.250s][info][gc,task        ] GC(67) Using 13 workers of 13 for evacuation
[1.254s][info][gc             ] GC(67) To-space exhausted
[1.254s][info][gc,phases      ] GC(67)   Pre Evacuate Collection Set: 0.2ms
[1.254s][info][gc,phases      ] GC(67)   Merge Heap Roots: 0.2ms
[1.254s][info][gc,phases      ] GC(67)   Evacuate Collection Set: 2.7ms
[1.254s][info][gc,phases      ] GC(67)   Post Evacuate Collection Set: 0.7ms
[1.254s][info][gc,phases      ] GC(67)   Other: 0.2ms
[1.254s][info][gc,heap        ] GC(67) Eden regions: 13->0(44)
[1.254s][info][gc,heap        ] GC(67) Survivor regions: 7->7(7)
[1.254s][info][gc,heap        ] GC(67) Old regions: 979->998
[1.254s][info][gc,heap        ] GC(67) Archive regions: 0->0
[1.254s][info][gc,heap        ] GC(67) Humongous regions: 3->3
[1.254s][info][gc,metaspace   ] GC(67) Metaspace: 8305K(8512K)->8305K(8512K) NonClass: 7536K(7616K)->7536K(7616K) Class: 768K(896K)->768K(896K)
[1.254s][info][gc             ] GC(67) Pause Young (Normal) (G1 Preventive Collection) 995M->1001M(1024M) 3.838ms
[1.254s][info][gc,cpu         ] GC(67) User=0.03s Sys=0.00s Real=0.00s
[1.254s][info][gc,start       ] GC(68) Pause Young (Normal) (G1 Preventive Collection)
[1.254s][info][gc,task        ] GC(68) Using 13 workers of 13 for evacuation
[1.257s][info][gc,phases      ] GC(68)   Pre Evacuate Collection Set: 0.2ms
[1.257s][info][gc,phases      ] GC(68)   Merge Heap Roots: 0.2ms
[1.257s][info][gc,phases      ] GC(68)   Evacuate Collection Set: 1.4ms
[1.257s][info][gc,phases      ] GC(68)   Post Evacuate Collection Set: 0.5ms
[1.257s][info][gc,phases      ] GC(68)   Other: 0.1ms
[1.257s][info][gc,heap        ] GC(68) Eden regions: 3->0(47)
[1.257s][info][gc,heap        ] GC(68) Survivor regions: 7->4(7)
[1.257s][info][gc,heap        ] GC(68) Old regions: 998->1007
[1.257s][info][gc,heap        ] GC(68) Archive regions: 0->0
[1.257s][info][gc,heap        ] GC(68) Humongous regions: 3->3
[1.257s][info][gc,metaspace   ] GC(68) Metaspace: 8305K(8512K)->8305K(8512K) NonClass: 7536K(7616K)->7536K(7616K) Class: 768K(896K)->768K(896K)
[1.257s][info][gc             ] GC(68) Pause Young (Normal) (G1 Preventive Collection) 1004M->1007M(1024M) 2.289ms
[1.257s][info][gc,cpu         ] GC(68) User=0.01s Sys=0.00s Real=0.01s
[1.257s][info][gc,start       ] GC(69) Pause Young (Normal) (G1 Preventive Collection)
[1.257s][info][gc,task        ] GC(69) Using 13 workers of 13 for evacuation
[1.259s][info][gc,phases      ] GC(69)   Pre Evacuate Collection Set: 0.2ms
[1.259s][info][gc,phases      ] GC(69)   Merge Heap Roots: 0.2ms
[1.259s][info][gc,phases      ] GC(69)   Evacuate Collection Set: 0.8ms
[1.259s][info][gc,phases      ] GC(69)   Post Evacuate Collection Set: 0.4ms
[1.259s][info][gc,phases      ] GC(69)   Other: 0.1ms
[1.259s][info][gc,heap        ] GC(69) Eden regions: 2->0(45)
[1.259s][info][gc,heap        ] GC(69) Survivor regions: 4->6(7)
[1.259s][info][gc,heap        ] GC(69) Old regions: 1007->1007
[1.259s][info][gc,heap        ] GC(69) Archive regions: 0->0
[1.259s][info][gc,heap        ] GC(69) Humongous regions: 3->3
[1.259s][info][gc,metaspace   ] GC(69) Metaspace: 8305K(8512K)->8305K(8512K) NonClass: 7536K(7616K)->7536K(7616K) Class: 768K(896K)->768K(896K)
[1.259s][info][gc             ] GC(69) Pause Young (Normal) (G1 Preventive Collection) 1009M->1008M(1024M) 1.662ms
[1.259s][info][gc,cpu         ] GC(69) User=0.01s Sys=0.00s Real=0.00s
[1.259s][info][gc,start       ] GC(70) Pause Young (Normal) (G1 Preventive Collection)
[1.259s][info][gc,task        ] GC(70) Using 13 workers of 13 for evacuation
[1.261s][info][gc,phases      ] GC(70)   Pre Evacuate Collection Set: 0.2ms
[1.261s][info][gc,phases      ] GC(70)   Merge Heap Roots: 0.2ms
[1.261s][info][gc,phases      ] GC(70)   Evacuate Collection Set: 0.8ms
[1.261s][info][gc,phases      ] GC(70)   Post Evacuate Collection Set: 0.4ms
[1.261s][info][gc,phases      ] GC(70)   Other: 0.1ms
[1.261s][info][gc,heap        ] GC(70) Eden regions: 1->0(48)
[1.261s][info][gc,heap        ] GC(70) Survivor regions: 6->3(7)
[1.261s][info][gc,heap        ] GC(70) Old regions: 1007->1011
[1.261s][info][gc,heap        ] GC(70) Archive regions: 0->0
[1.261s][info][gc,heap        ] GC(70) Humongous regions: 3->3
[1.261s][info][gc,metaspace   ] GC(70) Metaspace: 8305K(8512K)->8305K(8512K) NonClass: 7536K(7616K)->7536K(7616K) Class: 768K(896K)->768K(896K)
[1.261s][info][gc             ] GC(70) Pause Young (Normal) (G1 Preventive Collection) 1009M->1009M(1024M) 1.639ms
[1.261s][info][gc,cpu         ] GC(70) User=0.01s Sys=0.00s Real=0.00s
[1.261s][info][gc,start       ] GC(71) Pause Young (Normal) (G1 Preventive Collection)
[1.261s][info][gc,task        ] GC(71) Using 13 workers of 13 for evacuation
[1.263s][info][gc,phases      ] GC(71)   Pre Evacuate Collection Set: 0.2ms
[1.263s][info][gc,phases      ] GC(71)   Merge Heap Roots: 0.2ms
[1.263s][info][gc,phases      ] GC(71)   Evacuate Collection Set: 0.8ms
[1.263s][info][gc,phases      ] GC(71)   Post Evacuate Collection Set: 0.4ms
[1.263s][info][gc,phases      ] GC(71)   Other: 0.1ms
[1.263s][info][gc,heap        ] GC(71) Eden regions: 1->0(46)
[1.263s][info][gc,heap        ] GC(71) Survivor regions: 3->5(6)
[1.263s][info][gc,heap        ] GC(71) Old regions: 1011->1011
[1.263s][info][gc,heap        ] GC(71) Archive regions: 0->0
[1.263s][info][gc,heap        ] GC(71) Humongous regions: 3->3
[1.263s][info][gc,metaspace   ] GC(71) Metaspace: 8305K(8512K)->8305K(8512K) NonClass: 7536K(7616K)->7536K(7616K) Class: 768K(896K)->768K(896K)
[1.263s][info][gc             ] GC(71) Pause Young (Normal) (G1 Preventive Collection) 1010M->1010M(1024M) 1.632ms
[1.263s][info][gc,cpu         ] GC(71) User=0.00s Sys=0.00s Real=0.00s
[1.263s][info][gc,start       ] GC(72) Pause Young (Normal) (G1 Preventive Collection)
[1.263s][info][gc,task        ] GC(72) Using 13 workers of 13 for evacuation
[1.264s][info][gc             ] GC(72) To-space exhausted
[1.264s][info][gc,phases      ] GC(72)   Pre Evacuate Collection Set: 0.2ms
[1.264s][info][gc,phases      ] GC(72)   Merge Heap Roots: 0.2ms
[1.264s][info][gc,phases      ] GC(72)   Evacuate Collection Set: 0.7ms
[1.264s][info][gc,phases      ] GC(72)   Post Evacuate Collection Set: 0.4ms
[1.264s][info][gc,phases      ] GC(72)   Other: 0.1ms
[1.264s][info][gc,heap        ] GC(72) Eden regions: 1->0(48)
[1.264s][info][gc,heap        ] GC(72) Survivor regions: 5->3(4)
[1.264s][info][gc,heap        ] GC(72) Old regions: 1011->1015
[1.264s][info][gc,heap        ] GC(72) Archive regions: 0->0
[1.264s][info][gc,heap        ] GC(72) Humongous regions: 3->3
[1.264s][info][gc,metaspace   ] GC(72) Metaspace: 8305K(8512K)->8305K(8512K) NonClass: 7536K(7616K)->7536K(7616K) Class: 768K(896K)->768K(896K)
[1.264s][info][gc             ] GC(72) Pause Young (Normal) (G1 Preventive Collection) 1011M->1013M(1024M) 1.516ms
[1.264s][info][gc,cpu         ] GC(72) User=0.01s Sys=0.00s Real=0.00s
[1.265s][info][gc,start       ] GC(73) Pause Young (Normal) (G1 Preventive Collection)
[1.265s][info][gc,task        ] GC(73) Using 13 workers of 13 for evacuation
[1.266s][info][gc             ] GC(73) To-space exhausted
[1.266s][info][gc,phases      ] GC(73)   Pre Evacuate Collection Set: 0.1ms
[1.266s][info][gc,phases      ] GC(73)   Merge Heap Roots: 0.1ms
[1.266s][info][gc,phases      ] GC(73)   Evacuate Collection Set: 0.6ms
[1.266s][info][gc,phases      ] GC(73)   Post Evacuate Collection Set: 0.5ms
[1.266s][info][gc,phases      ] GC(73)   Other: 0.1ms
[1.266s][info][gc,heap        ] GC(73) Eden regions: 1->0(49)
[1.266s][info][gc,heap        ] GC(73) Survivor regions: 3->2(2)
[1.266s][info][gc,heap        ] GC(73) Old regions: 1015->1019
[1.266s][info][gc,heap        ] GC(73) Archive regions: 0->0
[1.266s][info][gc,heap        ] GC(73) Humongous regions: 3->3
[1.266s][info][gc,metaspace   ] GC(73) Metaspace: 8305K(8512K)->8305K(8512K) NonClass: 7536K(7616K)->7536K(7616K) Class: 768K(896K)->768K(896K)
[1.266s][info][gc             ] GC(73) Pause Young (Normal) (G1 Preventive Collection) 1014M->1016M(1024M) 1.540ms
[1.266s][info][gc,cpu         ] GC(73) User=0.00s Sys=0.00s Real=0.01s
[1.266s][info][gc,ergo        ] Attempting full compaction
[1.266s][info][gc,task        ] GC(74) Using 13 workers of 13 for full compaction
[1.266s][info][gc,start       ] GC(74) Pause Full (G1 Compaction Pause)
[1.267s][info][gc,phases,start] GC(74) Phase 1: Mark live objects
[1.279s][info][gc,phases      ] GC(74) Phase 1: Mark live objects 11.891ms
[1.279s][info][gc,phases,start] GC(74) Phase 2: Prepare for compaction
[1.283s][info][gc,phases      ] GC(74) Phase 2: Prepare for compaction 3.201ms
[1.283s][info][gc,phases,start] GC(74) Phase 3: Adjust pointers
[1.292s][info][gc,phases      ] GC(74) Phase 3: Adjust pointers 9.016ms
[1.292s][info][gc,phases,start] GC(74) Phase 4: Compact heap
[1.314s][info][gc,phases      ] GC(74) Phase 4: Compact heap 22.613ms
[1.316s][info][gc,heap        ] GC(74) Eden regions: 0->0(52)
[1.316s][info][gc,heap        ] GC(74) Survivor regions: 2->0(2)
[1.316s][info][gc,heap        ] GC(74) Old regions: 1019->747
[1.316s][info][gc,heap        ] GC(74) Archive regions: 0->0
[1.316s][info][gc,heap        ] GC(74) Humongous regions: 3->3
[1.316s][info][gc,metaspace   ] GC(74) Metaspace: 8305K(8512K)->8305K(8512K) NonClass: 7536K(7616K)->7536K(7616K) Class: 768K(896K)->768K(896K)
[1.316s][info][gc             ] GC(74) Pause Full (G1 Compaction Pause) 1016M->740M(1024M) 49.559ms
[1.316s][info][gc,cpu         ] GC(74) User=0.54s Sys=0.01s Real=0.05s
[1.316s][info][gc,marking     ] GC(61) Concurrent Rebuild Remembered Sets 94.182ms
[1.316s][info][gc,marking     ] GC(61) Concurrent Mark Abort
[1.316s][info][gc             ] GC(61) Concurrent Mark Cycle 148.993ms
[1.324s][info][gc,start       ] GC(75) Pause Young (Normal) (G1 Evacuation Pause)
[1.324s][info][gc,task        ] GC(75) Using 13 workers of 13 for evacuation
[1.334s][info][gc,phases      ] GC(75)   Pre Evacuate Collection Set: 0.2ms
[1.334s][info][gc,phases      ] GC(75)   Merge Heap Roots: 0.2ms
[1.334s][info][gc,phases      ] GC(75)   Evacuate Collection Set: 9.0ms
[1.334s][info][gc,phases      ] GC(75)   Post Evacuate Collection Set: 0.6ms
[1.334s][info][gc,phases      ] GC(75)   Other: 0.1ms
[1.334s][info][gc,heap        ] GC(75) Eden regions: 52->0(44)
[1.334s][info][gc,heap        ] GC(75) Survivor regions: 0->7(7)
[1.334s][info][gc,heap        ] GC(75) Old regions: 747->793
[1.334s][info][gc,heap        ] GC(75) Archive regions: 0->0
[1.334s][info][gc,heap        ] GC(75) Humongous regions: 3->3
[1.334s][info][gc,metaspace   ] GC(75) Metaspace: 8305K(8512K)->8305K(8512K) NonClass: 7536K(7616K)->7536K(7616K) Class: 768K(896K)->768K(896K)
[1.334s][info][gc             ] GC(75) Pause Young (Normal) (G1 Evacuation Pause) 792M->792M(1024M) 10.114ms
[1.334s][info][gc,cpu         ] GC(75) User=0.01s Sys=0.07s Real=0.01s
[1.340s][info][gc,start       ] GC(76) Pause Young (Concurrent Start) (G1 Evacuation Pause)
[1.340s][info][gc,task        ] GC(76) Using 13 workers of 13 for evacuation
[1.348s][info][gc,phases      ] GC(76)   Pre Evacuate Collection Set: 0.2ms
[1.348s][info][gc,phases      ] GC(76)   Merge Heap Roots: 0.2ms
[1.348s][info][gc,phases      ] GC(76)   Evacuate Collection Set: 7.1ms
[1.348s][info][gc,phases      ] GC(76)   Post Evacuate Collection Set: 0.5ms
[1.348s][info][gc,phases      ] GC(76)   Other: 0.1ms
[1.348s][info][gc,heap        ] GC(76) Eden regions: 44->0(44)
[1.348s][info][gc,heap        ] GC(76) Survivor regions: 7->7(7)
[1.348s][info][gc,heap        ] GC(76) Old regions: 793->837
[1.348s][info][gc,heap        ] GC(76) Archive regions: 0->0
[1.348s][info][gc,heap        ] GC(76) Humongous regions: 3->3
[1.348s][info][gc,metaspace   ] GC(76) Metaspace: 8305K(8512K)->8305K(8512K) NonClass: 7536K(7616K)->7536K(7616K) Class: 768K(896K)->768K(896K)
[1.348s][info][gc             ] GC(76) Pause Young (Concurrent Start) (G1 Evacuation Pause) 836M->837M(1024M) 8.142ms
[1.348s][info][gc,cpu         ] GC(76) User=0.09s Sys=0.00s Real=0.01s
[1.348s][info][gc             ] GC(77) Concurrent Mark Cycle
[1.348s][info][gc,marking     ] GC(77) Concurrent Clear Claimed Marks
[1.348s][info][gc,marking     ] GC(77) Concurrent Clear Claimed Marks 0.028ms
[1.348s][info][gc,marking     ] GC(77) Concurrent Scan Root Regions
[1.350s][info][gc,marking     ] GC(77) Concurrent Scan Root Regions 1.986ms
[1.350s][info][gc,marking     ] GC(77) Concurrent Mark
[1.350s][info][gc,marking     ] GC(77) Concurrent Mark From Roots
[1.350s][info][gc,task        ] GC(77) Using 3 workers of 3 for marking
[1.358s][info][gc,start       ] GC(78) Pause Young (Normal) (G1 Evacuation Pause)
[1.358s][info][gc,task        ] GC(78) Using 13 workers of 13 for evacuation
[1.366s][info][gc,phases      ] GC(78)   Pre Evacuate Collection Set: 0.2ms
[1.366s][info][gc,phases      ] GC(78)   Merge Heap Roots: 0.2ms
[1.366s][info][gc,phases      ] GC(78)   Evacuate Collection Set: 7.1ms
[1.366s][info][gc,phases      ] GC(78)   Post Evacuate Collection Set: 0.5ms
[1.366s][info][gc,phases      ] GC(78)   Other: 0.1ms
[1.366s][info][gc,heap        ] GC(78) Eden regions: 44->0(44)
[1.366s][info][gc,heap        ] GC(78) Survivor regions: 7->7(7)
[1.366s][info][gc,heap        ] GC(78) Old regions: 837->884
[1.366s][info][gc,heap        ] GC(78) Archive regions: 0->0
[1.366s][info][gc,heap        ] GC(78) Humongous regions: 3->3
[1.366s][info][gc,metaspace   ] GC(78) Metaspace: 8305K(8512K)->8305K(8512K) NonClass: 7536K(7616K)->7536K(7616K) Class: 768K(896K)->768K(896K)
[1.366s][info][gc             ] GC(78) Pause Young (Normal) (G1 Evacuation Pause) 881M->884M(1024M) 8.155ms
[1.366s][info][gc,cpu         ] GC(78) User=0.07s Sys=0.02s Real=0.01s
[1.374s][info][gc,start       ] GC(79) Pause Young (Normal) (G1 Evacuation Pause)
[1.374s][info][gc,task        ] GC(79) Using 13 workers of 13 for evacuation
[1.382s][info][gc,phases      ] GC(79)   Pre Evacuate Collection Set: 0.2ms
[1.382s][info][gc,phases      ] GC(79)   Merge Heap Roots: 0.2ms
[1.382s][info][gc,phases      ] GC(79)   Evacuate Collection Set: 6.9ms
[1.382s][info][gc,phases      ] GC(79)   Post Evacuate Collection Set: 0.5ms
[1.382s][info][gc,phases      ] GC(79)   Other: 0.1ms
[1.382s][info][gc,heap        ] GC(79) Eden regions: 44->0(44)
[1.382s][info][gc,heap        ] GC(79) Survivor regions: 7->7(7)
[1.382s][info][gc,heap        ] GC(79) Old regions: 884->930
[1.382s][info][gc,heap        ] GC(79) Archive regions: 0->0
[1.382s][info][gc,heap        ] GC(79) Humongous regions: 3->3
[1.382s][info][gc,metaspace   ] GC(79) Metaspace: 8305K(8512K)->8305K(8512K) NonClass: 7536K(7616K)->7536K(7616K) Class: 768K(896K)->768K(896K)
[1.382s][info][gc             ] GC(79) Pause Young (Normal) (G1 Evacuation Pause) 928M->930M(1024M) 7.940ms
[1.382s][info][gc,cpu         ] GC(79) User=0.08s Sys=0.00s Real=0.01s
[1.388s][info][gc,marking     ] GC(77) Concurrent Mark From Roots 38.253ms
[1.388s][info][gc,marking     ] GC(77) Concurrent Preclean
[1.388s][info][gc,marking     ] GC(77) Concurrent Preclean 0.063ms
[1.389s][info][gc,start       ] GC(77) Pause Remark
[1.390s][info][gc             ] GC(77) Pause Remark 960M->959M(1024M) 1.264ms
[1.390s][info][gc,cpu         ] GC(77) User=0.00s Sys=0.00s Real=0.00s
[1.390s][info][gc,marking     ] GC(77) Concurrent Mark 39.914ms
[1.390s][info][gc,marking     ] GC(77) Concurrent Rebuild Remembered Sets
[1.391s][info][gc,start       ] GC(80) Pause Young (Normal) (G1 Preventive Collection)
[1.391s][info][gc,task        ] GC(80) Using 13 workers of 13 for evacuation
[1.398s][info][gc,phases      ] GC(80)   Pre Evacuate Collection Set: 0.2ms
[1.398s][info][gc,phases      ] GC(80)   Merge Heap Roots: 0.2ms
[1.398s][info][gc,phases      ] GC(80)   Evacuate Collection Set: 5.8ms
[1.398s][info][gc,phases      ] GC(80)   Post Evacuate Collection Set: 0.8ms
[1.398s][info][gc,phases      ] GC(80)   Other: 0.1ms
[1.398s][info][gc,heap        ] GC(80) Eden regions: 36->0(44)
[1.398s][info][gc,heap        ] GC(80) Survivor regions: 7->7(7)
[1.398s][info][gc,heap        ] GC(80) Old regions: 929->968
[1.398s][info][gc,heap        ] GC(80) Archive regions: 0->0
[1.398s][info][gc,heap        ] GC(80) Humongous regions: 3->3
[1.398s][info][gc,metaspace   ] GC(80) Metaspace: 8305K(8512K)->8305K(8512K) NonClass: 7536K(7616K)->7536K(7616K) Class: 768K(896K)->768K(896K)
[1.398s][info][gc             ] GC(80) Pause Young (Normal) (G1 Preventive Collection) 965M->968M(1024M) 7.071ms
[1.398s][info][gc,cpu         ] GC(80) User=0.07s Sys=0.00s Real=0.01s
[1.402s][info][gc,start       ] GC(81) Pause Young (Normal) (G1 Preventive Collection)
[1.402s][info][gc,task        ] GC(81) Using 13 workers of 13 for evacuation
[1.406s][info][gc,phases      ] GC(81)   Pre Evacuate Collection Set: 0.2ms
[1.406s][info][gc,phases      ] GC(81)   Merge Heap Roots: 0.3ms
[1.406s][info][gc,phases      ] GC(81)   Evacuate Collection Set: 3.2ms
[1.406s][info][gc,phases      ] GC(81)   Post Evacuate Collection Set: 0.5ms
[1.406s][info][gc,phases      ] GC(81)   Other: 0.1ms
[1.406s][info][gc,heap        ] GC(81) Eden regions: 18->0(44)
[1.406s][info][gc,heap        ] GC(81) Survivor regions: 7->7(7)
[1.406s][info][gc,heap        ] GC(81) Old regions: 968->989
[1.406s][info][gc,heap        ] GC(81) Archive regions: 0->0
[1.406s][info][gc,heap        ] GC(81) Humongous regions: 3->3
[1.406s][info][gc,metaspace   ] GC(81) Metaspace: 8305K(8512K)->8305K(8512K) NonClass: 7536K(7616K)->7536K(7616K) Class: 768K(896K)->768K(896K)
[1.406s][info][gc             ] GC(81) Pause Young (Normal) (G1 Preventive Collection) 986M->989M(1024M) 4.309ms
[1.406s][info][gc,cpu         ] GC(81) User=0.04s Sys=0.00s Real=0.01s
[1.408s][info][gc,start       ] GC(82) Pause Young (Normal) (G1 Preventive Collection)
[1.408s][info][gc,task        ] GC(82) Using 13 workers of 13 for evacuation
[1.410s][info][gc,phases      ] GC(82)   Pre Evacuate Collection Set: 0.2ms
[1.410s][info][gc,phases      ] GC(82)   Merge Heap Roots: 0.2ms
[1.410s][info][gc,phases      ] GC(82)   Evacuate Collection Set: 1.8ms
[1.410s][info][gc,phases      ] GC(82)   Post Evacuate Collection Set: 0.5ms
[1.410s][info][gc,phases      ] GC(82)   Other: 0.1ms
[1.410s][info][gc,heap        ] GC(82) Eden regions: 8->0(44)
[1.410s][info][gc,heap        ] GC(82) Survivor regions: 7->7(7)
[1.410s][info][gc,heap        ] GC(82) Old regions: 989->999
[1.410s][info][gc,heap        ] GC(82) Archive regions: 0->0
[1.410s][info][gc,heap        ] GC(82) Humongous regions: 3->3
[1.410s][info][gc,metaspace   ] GC(82) Metaspace: 8305K(8512K)->8305K(8512K) NonClass: 7536K(7616K)->7536K(7616K) Class: 768K(896K)->768K(896K)
[1.410s][info][gc             ] GC(82) Pause Young (Normal) (G1 Preventive Collection) 997M->999M(1024M) 2.782ms
[1.410s][info][gc,cpu         ] GC(82) User=0.02s Sys=0.00s Real=0.00s
[1.411s][info][gc,start       ] GC(83) Pause Young (Normal) (G1 Preventive Collection)
[1.411s][info][gc,task        ] GC(83) Using 13 workers of 13 for evacuation
[1.413s][info][gc,phases      ] GC(83)   Pre Evacuate Collection Set: 0.2ms
[1.413s][info][gc,phases      ] GC(83)   Merge Heap Roots: 0.2ms
[1.413s][info][gc,phases      ] GC(83)   Evacuate Collection Set: 1.1ms
[1.413s][info][gc,phases      ] GC(83)   Post Evacuate Collection Set: 0.5ms
[1.413s][info][gc,phases      ] GC(83)   Other: 0.1ms
[1.413s][info][gc,heap        ] GC(83) Eden regions: 3->0(47)
[1.413s][info][gc,heap        ] GC(83) Survivor regions: 7->4(7)
[1.413s][info][gc,heap        ] GC(83) Old regions: 999->1007
[1.413s][info][gc,heap        ] GC(83) Archive regions: 0->0
[1.413s][info][gc,heap        ] GC(83) Humongous regions: 3->3
[1.413s][info][gc,metaspace   ] GC(83) Metaspace: 8305K(8512K)->8305K(8512K) NonClass: 7536K(7616K)->7536K(7616K) Class: 768K(896K)->768K(896K)
[1.413s][info][gc             ] GC(83) Pause Young (Normal) (G1 Preventive Collection) 1002M->1003M(1024M) 2.075ms
[1.413s][info][gc,cpu         ] GC(83) User=0.01s Sys=0.00s Real=0.00s
[1.414s][info][gc,start       ] GC(84) Pause Young (Normal) (G1 Preventive Collection)
[1.414s][info][gc,task        ] GC(84) Using 13 workers of 13 for evacuation
[1.415s][info][gc,phases      ] GC(84)   Pre Evacuate Collection Set: 0.2ms
[1.415s][info][gc,phases      ] GC(84)   Merge Heap Roots: 0.2ms
[1.415s][info][gc,phases      ] GC(84)   Evacuate Collection Set: 0.7ms
[1.415s][info][gc,phases      ] GC(84)   Post Evacuate Collection Set: 0.5ms
[1.415s][info][gc,phases      ] GC(84)   Other: 0.1ms
[1.415s][info][gc,heap        ] GC(84) Eden regions: 3->0(44)
[1.415s][info][gc,heap        ] GC(84) Survivor regions: 4->7(7)
[1.415s][info][gc,heap        ] GC(84) Old regions: 1007->1007
[1.415s][info][gc,heap        ] GC(84) Archive regions: 0->0
[1.415s][info][gc,heap        ] GC(84) Humongous regions: 3->3
[1.415s][info][gc,metaspace   ] GC(84) Metaspace: 8305K(8512K)->8305K(8512K) NonClass: 7536K(7616K)->7536K(7616K) Class: 768K(896K)->768K(896K)
[1.415s][info][gc             ] GC(84) Pause Young (Normal) (G1 Preventive Collection) 1006M->1006M(1024M) 1.565ms
[1.415s][info][gc,cpu         ] GC(84) User=0.01s Sys=0.00s Real=0.00s
[1.416s][info][gc,start       ] GC(85) Pause Young (Normal) (G1 Preventive Collection)
[1.416s][info][gc,task        ] GC(85) Using 13 workers of 13 for evacuation
[1.417s][info][gc             ] GC(85) To-space exhausted
[1.417s][info][gc,phases      ] GC(85)   Pre Evacuate Collection Set: 0.2ms
[1.417s][info][gc,phases      ] GC(85)   Merge Heap Roots: 0.2ms
[1.417s][info][gc,phases      ] GC(85)   Evacuate Collection Set: 0.7ms
[1.417s][info][gc,phases      ] GC(85)   Post Evacuate Collection Set: 0.6ms
[1.417s][info][gc,phases      ] GC(85)   Other: 0.1ms
[1.417s][info][gc,heap        ] GC(85) Eden regions: 1->0(48)
[1.417s][info][gc,heap        ] GC(85) Survivor regions: 7->3(6)
[1.417s][info][gc,heap        ] GC(85) Old regions: 1007->1017
[1.417s][info][gc,heap        ] GC(85) Archive regions: 0->0
[1.417s][info][gc,heap        ] GC(85) Humongous regions: 3->3
[1.417s][info][gc,metaspace   ] GC(85) Metaspace: 8305K(8512K)->8305K(8512K) NonClass: 7536K(7616K)->7536K(7616K) Class: 768K(896K)->768K(896K)
[1.417s][info][gc             ] GC(85) Pause Young (Normal) (G1 Preventive Collection) 1007M->1013M(1024M) 1.828ms
[1.417s][info][gc,cpu         ] GC(85) User=0.00s Sys=0.01s Real=0.01s
[1.418s][info][gc,start       ] GC(86) Pause Young (Normal) (G1 Evacuation Pause)
[1.418s][info][gc,task        ] GC(86) Using 13 workers of 13 for evacuation
[1.419s][info][gc             ] GC(86) To-space exhausted
[1.419s][info][gc,phases      ] GC(86)   Pre Evacuate Collection Set: 0.2ms
[1.419s][info][gc,phases      ] GC(86)   Merge Heap Roots: 0.2ms
[1.419s][info][gc,phases      ] GC(86)   Evacuate Collection Set: 0.6ms
[1.419s][info][gc,phases      ] GC(86)   Post Evacuate Collection Set: 0.5ms
[1.419s][info][gc,phases      ] GC(86)   Other: 0.1ms
[1.419s][info][gc,heap        ] GC(86) Eden regions: 1->0(51)
[1.419s][info][gc,heap        ] GC(86) Survivor regions: 3->0(0)
[1.419s][info][gc,heap        ] GC(86) Old regions: 1017->1021
[1.419s][info][gc,heap        ] GC(86) Archive regions: 0->0
[1.419s][info][gc,heap        ] GC(86) Humongous regions: 3->3
[1.419s][info][gc,metaspace   ] GC(86) Metaspace: 8305K(8512K)->8305K(8512K) NonClass: 7536K(7616K)->7536K(7616K) Class: 768K(896K)->768K(896K)
[1.419s][info][gc             ] GC(86) Pause Young (Normal) (G1 Evacuation Pause) 1014M->1014M(1024M) 1.564ms
[1.419s][info][gc,cpu         ] GC(86) User=0.00s Sys=0.00s Real=0.00s
[1.419s][info][gc,ergo        ] Attempting full compaction
[1.419s][info][gc,task        ] GC(87) Using 13 workers of 13 for full compaction
[1.419s][info][gc,start       ] GC(87) Pause Full (G1 Compaction Pause)
[1.420s][info][gc,phases,start] GC(87) Phase 1: Mark live objects
[1.431s][info][gc,phases      ] GC(87) Phase 1: Mark live objects 11.137ms
[1.431s][info][gc,phases,start] GC(87) Phase 2: Prepare for compaction
[1.434s][info][gc,phases      ] GC(87) Phase 2: Prepare for compaction 2.275ms
[1.434s][info][gc,phases,start] GC(87) Phase 3: Adjust pointers
[1.443s][info][gc,phases      ] GC(87) Phase 3: Adjust pointers 9.061ms
[1.443s][info][gc,phases,start] GC(87) Phase 4: Compact heap
[1.457s][info][gc,phases      ] GC(87) Phase 4: Compact heap 14.438ms
[1.459s][info][gc,heap        ] GC(87) Eden regions: 0->0(51)
[1.459s][info][gc,heap        ] GC(87) Survivor regions: 0->0(0)
[1.459s][info][gc,heap        ] GC(87) Old regions: 1021->803
[1.459s][info][gc,heap        ] GC(87) Archive regions: 0->0
[1.459s][info][gc,heap        ] GC(87) Humongous regions: 3->3
[1.459s][info][gc,metaspace   ] GC(87) Metaspace: 8305K(8512K)->8305K(8512K) NonClass: 7536K(7616K)->7536K(7616K) Class: 768K(896K)->768K(896K)
[1.459s][info][gc             ] GC(87) Pause Full (G1 Compaction Pause) 1014M->798M(1024M) 39.292ms
[1.459s][info][gc,cpu         ] GC(87) User=0.42s Sys=0.00s Real=0.04s
[1.459s][info][gc,marking     ] GC(77) Concurrent Rebuild Remembered Sets 68.919ms
[1.459s][info][gc,marking     ] GC(77) Concurrent Mark Abort
[1.459s][info][gc             ] GC(77) Concurrent Mark Cycle 111.002ms
[1.463s][info][gc,start       ] GC(88) Pause Young (Concurrent Start) (G1 Humongous Allocation)
[1.463s][info][gc,task        ] GC(88) Using 13 workers of 13 for evacuation
[1.468s][info][gc,phases      ] GC(88)   Pre Evacuate Collection Set: 0.2ms
[1.468s][info][gc,phases      ] GC(88)   Merge Heap Roots: 0.2ms
[1.468s][info][gc,phases      ] GC(88)   Evacuate Collection Set: 3.8ms
[1.468s][info][gc,phases      ] GC(88)   Post Evacuate Collection Set: 0.5ms
[1.468s][info][gc,phases      ] GC(88)   Other: 0.1ms
[1.468s][info][gc,heap        ] GC(88) Eden regions: 27->0(44)
[1.468s][info][gc,heap        ] GC(88) Survivor regions: 0->7(7)
[1.468s][info][gc,heap        ] GC(88) Old regions: 803->823
[1.468s][info][gc,heap        ] GC(88) Archive regions: 0->0
[1.468s][info][gc,heap        ] GC(88) Humongous regions: 3->3
[1.468s][info][gc,metaspace   ] GC(88) Metaspace: 8305K(8512K)->8305K(8512K) NonClass: 7536K(7616K)->7536K(7616K) Class: 768K(896K)->768K(896K)
[1.468s][info][gc             ] GC(88) Pause Young (Concurrent Start) (G1 Humongous Allocation) 824M->824M(1024M) 4.834ms
[1.468s][info][gc,cpu         ] GC(88) User=0.03s Sys=0.00s Real=0.01s
[1.468s][info][gc             ] GC(89) Concurrent Mark Cycle
[1.468s][info][gc,marking     ] GC(89) Concurrent Clear Claimed Marks
[1.468s][info][gc,marking     ] GC(89) Concurrent Clear Claimed Marks 0.010ms
[1.468s][info][gc,marking     ] GC(89) Concurrent Scan Root Regions
[1.468s][info][gc,marking     ] GC(89) Concurrent Scan Root Regions 0.621ms
[1.468s][info][gc,marking     ] GC(89) Concurrent Mark
[1.468s][info][gc,marking     ] GC(89) Concurrent Mark From Roots
[1.468s][info][gc,task        ] GC(89) Using 3 workers of 3 for marking
[1.477s][info][gc,start       ] GC(90) Pause Young (Normal) (G1 Evacuation Pause)
[1.477s][info][gc,task        ] GC(90) Using 13 workers of 13 for evacuation
[1.485s][info][gc,phases      ] GC(90)   Pre Evacuate Collection Set: 0.2ms
[1.485s][info][gc,phases      ] GC(90)   Merge Heap Roots: 0.2ms
[1.485s][info][gc,phases      ] GC(90)   Evacuate Collection Set: 6.9ms
[1.485s][info][gc,phases      ] GC(90)   Post Evacuate Collection Set: 0.4ms
[1.485s][info][gc,phases      ] GC(90)   Other: 0.1ms
[1.485s][info][gc,heap        ] GC(90) Eden regions: 44->0(44)
[1.485s][info][gc,heap        ] GC(90) Survivor regions: 7->7(7)
[1.485s][info][gc,heap        ] GC(90) Old regions: 823->868
[1.485s][info][gc,heap        ] GC(90) Archive regions: 0->0
[1.485s][info][gc,heap        ] GC(90) Humongous regions: 5->5
[1.485s][info][gc,metaspace   ] GC(90) Metaspace: 8305K(8512K)->8305K(8512K) NonClass: 7536K(7616K)->7536K(7616K) Class: 768K(896K)->768K(896K)
[1.485s][info][gc             ] GC(90) Pause Young (Normal) (G1 Evacuation Pause) 870M->872M(1024M) 7.792ms
[1.485s][info][gc,cpu         ] GC(90) User=0.08s Sys=0.00s Real=0.00s
[1.493s][info][gc,start       ] GC(91) Pause Young (Normal) (G1 Evacuation Pause)
[1.493s][info][gc,task        ] GC(91) Using 13 workers of 13 for evacuation
[1.501s][info][gc,phases      ] GC(91)   Pre Evacuate Collection Set: 0.2ms
[1.501s][info][gc,phases      ] GC(91)   Merge Heap Roots: 0.2ms
[1.501s][info][gc,phases      ] GC(91)   Evacuate Collection Set: 6.7ms
[1.501s][info][gc,phases      ] GC(91)   Post Evacuate Collection Set: 0.5ms
[1.501s][info][gc,phases      ] GC(91)   Other: 0.1ms
[1.501s][info][gc,heap        ] GC(91) Eden regions: 44->0(44)
[1.501s][info][gc,heap        ] GC(91) Survivor regions: 7->7(7)
[1.501s][info][gc,heap        ] GC(91) Old regions: 868->914
[1.501s][info][gc,heap        ] GC(91) Archive regions: 0->0
[1.501s][info][gc,heap        ] GC(91) Humongous regions: 5->5
[1.501s][info][gc,metaspace   ] GC(91) Metaspace: 8305K(8512K)->8305K(8512K) NonClass: 7536K(7616K)->7536K(7616K) Class: 768K(896K)->768K(896K)
[1.501s][info][gc             ] GC(91) Pause Young (Normal) (G1 Evacuation Pause) 916M->918M(1024M) 7.696ms
[1.501s][info][gc,cpu         ] GC(91) User=0.08s Sys=0.00s Real=0.01s
[1.508s][info][gc,marking     ] GC(89) Concurrent Mark From Roots 39.128ms
[1.508s][info][gc,marking     ] GC(89) Concurrent Preclean
[1.508s][info][gc,marking     ] GC(89) Concurrent Preclean 0.065ms
[1.508s][info][gc,start       ] GC(89) Pause Remark
[1.509s][info][gc             ] GC(89) Pause Remark 951M->950M(1024M) 1.322ms
[1.509s][info][gc,cpu         ] GC(89) User=0.00s Sys=0.00s Real=0.00s
[1.509s][info][gc,marking     ] GC(89) Concurrent Mark 40.810ms
[1.509s][info][gc,marking     ] GC(89) Concurrent Rebuild Remembered Sets
[1.511s][info][gc,start       ] GC(92) Pause Young (Normal) (G1 Preventive Collection)
[1.511s][info][gc,task        ] GC(92) Using 13 workers of 13 for evacuation
[1.519s][info][gc,phases      ] GC(92)   Pre Evacuate Collection Set: 0.2ms
[1.519s][info][gc,phases      ] GC(92)   Merge Heap Roots: 0.2ms
[1.519s][info][gc,phases      ] GC(92)   Evacuate Collection Set: 6.6ms
[1.519s][info][gc,phases      ] GC(92)   Post Evacuate Collection Set: 0.5ms
[1.519s][info][gc,phases      ] GC(92)   Other: 0.1ms
[1.519s][info][gc,heap        ] GC(92) Eden regions: 43->0(44)
[1.519s][info][gc,heap        ] GC(92) Survivor regions: 7->7(7)
[1.519s][info][gc,heap        ] GC(92) Old regions: 913->959
[1.519s][info][gc,heap        ] GC(92) Archive regions: 0->0
[1.519s][info][gc,heap        ] GC(92) Humongous regions: 5->5
[1.519s][info][gc,metaspace   ] GC(92) Metaspace: 8305K(8512K)->8305K(8512K) NonClass: 7536K(7616K)->7536K(7616K) Class: 768K(896K)->768K(896K)
[1.519s][info][gc             ] GC(92) Pause Young (Normal) (G1 Preventive Collection) 960M->962M(1024M) 7.544ms
[1.519s][info][gc,cpu         ] GC(92) User=0.08s Sys=0.00s Real=0.01s
[1.522s][info][gc,start       ] GC(93) Pause Young (Normal) (G1 Preventive Collection)
[1.522s][info][gc,task        ] GC(93) Using 13 workers of 13 for evacuation
[1.527s][info][gc,phases      ] GC(93)   Pre Evacuate Collection Set: 0.2ms
[1.527s][info][gc,phases      ] GC(93)   Merge Heap Roots: 0.2ms
[1.527s][info][gc,phases      ] GC(93)   Evacuate Collection Set: 4.0ms
[1.527s][info][gc,phases      ] GC(93)   Post Evacuate Collection Set: 0.5ms
[1.527s][info][gc,phases      ] GC(93)   Other: 0.1ms
[1.527s][info][gc,heap        ] GC(93) Eden regions: 21->0(44)
[1.527s][info][gc,heap        ] GC(93) Survivor regions: 7->7(7)
[1.527s][info][gc,heap        ] GC(93) Old regions: 959->984
[1.527s][info][gc,heap        ] GC(93) Archive regions: 0->0
[1.527s][info][gc,heap        ] GC(93) Humongous regions: 5->5
[1.527s][info][gc,metaspace   ] GC(93) Metaspace: 8305K(8512K)->8305K(8512K) NonClass: 7536K(7616K)->7536K(7616K) Class: 768K(896K)->768K(896K)
[1.527s][info][gc             ] GC(93) Pause Young (Normal) (G1 Preventive Collection) 983M->987M(1024M) 4.886ms
[1.527s][info][gc,cpu         ] GC(93) User=0.05s Sys=0.00s Real=0.01s
[1.529s][info][gc,start       ] GC(94) Pause Young (Normal) (G1 Preventive Collection)
[1.529s][info][gc,task        ] GC(94) Using 13 workers of 13 for evacuation
[1.531s][info][gc,phases      ] GC(94)   Pre Evacuate Collection Set: 0.2ms
[1.531s][info][gc,phases      ] GC(94)   Merge Heap Roots: 0.2ms
[1.531s][info][gc,phases      ] GC(94)   Evacuate Collection Set: 1.8ms
[1.531s][info][gc,phases      ] GC(94)   Post Evacuate Collection Set: 0.5ms
[1.531s][info][gc,phases      ] GC(94)   Other: 0.1ms
[1.531s][info][gc,heap        ] GC(94) Eden regions: 9->0(44)
[1.531s][info][gc,heap        ] GC(94) Survivor regions: 7->7(7)
[1.531s][info][gc,heap        ] GC(94) Old regions: 984->995
[1.531s][info][gc,heap        ] GC(94) Archive regions: 0->0
[1.531s][info][gc,heap        ] GC(94) Humongous regions: 5->5
[1.531s][info][gc,metaspace   ] GC(94) Metaspace: 8305K(8512K)->8305K(8512K) NonClass: 7536K(7616K)->7536K(7616K) Class: 768K(896K)->768K(896K)
[1.531s][info][gc             ] GC(94) Pause Young (Normal) (G1 Preventive Collection) 996M->999M(1024M) 2.717ms
[1.531s][info][gc,cpu         ] GC(94) User=0.02s Sys=0.00s Real=0.00s
[1.532s][info][gc,start       ] GC(95) Pause Young (Normal) (G1 Preventive Collection)
[1.532s][info][gc,task        ] GC(95) Using 13 workers of 13 for evacuation
[1.534s][info][gc,phases      ] GC(95)   Pre Evacuate Collection Set: 0.2ms
[1.534s][info][gc,phases      ] GC(95)   Merge Heap Roots: 0.2ms
[1.534s][info][gc,phases      ] GC(95)   Evacuate Collection Set: 1.3ms
[1.534s][info][gc,phases      ] GC(95)   Post Evacuate Collection Set: 0.5ms
[1.534s][info][gc,phases      ] GC(95)   Other: 0.1ms
[1.534s][info][gc,heap        ] GC(95) Eden regions: 4->0(46)
[1.534s][info][gc,heap        ] GC(95) Survivor regions: 7->5(7)
[1.534s][info][gc,heap        ] GC(95) Old regions: 995->1003
[1.534s][info][gc,heap        ] GC(95) Archive regions: 0->0
[1.534s][info][gc,heap        ] GC(95) Humongous regions: 5->5
[1.534s][info][gc,metaspace   ] GC(95) Metaspace: 8305K(8512K)->8305K(8512K) NonClass: 7536K(7616K)->7536K(7616K) Class: 768K(896K)->768K(896K)
[1.534s][info][gc             ] GC(95) Pause Young (Normal) (G1 Preventive Collection) 1003M->1005M(1024M) 2.246ms
[1.534s][info][gc,cpu         ] GC(95) User=0.01s Sys=0.00s Real=0.00s
[1.535s][info][gc,start       ] GC(96) Pause Young (Normal) (G1 Preventive Collection)
[1.535s][info][gc,task        ] GC(96) Using 13 workers of 13 for evacuation
[1.536s][info][gc,phases      ] GC(96)   Pre Evacuate Collection Set: 0.2ms
[1.537s][info][gc,phases      ] GC(96)   Merge Heap Roots: 0.2ms
[1.537s][info][gc,phases      ] GC(96)   Evacuate Collection Set: 0.8ms
[1.537s][info][gc,phases      ] GC(96)   Post Evacuate Collection Set: 0.5ms
[1.537s][info][gc,phases      ] GC(96)   Other: 0.1ms
[1.537s][info][gc,heap        ] GC(96) Eden regions: 2->0(48)
[1.537s][info][gc,heap        ] GC(96) Survivor regions: 5->3(7)
[1.537s][info][gc,heap        ] GC(96) Old regions: 1003->1008
[1.537s][info][gc,heap        ] GC(96) Archive regions: 0->0
[1.537s][info][gc,heap        ] GC(96) Humongous regions: 5->5
[1.537s][info][gc,metaspace   ] GC(96) Metaspace: 8305K(8512K)->8305K(8512K) NonClass: 7536K(7616K)->7536K(7616K) Class: 768K(896K)->768K(896K)
[1.537s][info][gc             ] GC(96) Pause Young (Normal) (G1 Preventive Collection) 1007M->1007M(1024M) 1.826ms
[1.537s][info][gc,cpu         ] GC(96) User=0.01s Sys=0.00s Real=0.01s
[1.537s][info][gc,start       ] GC(97) Pause Young (Normal) (G1 Preventive Collection)
[1.537s][info][gc,task        ] GC(97) Using 13 workers of 13 for evacuation
[1.539s][info][gc,phases      ] GC(97)   Pre Evacuate Collection Set: 0.2ms
[1.539s][info][gc,phases      ] GC(97)   Merge Heap Roots: 0.2ms
[1.539s][info][gc,phases      ] GC(97)   Evacuate Collection Set: 0.7ms
[1.539s][info][gc,phases      ] GC(97)   Post Evacuate Collection Set: 0.4ms
[1.539s][info][gc,phases      ] GC(97)   Other: 0.0ms
[1.539s][info][gc,heap        ] GC(97) Eden regions: 2->0(46)
[1.539s][info][gc,heap        ] GC(97) Survivor regions: 3->5(6)
[1.539s][info][gc,heap        ] GC(97) Old regions: 1008->1008
[1.539s][info][gc,heap        ] GC(97) Archive regions: 0->0
[1.539s][info][gc,heap        ] GC(97) Humongous regions: 5->5
[1.539s][info][gc,metaspace   ] GC(97) Metaspace: 8305K(8512K)->8305K(8512K) NonClass: 7536K(7616K)->7536K(7616K) Class: 768K(896K)->768K(896K)
[1.539s][info][gc             ] GC(97) Pause Young (Normal) (G1 Preventive Collection) 1009M->1009M(1024M) 1.688ms
[1.539s][info][gc,cpu         ] GC(97) User=0.00s Sys=0.00s Real=0.00s
[1.539s][info][gc,start       ] GC(98) Pause Young (Normal) (G1 Preventive Collection)
[1.539s][info][gc,task        ] GC(98) Using 13 workers of 13 for evacuation
[1.540s][info][gc,phases      ] GC(98)   Pre Evacuate Collection Set: 0.2ms
[1.540s][info][gc,phases      ] GC(98)   Merge Heap Roots: 0.2ms
[1.540s][info][gc,phases      ] GC(98)   Evacuate Collection Set: 0.6ms
[1.540s][info][gc,phases      ] GC(98)   Post Evacuate Collection Set: 0.4ms
[1.540s][info][gc,phases      ] GC(98)   Other: 0.0ms
[1.540s][info][gc,heap        ] GC(98) Eden regions: 1->0(48)
[1.540s][info][gc,heap        ] GC(98) Survivor regions: 5->3(5)
[1.540s][info][gc,heap        ] GC(98) Old regions: 1008->1010
[1.540s][info][gc,heap        ] GC(98) Archive regions: 0->0
[1.540s][info][gc,heap        ] GC(98) Humongous regions: 5->5
[1.540s][info][gc,metaspace   ] GC(98) Metaspace: 8305K(8512K)->8305K(8512K) NonClass: 7536K(7616K)->7536K(7616K) Class: 768K(896K)->768K(896K)
[1.540s][info][gc             ] GC(98) Pause Young (Normal) (G1 Preventive Collection) 1010M->1010M(1024M) 1.411ms
[1.540s][info][gc,cpu         ] GC(98) User=0.00s Sys=0.00s Real=0.00s
[1.541s][info][gc,start       ] GC(99) Pause Young (Normal) (G1 Preventive Collection)
[1.541s][info][gc,task        ] GC(99) Using 13 workers of 13 for evacuation
[1.542s][info][gc,phases      ] GC(99)   Pre Evacuate Collection Set: 0.2ms
[1.542s][info][gc,phases      ] GC(99)   Merge Heap Roots: 0.2ms
[1.542s][info][gc,phases      ] GC(99)   Evacuate Collection Set: 0.5ms
[1.542s][info][gc,phases      ] GC(99)   Post Evacuate Collection Set: 0.4ms
[1.542s][info][gc,phases      ] GC(99)   Other: 0.1ms
[1.542s][info][gc,heap        ] GC(99) Eden regions: 1->0(46)
[1.542s][info][gc,heap        ] GC(99) Survivor regions: 3->5(5)
[1.542s][info][gc,heap        ] GC(99) Old regions: 1010->1010
[1.542s][info][gc,heap        ] GC(99) Archive regions: 0->0
[1.542s][info][gc,heap        ] GC(99) Humongous regions: 5->5
[1.542s][info][gc,metaspace   ] GC(99) Metaspace: 8305K(8512K)->8305K(8512K) NonClass: 7536K(7616K)->7536K(7616K) Class: 768K(896K)->768K(896K)
[1.542s][info][gc             ] GC(99) Pause Young (Normal) (G1 Preventive Collection) 1011M->1011M(1024M) 1.403ms
[1.542s][info][gc,cpu         ] GC(99) User=0.00s Sys=0.00s Real=0.00s
[1.542s][info][gc,start       ] GC(100) Pause Young (Normal) (G1 Preventive Collection)
[1.542s][info][gc,task        ] GC(100) Using 13 workers of 13 for evacuation
[1.544s][info][gc             ] GC(100) To-space exhausted
[1.544s][info][gc,phases      ] GC(100)   Pre Evacuate Collection Set: 0.2ms
[1.544s][info][gc,phases      ] GC(100)   Merge Heap Roots: 0.2ms
[1.544s][info][gc,phases      ] GC(100)   Evacuate Collection Set: 0.8ms
[1.544s][info][gc,phases      ] GC(100)   Post Evacuate Collection Set: 0.5ms
[1.544s][info][gc,phases      ] GC(100)   Other: 0.1ms
[1.544s][info][gc,heap        ] GC(100) Eden regions: 1->0(49)
[1.544s][info][gc,heap        ] GC(100) Survivor regions: 5->2(3)
[1.544s][info][gc,heap        ] GC(100) Old regions: 1010->1016
[1.544s][info][gc,heap        ] GC(100) Archive regions: 0->0
[1.544s][info][gc,heap        ] GC(100) Humongous regions: 5->5
[1.544s][info][gc,metaspace   ] GC(100) Metaspace: 8305K(8512K)->8305K(8512K) NonClass: 7536K(7616K)->7536K(7616K) Class: 768K(896K)->768K(896K)
[1.544s][info][gc             ] GC(100) Pause Young (Normal) (G1 Preventive Collection) 1012M->1014M(1024M) 1.833ms
[1.544s][info][gc,cpu         ] GC(100) User=0.01s Sys=0.00s Real=0.00s
[1.544s][info][gc,start       ] GC(101) Pause Young (Normal) (G1 Evacuation Pause)
[1.544s][info][gc,task        ] GC(101) Using 13 workers of 13 for evacuation
[1.546s][info][gc             ] GC(101) To-space exhausted
[1.546s][info][gc,phases      ] GC(101)   Pre Evacuate Collection Set: 0.2ms
[1.546s][info][gc,phases      ] GC(101)   Merge Heap Roots: 0.2ms
[1.546s][info][gc,phases      ] GC(101)   Evacuate Collection Set: 0.6ms
[1.546s][info][gc,phases      ] GC(101)   Post Evacuate Collection Set: 0.5ms
[1.546s][info][gc,phases      ] GC(101)   Other: 0.1ms
[1.546s][info][gc,heap        ] GC(101) Eden regions: 1->0(51)
[1.546s][info][gc,heap        ] GC(101) Survivor regions: 2->0(0)
[1.546s][info][gc,heap        ] GC(101) Old regions: 1016->1019
[1.546s][info][gc,heap        ] GC(101) Archive regions: 0->0
[1.546s][info][gc,heap        ] GC(101) Humongous regions: 5->5
[1.546s][info][gc,metaspace   ] GC(101) Metaspace: 8305K(8512K)->8305K(8512K) NonClass: 7536K(7616K)->7536K(7616K) Class: 768K(896K)->768K(896K)
[1.546s][info][gc             ] GC(101) Pause Young (Normal) (G1 Evacuation Pause) 1015M->1015M(1024M) 1.557ms
[1.546s][info][gc,cpu         ] GC(101) User=0.00s Sys=0.01s Real=0.01s
[1.546s][info][gc,ergo        ] Attempting full compaction
[1.546s][info][gc,task        ] GC(102) Using 13 workers of 13 for full compaction
[1.546s][info][gc,start       ] GC(102) Pause Full (G1 Compaction Pause)
[1.547s][info][gc,phases,start] GC(102) Phase 1: Mark live objects
[1.557s][info][gc,phases      ] GC(102) Phase 1: Mark live objects 10.203ms
[1.557s][info][gc,phases,start] GC(102) Phase 2: Prepare for compaction
[1.559s][info][gc,phases      ] GC(102) Phase 2: Prepare for compaction 1.839ms
[1.559s][info][gc,phases,start] GC(102) Phase 3: Adjust pointers
[1.569s][info][gc,phases      ] GC(102) Phase 3: Adjust pointers 9.631ms
[1.569s][info][gc,phases,start] GC(102) Phase 4: Compact heap
[1.580s][info][gc,phases      ] GC(102) Phase 4: Compact heap 11.138ms
[1.581s][info][gc,heap        ] GC(102) Eden regions: 0->0(51)
[1.581s][info][gc,heap        ] GC(102) Survivor regions: 0->0(0)
[1.581s][info][gc,heap        ] GC(102) Old regions: 1019->847
[1.581s][info][gc,heap        ] GC(102) Archive regions: 0->0
[1.581s][info][gc,heap        ] GC(102) Humongous regions: 5->4
[1.581s][info][gc,metaspace   ] GC(102) Metaspace: 8305K(8512K)->8305K(8512K) NonClass: 7536K(7616K)->7536K(7616K) Class: 768K(896K)->768K(896K)
[1.581s][info][gc             ] GC(102) Pause Full (G1 Compaction Pause) 1015M->844M(1024M) 35.224ms
[1.581s][info][gc,cpu         ] GC(102) User=0.38s Sys=0.02s Real=0.03s
[1.582s][info][gc,marking     ] GC(89) Concurrent Rebuild Remembered Sets 72.365ms
[1.582s][info][gc,marking     ] GC(89) Concurrent Mark Abort
[1.582s][info][gc             ] GC(89) Concurrent Mark Cycle 113.994ms
[1.590s][info][gc,start       ] GC(103) Pause Young (Normal) (G1 Evacuation Pause)
[1.590s][info][gc,task        ] GC(103) Using 13 workers of 13 for evacuation
[1.600s][info][gc,phases      ] GC(103)   Pre Evacuate Collection Set: 0.2ms
[1.600s][info][gc,phases      ] GC(103)   Merge Heap Roots: 0.2ms
[1.600s][info][gc,phases      ] GC(103)   Evacuate Collection Set: 8.9ms
[1.600s][info][gc,phases      ] GC(103)   Post Evacuate Collection Set: 0.5ms
[1.600s][info][gc,phases      ] GC(103)   Other: 0.1ms
[1.600s][info][gc,heap        ] GC(103) Eden regions: 51->0(44)
[1.600s][info][gc,heap        ] GC(103) Survivor regions: 0->7(7)
[1.600s][info][gc,heap        ] GC(103) Old regions: 847->891
[1.600s][info][gc,heap        ] GC(103) Archive regions: 0->0
[1.600s][info][gc,heap        ] GC(103) Humongous regions: 4->4
[1.600s][info][gc,metaspace   ] GC(103) Metaspace: 8305K(8512K)->8305K(8512K) NonClass: 7536K(7616K)->7536K(7616K) Class: 768K(896K)->768K(896K)
[1.600s][info][gc             ] GC(103) Pause Young (Normal) (G1 Evacuation Pause) 895M->895M(1024M) 9.986ms
[1.600s][info][gc,cpu         ] GC(103) User=0.05s Sys=0.01s Real=0.01s
[1.607s][info][gc,start       ] GC(104) Pause Young (Concurrent Start) (G1 Evacuation Pause)
[1.607s][info][gc,task        ] GC(104) Using 13 workers of 13 for evacuation
[1.616s][info][gc,phases      ] GC(104)   Pre Evacuate Collection Set: 0.2ms
[1.616s][info][gc,phases      ] GC(104)   Merge Heap Roots: 0.3ms
[1.616s][info][gc,phases      ] GC(104)   Evacuate Collection Set: 7.5ms
[1.616s][info][gc,phases      ] GC(104)   Post Evacuate Collection Set: 0.7ms
[1.616s][info][gc,phases      ] GC(104)   Other: 0.1ms
[1.616s][info][gc,heap        ] GC(104) Eden regions: 44->0(44)
[1.616s][info][gc,heap        ] GC(104) Survivor regions: 7->7(7)
[1.616s][info][gc,heap        ] GC(104) Old regions: 891->936
[1.616s][info][gc,heap        ] GC(104) Archive regions: 0->0
[1.616s][info][gc,heap        ] GC(104) Humongous regions: 4->4
[1.616s][info][gc,metaspace   ] GC(104) Metaspace: 8305K(8512K)->8305K(8512K) NonClass: 7536K(7616K)->7536K(7616K) Class: 768K(896K)->768K(896K)
[1.616s][info][gc             ] GC(104) Pause Young (Concurrent Start) (G1 Evacuation Pause) 939M->939M(1024M) 8.844ms
[1.616s][info][gc,cpu         ] GC(104) User=0.06s Sys=0.01s Real=0.01s
[1.616s][info][gc             ] GC(105) Concurrent Mark Cycle
[1.616s][info][gc,marking     ] GC(105) Concurrent Clear Claimed Marks
[1.616s][info][gc,marking     ] GC(105) Concurrent Clear Claimed Marks 0.018ms
[1.616s][info][gc,marking     ] GC(105) Concurrent Scan Root Regions
[1.617s][info][gc,marking     ] GC(105) Concurrent Scan Root Regions 1.468ms
[1.617s][info][gc,marking     ] GC(105) Concurrent Mark
[1.617s][info][gc,marking     ] GC(105) Concurrent Mark From Roots
[1.617s][info][gc,task        ] GC(105) Using 3 workers of 3 for marking
[1.636s][info][gc,marking     ] GC(105) Concurrent Mark From Roots 18.715ms
[1.636s][info][gc,marking     ] GC(105) Concurrent Preclean
[1.636s][info][gc,marking     ] GC(105) Concurrent Preclean 0.054ms
[1.636s][info][gc,start       ] GC(105) Pause Remark
[1.638s][info][gc             ] GC(105) Pause Remark 972M->963M(1024M) 1.419ms
[1.638s][info][gc,cpu         ] GC(105) User=0.01s Sys=0.00s Real=0.00s
[1.638s][info][gc,marking     ] GC(105) Concurrent Mark 20.505ms
[1.638s][info][gc,marking     ] GC(105) Concurrent Rebuild Remembered Sets
[1.656s][info][gc,marking     ] GC(105) Concurrent Rebuild Remembered Sets 18.128ms
[1.656s][info][gc,start       ] GC(105) Pause Cleanup
Mixed GC count target: 1
[1.657s][info][gc             ] GC(105) Pause Cleanup 963M->963M(1024M) 0.321ms
[1.657s][info][gc,cpu         ] GC(105) User=0.00s Sys=0.00s Real=0.00s
[1.657s][info][gc,marking     ] GC(105) Concurrent Cleanup for Next Mark
[1.658s][info][gc,marking     ] GC(105) Concurrent Cleanup for Next Mark 1.021ms
[1.658s][info][gc             ] GC(105) Concurrent Mark Cycle 41.892ms
[1.658s][info][gc,heap,exit   ] Heap
[1.658s][info][gc,heap,exit   ]  garbage-first heap   total 1048576K, used 986864K [0x00000000c0000000, 0x0000000100000000)
[1.658s][info][gc,heap,exit   ]   region size 1024K, 40 young (40960K), 7 survivors (7168K)
[1.658s][info][gc,heap,exit   ]  Metaspace       used 8319K, committed 8512K, reserved 1114112K
[1.658s][info][gc,heap,exit   ]   class space    used 771K, committed 896K, reserved 1048576K
----------System.err:(1/15)----------
STATUS:Passed.
----------rerun:(36/2132)*----------
cd /home/webliu/TencentKona-17/JTwork/scratch && \\
DISPLAY=:0 \\
HOME=/home/webliu \\
JTREG_HOME=/home/webliu/jtreg/build/images/jtreg \\
LANG=C.UTF-8 \\
PATH=/bin:/usr/bin:/usr/sbin \\
WAYLAND_DISPLAY=wayland-0 \\
XDG_RUNTIME_DIR=/mnt/wslg/runtime-dir \\
CLASSPATH=/home/webliu/TencentKona-17/JTwork/classes/gc/LRUCacheTest.d:/home/webliu/TencentKona-17/test/hotspot/jtreg/gc:/home/webliu/TencentKona-17/JTwork/classes/test/lib:/home/webliu/TencentKona-17/test/lib:/home/webliu/jtreg/build/images/jtreg/lib/javatest.jar:/home/webliu/jtreg/build/images/jtreg/lib/jtreg.jar \\
    /home/webliu/TencentKona-17/build/linux-x86_64-server-release/jdk/bin/java \\
        -Dtest.vm.opts= \\
        -Dtest.tool.vm.opts= \\
        -Dtest.compiler.opts= \\
        -Dtest.java.opts= \\
        -Dtest.jdk=/home/webliu/TencentKona-17/build/linux-x86_64-server-release/jdk \\
        -Dcompile.jdk=/home/webliu/TencentKona-17/build/linux-x86_64-server-release/jdk \\
        -Dtest.timeout.factor=1.0 \\
        -Dtest.root=/home/webliu/TencentKona-17/test/hotspot/jtreg \\
        -Dtest.name=gc/LRUCacheTest.java \\
        -Dtest.file=/home/webliu/TencentKona-17/test/hotspot/jtreg/gc/LRUCacheTest.java \\
        -Dtest.src=/home/webliu/TencentKona-17/test/hotspot/jtreg/gc \\
        -Dtest.src.path=/home/webliu/TencentKona-17/test/hotspot/jtreg/gc:/home/webliu/TencentKona-17/test/lib \\
        -Dtest.classes=/home/webliu/TencentKona-17/JTwork/classes/gc/LRUCacheTest.d \\
        -Dtest.class.path=/home/webliu/TencentKona-17/JTwork/classes/gc/LRUCacheTest.d:/home/webliu/TencentKona-17/JTwork/classes/test/lib \\
        -Dtest.modules='java.base/jdk.internal.misc java.management' \\
        --add-modules java.base,java.management \\
        --add-exports java.base/jdk.internal.misc=ALL-UNNAMED \\
        -Xbootclasspath/a:. \\
        -XX:+UnlockDiagnosticVMOptions \\
        -XX:+WhiteBoxAPI \\
        -XX:+UseG1GC \\
        -Xlog:gc* \\
        -Xlog:gc:g1gc.log \\
        -Xms128m \\
        -Xmx1g \\
        com.sun.javatest.regtest.agent.MainWrapper /home/webliu/TencentKona-17/JTwork/gc/LRUCacheTest.d/main.1.jta
result: Passed. Execution successful


test result: Passed. Execution successful
