#Test Results (version 2)
#Mon Oct 07 20:37:24 CST 2024
#-----testdescription-----
$file=/home/webliu/TencentKona-17/test/hotspot/jtreg/gc/LRUCacheTest.java
$root=/home/webliu/TencentKona-17/test/hotspot/jtreg
keywords=bug1234567 othervm driver
library=/test/lib
modules=java.base/jdk.internal.misc java.management
run=USER_SPECIFIED build jdk.test.whitebox.WhiteBox\nUSER_SPECIFIED driver jdk.test.lib.helpers.ClassFileInstaller jdk.test.whitebox.WhiteBox\nUSER_SPECIFIED main/othervm -Xbootclasspath/a\:. -XX\:+UnlockDiagnosticVMOptions -XX\:+WhiteBoxAPI -XX\:+UseG1GC -Xlog\:gc* -Xlog\:gc\:g1gc.log -Xms128m -Xmx1g LRUCacheTest\n
source=LRUCacheTest.java
title=Test LRU Cache with Whitebox API using different GC methods and collect GC logs

#-----environment-----

#-----testresult-----
description=file\:/home/webliu/TencentKona-17/test/hotspot/jtreg/gc/LRUCacheTest.java
elapsed=1972 0\:00\:01.972
end=Mon Oct 07 20\:37\:24 CST 2024
environment=regtest
execStatus=Passed. Execution successful
harnessLoaderMode=Classpath Loader
harnessVariety=Full Bundle
hostname=qaq.
javatestOS=Linux 5.15.153.1-microsoft-standard-WSL2 (amd64)
javatestVersion=6.0-ea+b24-2024-08-23-${BUILT_FROM_COMMIT}
jtregVersion=jtreg 7.5 dev 0
modules=java.base/jdk.internal.misc java.management
script=com.sun.javatest.regtest.exec.RegressionScript
sections=script_messages build build driver build main
start=Mon Oct 07 20\:37\:22 CST 2024
test=gc/LRUCacheTest.java
testJDK=/home/webliu/TencentKona-17/build/linux-x86_64-server-release/jdk
testJDK_OS=[name\:Linux,arch\:amd64,version\:5.15.153.1-microsoft-standard-WSL2,family\:linux,simple_arch\:x64,simple_version\:5.15,processors\:16,maxMemory\:8198123520,maxSwap\:2147483648]
testJDK_os.arch=amd64
testJDK_os.name=Linux
testJDK_os.version=5.15.153.1-microsoft-standard-WSL2
totalTime=1975
user.name=webliu
work=/home/webliu/TencentKona-17/JTwork/gc

#section:script_messages
----------messages:(7/467)----------
JDK under test: /home/webliu/TencentKona-17/build/linux-x86_64-server-release/jdk
openjdk version "17.0.11-internal" 2024-04-16
OpenJDK Runtime Environment (build 17.0.11-internal+0-adhoc.webliu.TencentKona-17)
OpenJDK 64-Bit Server VM (build 17.0.11-internal+0-adhoc.webliu.TencentKona-17, mixed mode)
Library /test/lib; kind: packages
   source directory: /home/webliu/TencentKona-17/test/lib
   class directory: /home/webliu/TencentKona-17/JTwork/classes/test/lib

#section:build
----------messages:(5/218)----------
command: build jdk.test.whitebox.WhiteBox
reason: User specified action: run build jdk.test.whitebox.WhiteBox 
started: Mon Oct 07 20:37:22 CST 2024
finished: Mon Oct 07 20:37:22 CST 2024
elapsed time (seconds): 0.001
result: Passed. All files up to date

#section:build
----------messages:(5/199)----------
command: build jdk.test.lib.helpers.ClassFileInstaller
reason: Named class compiled on demand
started: Mon Oct 07 20:37:22 CST 2024
finished: Mon Oct 07 20:37:22 CST 2024
elapsed time (seconds): 0.0
result: Passed. All files up to date

#section:driver
----------messages:(7/442)----------
command: driver jdk.test.lib.helpers.ClassFileInstaller jdk.test.whitebox.WhiteBox
reason: User specified action: run driver jdk.test.lib.helpers.ClassFileInstaller jdk.test.whitebox.WhiteBox 
started: Mon Oct 07 20:37:22 CST 2024
Mode: othervm
Additional options from @modules: --add-modules java.base,java.management --add-exports java.base/jdk.internal.misc=ALL-UNNAMED
finished: Mon Oct 07 20:37:22 CST 2024
elapsed time (seconds): 0.134
----------configuration:(4/111)----------
Boot Layer
  add modules: java.base java.management   
  add exports: java.base/jdk.internal.misc ALL-UNNAMED

----------System.out:(0/0)----------
----------System.err:(1/15)----------
STATUS:Passed.
----------rerun:(28/1948)*----------
cd /home/webliu/TencentKona-17/JTwork/scratch && \\
DISPLAY=:0 \\
HOME=/home/webliu \\
JTREG_HOME=/home/webliu/jtreg/build/images/jtreg \\
LANG=C.UTF-8 \\
PATH=/bin:/usr/bin:/usr/sbin \\
WAYLAND_DISPLAY=wayland-0 \\
XDG_RUNTIME_DIR=/mnt/wslg/runtime-dir \\
CLASSPATH=/home/webliu/TencentKona-17/JTwork/classes/gc/LRUCacheTest.d:/home/webliu/TencentKona-17/test/hotspot/jtreg/gc:/home/webliu/TencentKona-17/JTwork/classes/test/lib:/home/webliu/TencentKona-17/test/lib:/home/webliu/jtreg/build/images/jtreg/lib/javatest.jar:/home/webliu/jtreg/build/images/jtreg/lib/jtreg.jar \\
    /home/webliu/TencentKona-17/build/linux-x86_64-server-release/jdk/bin/java \\
        -Dtest.vm.opts= \\
        -Dtest.tool.vm.opts= \\
        -Dtest.compiler.opts= \\
        -Dtest.java.opts= \\
        -Dtest.jdk=/home/webliu/TencentKona-17/build/linux-x86_64-server-release/jdk \\
        -Dcompile.jdk=/home/webliu/TencentKona-17/build/linux-x86_64-server-release/jdk \\
        -Dtest.timeout.factor=1.0 \\
        -Dtest.root=/home/webliu/TencentKona-17/test/hotspot/jtreg \\
        -Dtest.name=gc/LRUCacheTest.java \\
        -Dtest.file=/home/webliu/TencentKona-17/test/hotspot/jtreg/gc/LRUCacheTest.java \\
        -Dtest.src=/home/webliu/TencentKona-17/test/hotspot/jtreg/gc \\
        -Dtest.src.path=/home/webliu/TencentKona-17/test/hotspot/jtreg/gc:/home/webliu/TencentKona-17/test/lib \\
        -Dtest.classes=/home/webliu/TencentKona-17/JTwork/classes/gc/LRUCacheTest.d \\
        -Dtest.class.path=/home/webliu/TencentKona-17/JTwork/classes/gc/LRUCacheTest.d:/home/webliu/TencentKona-17/JTwork/classes/test/lib \\
        -Dtest.modules='java.base/jdk.internal.misc java.management' \\
        --add-modules java.base,java.management \\
        --add-exports java.base/jdk.internal.misc=ALL-UNNAMED \\
        com.sun.javatest.regtest.agent.MainWrapper /home/webliu/TencentKona-17/JTwork/gc/LRUCacheTest.d/driver.0.jta jdk.test.whitebox.WhiteBox
result: Passed. Execution successful

#section:build
----------messages:(5/172)----------
command: build LRUCacheTest
reason: Named class compiled on demand
started: Mon Oct 07 20:37:22 CST 2024
finished: Mon Oct 07 20:37:22 CST 2024
elapsed time (seconds): 0.0
result: Passed. All files up to date

#section:main
----------messages:(7/609)----------
command: main -Xbootclasspath/a:. -XX:+UnlockDiagnosticVMOptions -XX:+WhiteBoxAPI -XX:+UseG1GC -Xlog:gc* -Xlog:gc:g1gc.log -Xms128m -Xmx1g LRUCacheTest
reason: User specified action: run main/othervm -Xbootclasspath/a:. -XX:+UnlockDiagnosticVMOptions -XX:+WhiteBoxAPI -XX:+UseG1GC -Xlog:gc* -Xlog:gc:g1gc.log -Xms128m -Xmx1g LRUCacheTest 
started: Mon Oct 07 20:37:22 CST 2024
Mode: othervm [/othervm specified]
Additional options from @modules: --add-modules java.base,java.management --add-exports java.base/jdk.internal.misc=ALL-UNNAMED
finished: Mon Oct 07 20:37:24 CST 2024
elapsed time (seconds): 1.695
----------configuration:(4/111)----------
Boot Layer
  add modules: java.base java.management   
  add exports: java.base/jdk.internal.misc ALL-UNNAMED

----------System.out:(1781/129529)----------
[0.002s][info][gc] Using G1
[0.003s][info][gc,init] Version: 17.0.11-internal+0-adhoc.webliu.TencentKona-17 (release)
[0.003s][info][gc,init] CPUs: 16 total, 16 available
[0.003s][info][gc,init] Memory: 7818M
[0.003s][info][gc,init] Large Page Support: Disabled
[0.003s][info][gc,init] NUMA Support: Disabled
[0.003s][info][gc,init] Compressed Oops: Enabled (32-bit)
[0.003s][info][gc,init] Heap Region Size: 1M
[0.003s][info][gc,init] Heap Min Capacity: 128M
[0.003s][info][gc,init] Heap Initial Capacity: 128M
[0.003s][info][gc,init] Heap Max Capacity: 1G
[0.003s][info][gc,init] Pre-touch: Disabled
[0.003s][info][gc,init] Parallel Workers: 13
[0.003s][info][gc,init] Concurrent Workers: 3
[0.003s][info][gc,init] Concurrent Refinement Workers: 13
[0.003s][info][gc,init] Periodic GC: Disabled
[0.003s][info][gc,metaspace] CDS archive(s) not mapped
[0.003s][info][gc,metaspace] Compressed class space mapped at: 0x0000000100000000-0x0000000140000000, reserved size: 1073741824
[0.003s][info][gc,metaspace] Narrow klass base: 0x0000000000000000, Narrow klass shift: 3, Narrow klass range: 0x140000000
Max heap size: 1024.00 MB
Cache size: 104857
Total memory: 2147483647
[0.191s][info][gc,start    ] GC(0) Pause Young (Normal) (G1 Evacuation Pause)
[0.192s][info][gc,task     ] GC(0) Using 4 workers of 13 for evacuation
[0.197s][info][gc,phases   ] GC(0)   Pre Evacuate Collection Set: 0.1ms
[0.197s][info][gc,phases   ] GC(0)   Merge Heap Roots: 0.1ms
[0.197s][info][gc,phases   ] GC(0)   Evacuate Collection Set: 4.4ms
[0.197s][info][gc,phases   ] GC(0)   Post Evacuate Collection Set: 0.5ms
[0.197s][info][gc,phases   ] GC(0)   Other: 0.5ms
[0.197s][info][gc,heap     ] GC(0) Eden regions: 23->0(14)
[0.197s][info][gc,heap     ] GC(0) Survivor regions: 0->3(3)
[0.197s][info][gc,heap     ] GC(0) Old regions: 0->15
[0.197s][info][gc,heap     ] GC(0) Archive regions: 0->0
[0.197s][info][gc,heap     ] GC(0) Humongous regions: 1->1
[0.197s][info][gc,metaspace] GC(0) Metaspace: 8297K(8512K)->8297K(8512K) NonClass: 7525K(7616K)->7525K(7616K) Class: 771K(896K)->771K(896K)
[0.197s][info][gc          ] GC(0) Pause Young (Normal) (G1 Evacuation Pause) 24M->18M(128M) 5.593ms
[0.197s][info][gc,cpu      ] GC(0) User=0.02s Sys=0.01s Real=0.01s
[0.199s][info][gc,start    ] GC(1) Pause Young (Normal) (G1 Evacuation Pause)
[0.199s][info][gc,task     ] GC(1) Using 4 workers of 13 for evacuation
[0.205s][info][gc,phases   ] GC(1)   Pre Evacuate Collection Set: 0.1ms
[0.205s][info][gc,phases   ] GC(1)   Merge Heap Roots: 0.1ms
[0.205s][info][gc,phases   ] GC(1)   Evacuate Collection Set: 5.0ms
[0.205s][info][gc,phases   ] GC(1)   Post Evacuate Collection Set: 0.4ms
[0.205s][info][gc,phases   ] GC(1)   Other: 0.1ms
[0.205s][info][gc,heap     ] GC(1) Eden regions: 14->0(25)
[0.205s][info][gc,heap     ] GC(1) Survivor regions: 3->3(3)
[0.205s][info][gc,heap     ] GC(1) Old regions: 15->30
[0.205s][info][gc,heap     ] GC(1) Archive regions: 0->0
[0.205s][info][gc,heap     ] GC(1) Humongous regions: 1->1
[0.205s][info][gc,metaspace] GC(1) Metaspace: 8297K(8512K)->8297K(8512K) NonClass: 7525K(7616K)->7525K(7616K) Class: 771K(896K)->771K(896K)
[0.205s][info][gc          ] GC(1) Pause Young (Normal) (G1 Evacuation Pause) 32M->34M(128M) 5.733ms
[0.205s][info][gc,cpu      ] GC(1) User=0.01s Sys=0.01s Real=0.01s
[0.209s][info][gc,start    ] GC(2) Pause Young (Normal) (G1 Evacuation Pause)
[0.209s][info][gc,task     ] GC(2) Using 4 workers of 13 for evacuation
[0.216s][info][gc,phases   ] GC(2)   Pre Evacuate Collection Set: 0.1ms
[0.217s][info][gc,phases   ] GC(2)   Merge Heap Roots: 0.1ms
[0.217s][info][gc,phases   ] GC(2)   Evacuate Collection Set: 7.1ms
[0.217s][info][gc,phases   ] GC(2)   Post Evacuate Collection Set: 0.3ms
[0.217s][info][gc,phases   ] GC(2)   Other: 0.1ms
[0.217s][info][gc,heap     ] GC(2) Eden regions: 25->0(16)
[0.217s][info][gc,heap     ] GC(2) Survivor regions: 3->4(4)
[0.217s][info][gc,heap     ] GC(2) Old regions: 30->55
[0.217s][info][gc,heap     ] GC(2) Archive regions: 0->0
[0.217s][info][gc,heap     ] GC(2) Humongous regions: 1->1
[0.217s][info][gc,metaspace] GC(2) Metaspace: 8297K(8512K)->8297K(8512K) NonClass: 7525K(7616K)->7525K(7616K) Class: 771K(896K)->771K(896K)
[0.217s][info][gc          ] GC(2) Pause Young (Normal) (G1 Evacuation Pause) 59M->59M(128M) 7.701ms
[0.217s][info][gc,cpu      ] GC(2) User=0.00s Sys=0.03s Real=0.01s
[0.219s][info][gc,start    ] GC(3) Pause Young (Normal) (G1 Evacuation Pause)
[0.219s][info][gc,task     ] GC(3) Using 4 workers of 13 for evacuation
[0.227s][info][gc,phases   ] GC(3)   Pre Evacuate Collection Set: 0.1ms
[0.227s][info][gc,phases   ] GC(3)   Merge Heap Roots: 0.1ms
[0.227s][info][gc,phases   ] GC(3)   Evacuate Collection Set: 6.7ms
[0.227s][info][gc,phases   ] GC(3)   Post Evacuate Collection Set: 0.4ms
[0.227s][info][gc,phases   ] GC(3)   Other: 0.1ms
[0.227s][info][gc,heap     ] GC(3) Eden regions: 16->0(11)
[0.227s][info][gc,heap     ] GC(3) Survivor regions: 4->3(3)
[0.227s][info][gc,heap     ] GC(3) Old regions: 55->73
[0.227s][info][gc,heap     ] GC(3) Archive regions: 0->0
[0.227s][info][gc,heap     ] GC(3) Humongous regions: 1->1
[0.227s][info][gc,metaspace] GC(3) Metaspace: 8297K(8512K)->8297K(8512K) NonClass: 7525K(7616K)->7525K(7616K) Class: 771K(896K)->771K(896K)
[0.227s][info][gc          ] GC(3) Pause Young (Normal) (G1 Evacuation Pause) 75M->76M(128M) 7.557ms
[0.227s][info][gc,cpu      ] GC(3) User=0.02s Sys=0.02s Real=0.01s
[0.228s][info][gc,start    ] GC(4) Pause Young (Concurrent Start) (G1 Evacuation Pause)
[0.228s][info][gc,task     ] GC(4) Using 4 workers of 13 for evacuation
[0.235s][info][gc,phases   ] GC(4)   Pre Evacuate Collection Set: 0.1ms
[0.235s][info][gc,phases   ] GC(4)   Merge Heap Roots: 0.1ms
[0.235s][info][gc,phases   ] GC(4)   Evacuate Collection Set: 4.3ms
[0.235s][info][gc,phases   ] GC(4)   Post Evacuate Collection Set: 1.5ms
[0.235s][info][gc,phases   ] GC(4)   Other: 0.2ms
[0.235s][info][gc,heap     ] GC(4) Eden regions: 11->0(47)
[0.235s][info][gc,heap     ] GC(4) Survivor regions: 3->2(2)
[0.235s][info][gc,heap     ] GC(4) Old regions: 73->86
[0.235s][info][gc,heap     ] GC(4) Archive regions: 0->0
[0.235s][info][gc,heap     ] GC(4) Humongous regions: 1->1
[0.235s][info][gc,metaspace] GC(4) Metaspace: 8297K(8512K)->8297K(8512K) NonClass: 7525K(7616K)->7525K(7616K) Class: 771K(896K)->771K(896K)
[0.235s][info][gc          ] GC(4) Pause Young (Concurrent Start) (G1 Evacuation Pause) 87M->89M(384M) 6.262ms
[0.235s][info][gc,cpu      ] GC(4) User=0.00s Sys=0.01s Real=0.01s
[0.235s][info][gc          ] GC(5) Concurrent Mark Cycle
[0.235s][info][gc,marking  ] GC(5) Concurrent Clear Claimed Marks
[0.235s][info][gc,marking  ] GC(5) Concurrent Clear Claimed Marks 0.015ms
[0.235s][info][gc,marking  ] GC(5) Concurrent Scan Root Regions
[0.237s][info][gc,marking  ] GC(5) Concurrent Scan Root Regions 1.908ms
[0.237s][info][gc,marking  ] GC(5) Concurrent Mark
[0.237s][info][gc,marking  ] GC(5) Concurrent Mark From Roots
[0.237s][info][gc,task     ] GC(5) Using 3 workers of 3 for marking
[0.241s][info][gc,marking  ] GC(5) Concurrent Mark From Roots 3.942ms
[0.241s][info][gc,marking  ] GC(5) Concurrent Preclean
[0.241s][info][gc,marking  ] GC(5) Concurrent Preclean 0.042ms
[0.241s][info][gc,start    ] GC(5) Pause Remark
[0.242s][info][gc          ] GC(5) Pause Remark 103M->103M(347M) 0.988ms
[0.242s][info][gc,cpu      ] GC(5) User=0.00s Sys=0.00s Real=0.00s
[0.242s][info][gc,marking  ] GC(5) Concurrent Mark 5.480ms
[0.242s][info][gc,marking  ] GC(5) Concurrent Rebuild Remembered Sets
[0.245s][info][gc,marking  ] GC(5) Concurrent Rebuild Remembered Sets 2.214ms
[0.245s][info][gc,start    ] GC(5) Pause Cleanup
Mixed GC count target: 8
[0.245s][info][gc          ] GC(5) Pause Cleanup 108M->108M(347M) 0.106ms
[0.245s][info][gc,cpu      ] GC(5) User=0.00s Sys=0.00s Real=0.00s
[0.245s][info][gc,marking  ] GC(5) Concurrent Cleanup for Next Mark
[0.246s][info][gc,marking  ] GC(5) Concurrent Cleanup for Next Mark 0.928ms
[0.246s][info][gc          ] GC(5) Concurrent Mark Cycle 11.254ms
[0.255s][info][gc,start    ] GC(6) Pause Young (Normal) (G1 Evacuation Pause)
[0.255s][info][gc,task     ] GC(6) Using 8 workers of 13 for evacuation
[0.268s][info][gc,phases   ] GC(6)   Pre Evacuate Collection Set: 0.2ms
[0.268s][info][gc,phases   ] GC(6)   Merge Heap Roots: 0.1ms
[0.268s][info][gc,phases   ] GC(6)   Evacuate Collection Set: 12.0ms
[0.268s][info][gc,phases   ] GC(6)   Post Evacuate Collection Set: 0.6ms
[0.268s][info][gc,phases   ] GC(6)   Other: 0.7ms
[0.268s][info][gc,heap     ] GC(6) Eden regions: 47->0(53)
[0.268s][info][gc,heap     ] GC(6) Survivor regions: 2->7(7)
[0.268s][info][gc,heap     ] GC(6) Old regions: 86->130
[0.268s][info][gc,heap     ] GC(6) Archive regions: 0->0
[0.268s][info][gc,heap     ] GC(6) Humongous regions: 1->1
[0.268s][info][gc,metaspace] GC(6) Metaspace: 8297K(8512K)->8297K(8512K) NonClass: 7525K(7616K)->7525K(7616K) Class: 771K(896K)->771K(896K)
[0.268s][info][gc          ] GC(6) Pause Young (Normal) (G1 Evacuation Pause) 136M->138M(347M) 13.672ms
[0.268s][info][gc,cpu      ] GC(6) User=0.09s Sys=0.00s Real=0.01s
[0.276s][info][gc,start    ] GC(7) Pause Young (Normal) (G1 Evacuation Pause)
[0.276s][info][gc,task     ] GC(7) Using 8 workers of 13 for evacuation
[0.299s][info][gc,phases   ] GC(7)   Pre Evacuate Collection Set: 0.2ms
[0.299s][info][gc,phases   ] GC(7)   Merge Heap Roots: 0.1ms
[0.299s][info][gc,phases   ] GC(7)   Evacuate Collection Set: 22.0ms
[0.299s][info][gc,phases   ] GC(7)   Post Evacuate Collection Set: 0.7ms
[0.299s][info][gc,phases   ] GC(7)   Other: 0.1ms
[0.299s][info][gc,heap     ] GC(7) Eden regions: 53->0(35)
[0.299s][info][gc,heap     ] GC(7) Survivor regions: 7->8(8)
[0.299s][info][gc,heap     ] GC(7) Old regions: 130->186
[0.299s][info][gc,heap     ] GC(7) Archive regions: 0->0
[0.299s][info][gc,heap     ] GC(7) Humongous regions: 1->1
[0.299s][info][gc,metaspace] GC(7) Metaspace: 8297K(8512K)->8297K(8512K) NonClass: 7525K(7616K)->7525K(7616K) Class: 771K(896K)->771K(896K)
[0.299s][info][gc          ] GC(7) Pause Young (Normal) (G1 Evacuation Pause) 191M->194M(347M) 23.225ms
[0.299s][info][gc,cpu      ] GC(7) User=0.02s Sys=0.14s Real=0.02s
[0.304s][info][gc,start    ] GC(8) Pause Young (Concurrent Start) (G1 Evacuation Pause)
[0.304s][info][gc,task     ] GC(8) Using 8 workers of 13 for evacuation
[0.318s][info][gc,phases   ] GC(8)   Pre Evacuate Collection Set: 0.2ms
[0.318s][info][gc,phases   ] GC(8)   Merge Heap Roots: 0.2ms
[0.318s][info][gc,phases   ] GC(8)   Evacuate Collection Set: 13.0ms
[0.318s][info][gc,phases   ] GC(8)   Post Evacuate Collection Set: 0.4ms
[0.318s][info][gc,phases   ] GC(8)   Other: 0.1ms
[0.318s][info][gc,heap     ] GC(8) Eden regions: 35->0(24)
[0.318s][info][gc,heap     ] GC(8) Survivor regions: 8->6(6)
[0.318s][info][gc,heap     ] GC(8) Old regions: 186->226
[0.318s][info][gc,heap     ] GC(8) Archive regions: 0->0
[0.318s][info][gc,heap     ] GC(8) Humongous regions: 1->1
[0.318s][info][gc,metaspace] GC(8) Metaspace: 8309K(8512K)->8309K(8512K) NonClass: 7537K(7616K)->7537K(7616K) Class: 771K(896K)->771K(896K)
[0.318s][info][gc          ] GC(8) Pause Young (Concurrent Start) (G1 Evacuation Pause) 229M->232M(347M) 13.959ms
[0.318s][info][gc,cpu      ] GC(8) User=0.05s Sys=0.05s Real=0.02s
[0.318s][info][gc          ] GC(9) Concurrent Mark Cycle
[0.318s][info][gc,marking  ] GC(9) Concurrent Clear Claimed Marks
[0.318s][info][gc,marking  ] GC(9) Concurrent Clear Claimed Marks 0.020ms
[0.318s][info][gc,marking  ] GC(9) Concurrent Scan Root Regions
[0.321s][info][gc,marking  ] GC(9) Concurrent Scan Root Regions 2.698ms
[0.321s][info][gc,marking  ] GC(9) Concurrent Mark
[0.321s][info][gc,marking  ] GC(9) Concurrent Mark From Roots
[0.321s][info][gc,task     ] GC(9) Using 3 workers of 3 for marking
[0.322s][info][gc,start    ] GC(10) Pause Young (Normal) (G1 Evacuation Pause)
[0.322s][info][gc,task     ] GC(10) Using 8 workers of 13 for evacuation
[0.334s][info][gc,phases   ] GC(10)   Pre Evacuate Collection Set: 0.1ms
[0.334s][info][gc,phases   ] GC(10)   Merge Heap Roots: 0.2ms
[0.334s][info][gc,phases   ] GC(10)   Evacuate Collection Set: 10.2ms
[0.334s][info][gc,phases   ] GC(10)   Post Evacuate Collection Set: 0.8ms
[0.334s][info][gc,phases   ] GC(10)   Other: 0.1ms
[0.334s][info][gc,heap     ] GC(10) Eden regions: 24->0(15)
[0.334s][info][gc,heap     ] GC(10) Survivor regions: 6->4(4)
[0.334s][info][gc,heap     ] GC(10) Old regions: 226->255
[0.334s][info][gc,heap     ] GC(10) Archive regions: 0->0
[0.334s][info][gc,heap     ] GC(10) Humongous regions: 1->1
[0.334s][info][gc,metaspace] GC(10) Metaspace: 8309K(8512K)->8309K(8512K) NonClass: 7537K(7616K)->7537K(7616K) Class: 771K(896K)->771K(896K)
[0.334s][info][gc          ] GC(10) Pause Young (Normal) (G1 Evacuation Pause) 256M->259M(347M) 11.481ms
[0.334s][info][gc,cpu      ] GC(10) User=0.01s Sys=0.07s Real=0.01s
[0.337s][info][gc,start    ] GC(11) Pause Young (Normal) (G1 Evacuation Pause)
[0.337s][info][gc,task     ] GC(11) Using 8 workers of 13 for evacuation
[0.344s][info][gc,phases   ] GC(11)   Pre Evacuate Collection Set: 0.2ms
[0.344s][info][gc,phases   ] GC(11)   Merge Heap Roots: 0.2ms
[0.344s][info][gc,phases   ] GC(11)   Evacuate Collection Set: 5.8ms
[0.344s][info][gc,phases   ] GC(11)   Post Evacuate Collection Set: 1.3ms
[0.344s][info][gc,phases   ] GC(11)   Other: 0.1ms
[0.344s][info][gc,heap     ] GC(11) Eden regions: 15->0(86)
[0.344s][info][gc,heap     ] GC(11) Survivor regions: 4->3(3)
[0.344s][info][gc,heap     ] GC(11) Old regions: 255->274
[0.344s][info][gc,heap     ] GC(11) Archive regions: 0->0
[0.344s][info][gc,heap     ] GC(11) Humongous regions: 1->1
[0.344s][info][gc,metaspace] GC(11) Metaspace: 8309K(8512K)->8309K(8512K) NonClass: 7537K(7616K)->7537K(7616K) Class: 771K(896K)->771K(896K)
[0.344s][info][gc          ] GC(11) Pause Young (Normal) (G1 Evacuation Pause) 274M->277M(618M) 7.623ms
[0.344s][info][gc,cpu      ] GC(11) User=0.03s Sys=0.01s Real=0.01s
[0.348s][info][gc,marking  ] GC(9) Concurrent Mark From Roots 27.223ms
[0.348s][info][gc,marking  ] GC(9) Concurrent Preclean
[0.348s][info][gc,marking  ] GC(9) Concurrent Preclean 0.054ms
[0.349s][info][gc,start    ] GC(9) Pause Remark
[0.350s][info][gc          ] GC(9) Pause Remark 289M->289M(618M) 1.149ms
[0.350s][info][gc,cpu      ] GC(9) User=0.00s Sys=0.00s Real=0.00s
[0.350s][info][gc,marking  ] GC(9) Concurrent Mark 29.246ms
[0.350s][info][gc,marking  ] GC(9) Concurrent Rebuild Remembered Sets
[0.357s][info][gc,marking  ] GC(9) Concurrent Rebuild Remembered Sets 6.980ms
[0.358s][info][gc,start    ] GC(9) Pause Cleanup
Mixed GC count target: 8
[0.358s][info][gc          ] GC(9) Pause Cleanup 309M->309M(618M) 0.240ms
[0.358s][info][gc,cpu      ] GC(9) User=0.00s Sys=0.00s Real=0.00s
[0.358s][info][gc,marking  ] GC(9) Concurrent Cleanup for Next Mark
[0.360s][info][gc,marking  ] GC(9) Concurrent Cleanup for Next Mark 2.058ms
[0.360s][info][gc          ] GC(9) Concurrent Mark Cycle 42.070ms
[0.381s][info][gc,start    ] GC(12) Pause Young (Prepare Mixed) (G1 Evacuation Pause)
[0.381s][info][gc,task     ] GC(12) Using 13 workers of 13 for evacuation
Mixed GC count target: 8
[0.416s][info][gc,phases   ] GC(12)   Pre Evacuate Collection Set: 0.2ms
[0.416s][info][gc,phases   ] GC(12)   Merge Heap Roots: 0.2ms
[0.416s][info][gc,phases   ] GC(12)   Evacuate Collection Set: 32.9ms
[0.416s][info][gc,phases   ] GC(12)   Post Evacuate Collection Set: 0.9ms
[0.416s][info][gc,phases   ] GC(12)   Other: 0.9ms
[0.416s][info][gc,heap     ] GC(12) Eden regions: 86->0(18)
[0.416s][info][gc,heap     ] GC(12) Survivor regions: 3->12(12)
[0.416s][info][gc,heap     ] GC(12) Old regions: 274->354
[0.416s][info][gc,heap     ] GC(12) Archive regions: 0->0
[0.416s][info][gc,heap     ] GC(12) Humongous regions: 3->3
[0.416s][info][gc,metaspace] GC(12) Metaspace: 8309K(8512K)->8309K(8512K) NonClass: 7537K(7616K)->7537K(7616K) Class: 771K(896K)->771K(896K)
[0.416s][info][gc          ] GC(12) Pause Young (Prepare Mixed) (G1 Evacuation Pause) 365M->368M(618M) 35.142ms
[0.416s][info][gc,cpu      ] GC(12) User=0.19s Sys=0.22s Real=0.04s
[0.419s][info][gc,start    ] GC(13) Pause Young (Mixed) (G1 Evacuation Pause)
[0.419s][info][gc,task     ] GC(13) Using 13 workers of 13 for evacuation
Mixed GC count target: 8
Old CSet region threshold percent: 10
[0.427s][info][gc,phases   ] GC(13)   Pre Evacuate Collection Set: 0.2ms
[0.427s][info][gc,phases   ] GC(13)   Merge Heap Roots: 0.2ms
[0.427s][info][gc,phases   ] GC(13)   Evacuate Collection Set: 7.2ms
[0.427s][info][gc,phases   ] GC(13)   Post Evacuate Collection Set: 0.6ms
[0.427s][info][gc,phases   ] GC(13)   Other: 0.2ms
[0.427s][info][gc,heap     ] GC(13) Eden regions: 18->0(51)
[0.427s][info][gc,heap     ] GC(13) Survivor regions: 12->4(4)
[0.427s][info][gc,heap     ] GC(13) Old regions: 354->382
[0.427s][info][gc,heap     ] GC(13) Archive regions: 0->0
[0.427s][info][gc,heap     ] GC(13) Humongous regions: 3->3
[0.427s][info][gc,metaspace] GC(13) Metaspace: 8309K(8512K)->8309K(8512K) NonClass: 7537K(7616K)->7537K(7616K) Class: 771K(896K)->771K(896K)
[0.427s][info][gc          ] GC(13) Pause Young (Mixed) (G1 Evacuation Pause) 386M->388M(618M) 8.456ms
[0.427s][info][gc,cpu      ] GC(13) User=0.08s Sys=0.00s Real=0.01s
[0.433s][info][gc,start    ] GC(14) Pause Young (Concurrent Start) (G1 Evacuation Pause)
[0.433s][info][gc,task     ] GC(14) Using 13 workers of 13 for evacuation
[0.458s][info][gc,phases   ] GC(14)   Pre Evacuate Collection Set: 0.2ms
[0.458s][info][gc,phases   ] GC(14)   Merge Heap Roots: 0.2ms
[0.458s][info][gc,phases   ] GC(14)   Evacuate Collection Set: 24.1ms
[0.458s][info][gc,phases   ] GC(14)   Post Evacuate Collection Set: 0.7ms
[0.458s][info][gc,phases   ] GC(14)   Other: 0.1ms
[0.458s][info][gc,heap     ] GC(14) Eden regions: 51->0(33)
[0.458s][info][gc,heap     ] GC(14) Survivor regions: 4->7(7)
[0.458s][info][gc,heap     ] GC(14) Old regions: 382->436
[0.458s][info][gc,heap     ] GC(14) Archive regions: 0->0
[0.458s][info][gc,heap     ] GC(14) Humongous regions: 3->3
[0.458s][info][gc,metaspace] GC(14) Metaspace: 8309K(8512K)->8309K(8512K) NonClass: 7537K(7616K)->7537K(7616K) Class: 771K(896K)->771K(896K)
[0.458s][info][gc          ] GC(14) Pause Young (Concurrent Start) (G1 Evacuation Pause) 439M->445M(618M) 25.474ms
[0.458s][info][gc,cpu      ] GC(14) User=0.11s Sys=0.18s Real=0.03s
[0.459s][info][gc          ] GC(15) Concurrent Mark Cycle
[0.459s][info][gc,marking  ] GC(15) Concurrent Clear Claimed Marks
[0.459s][info][gc,marking  ] GC(15) Concurrent Clear Claimed Marks 0.024ms
[0.459s][info][gc,marking  ] GC(15) Concurrent Scan Root Regions
[0.461s][info][gc,marking  ] GC(15) Concurrent Scan Root Regions 2.194ms
[0.461s][info][gc,marking  ] GC(15) Concurrent Mark
[0.461s][info][gc,marking  ] GC(15) Concurrent Mark From Roots
[0.461s][info][gc,task     ] GC(15) Using 3 workers of 3 for marking
[0.464s][info][gc,start    ] GC(16) Pause Young (Normal) (G1 Evacuation Pause)
[0.464s][info][gc,task     ] GC(16) Using 13 workers of 13 for evacuation
[0.484s][info][gc,phases   ] GC(16)   Pre Evacuate Collection Set: 0.2ms
[0.484s][info][gc,phases   ] GC(16)   Merge Heap Roots: 0.2ms
[0.484s][info][gc,phases   ] GC(16)   Evacuate Collection Set: 18.6ms
[0.484s][info][gc,phases   ] GC(16)   Post Evacuate Collection Set: 0.5ms
[0.484s][info][gc,phases   ] GC(16)   Other: 0.1ms
[0.484s][info][gc,heap     ] GC(16) Eden regions: 33->0(25)
[0.484s][info][gc,heap     ] GC(16) Survivor regions: 7->5(5)
[0.484s][info][gc,heap     ] GC(16) Old regions: 436->476
[0.484s][info][gc,heap     ] GC(16) Archive regions: 0->0
[0.484s][info][gc,heap     ] GC(16) Humongous regions: 3->3
[0.484s][info][gc,metaspace] GC(16) Metaspace: 8309K(8512K)->8309K(8512K) NonClass: 7537K(7616K)->7537K(7616K) Class: 771K(896K)->771K(896K)
[0.484s][info][gc          ] GC(16) Pause Young (Normal) (G1 Evacuation Pause) 478M->483M(618M) 19.771ms
[0.484s][info][gc,cpu      ] GC(16) User=0.08s Sys=0.15s Real=0.02s
[0.489s][info][gc,start    ] GC(17) Pause Young (Normal) (G1 Evacuation Pause)
[0.489s][info][gc,task     ] GC(17) Using 13 workers of 13 for evacuation
[0.505s][info][gc,phases   ] GC(17)   Pre Evacuate Collection Set: 0.2ms
[0.505s][info][gc,phases   ] GC(17)   Merge Heap Roots: 0.2ms
[0.505s][info][gc,phases   ] GC(17)   Evacuate Collection Set: 14.4ms
[0.505s][info][gc,phases   ] GC(17)   Post Evacuate Collection Set: 1.1ms
[0.505s][info][gc,phases   ] GC(17)   Other: 0.1ms
[0.505s][info][gc,heap     ] GC(17) Eden regions: 25->0(58)
[0.505s][info][gc,heap     ] GC(17) Survivor regions: 5->4(4)
[0.505s][info][gc,heap     ] GC(17) Old regions: 476->507
[0.505s][info][gc,heap     ] GC(17) Archive regions: 0->0
[0.505s][info][gc,heap     ] GC(17) Humongous regions: 3->3
[0.505s][info][gc,metaspace] GC(17) Metaspace: 8309K(8512K)->8309K(8512K) NonClass: 7537K(7616K)->7537K(7616K) Class: 771K(896K)->771K(896K)
[0.505s][info][gc          ] GC(17) Pause Young (Normal) (G1 Evacuation Pause) 508M->514M(781M) 15.981ms
[0.505s][info][gc,cpu      ] GC(17) User=0.05s Sys=0.11s Real=0.02s
[0.509s][info][gc,marking  ] GC(15) Concurrent Mark From Roots 47.785ms
[0.509s][info][gc,marking  ] GC(15) Concurrent Preclean
[0.509s][info][gc,marking  ] GC(15) Concurrent Preclean 0.052ms
[0.509s][info][gc,start    ] GC(15) Pause Remark
[0.510s][info][gc          ] GC(15) Pause Remark 525M->487M(814M) 1.434ms
[0.510s][info][gc,cpu      ] GC(15) User=0.00s Sys=0.00s Real=0.00s
[0.511s][info][gc,marking  ] GC(15) Concurrent Mark 49.658ms
[0.511s][info][gc,marking  ] GC(15) Concurrent Rebuild Remembered Sets
[0.521s][info][gc,marking  ] GC(15) Concurrent Rebuild Remembered Sets 10.577ms
[0.521s][info][gc,start    ] GC(15) Pause Cleanup
Mixed GC count target: 8
[0.522s][info][gc          ] GC(15) Pause Cleanup 516M->516M(814M) 0.367ms
[0.522s][info][gc,cpu      ] GC(15) User=0.01s Sys=0.00s Real=0.00s
[0.522s][info][gc,marking  ] GC(15) Concurrent Cleanup for Next Mark
[0.524s][info][gc,marking  ] GC(15) Concurrent Cleanup for Next Mark 2.069ms
[0.524s][info][gc          ] GC(15) Concurrent Mark Cycle 65.358ms
[0.528s][info][gc,start    ] GC(18) Pause Young (Prepare Mixed) (G1 Evacuation Pause)
[0.528s][info][gc,task     ] GC(18) Using 13 workers of 13 for evacuation
Mixed GC count target: 8
[0.548s][info][gc,phases   ] GC(18)   Pre Evacuate Collection Set: 0.2ms
[0.548s][info][gc,phases   ] GC(18)   Merge Heap Roots: 0.2ms
[0.548s][info][gc,phases   ] GC(18)   Evacuate Collection Set: 19.6ms
[0.548s][info][gc,phases   ] GC(18)   Post Evacuate Collection Set: 0.5ms
[0.548s][info][gc,phases   ] GC(18)   Other: 0.1ms
[0.548s][info][gc,heap     ] GC(18) Eden regions: 58->0(32)
[0.548s][info][gc,heap     ] GC(18) Survivor regions: 4->8(8)
[0.548s][info][gc,heap     ] GC(18) Old regions: 470->527
[0.548s][info][gc,heap     ] GC(18) Archive regions: 0->0
[0.548s][info][gc,heap     ] GC(18) Humongous regions: 2->2
[0.548s][info][gc,metaspace] GC(18) Metaspace: 8309K(8512K)->8309K(8512K) NonClass: 7537K(7616K)->7537K(7616K) Class: 771K(896K)->771K(896K)
[0.548s][info][gc          ] GC(18) Pause Young (Prepare Mixed) (G1 Evacuation Pause) 534M->536M(814M) 20.493ms
[0.548s][info][gc,cpu      ] GC(18) User=0.05s Sys=0.20s Real=0.02s
[0.552s][info][gc,start    ] GC(19) Pause Young (Mixed) (G1 Evacuation Pause)
[0.552s][info][gc,task     ] GC(19) Using 13 workers of 13 for evacuation
Mixed GC count target: 8
Old CSet region threshold percent: 10
[0.559s][info][gc,phases   ] GC(19)   Pre Evacuate Collection Set: 0.2ms
[0.559s][info][gc,phases   ] GC(19)   Merge Heap Roots: 0.2ms
[0.559s][info][gc,phases   ] GC(19)   Evacuate Collection Set: 5.6ms
[0.559s][info][gc,phases   ] GC(19)   Post Evacuate Collection Set: 0.5ms
[0.559s][info][gc,phases   ] GC(19)   Other: 0.1ms
[0.559s][info][gc,heap     ] GC(19) Eden regions: 32->0(55)
[0.559s][info][gc,heap     ] GC(19) Survivor regions: 8->5(5)
[0.559s][info][gc,heap     ] GC(19) Old regions: 527->546
[0.559s][info][gc,heap     ] GC(19) Archive regions: 0->0
[0.559s][info][gc,heap     ] GC(19) Humongous regions: 2->2
[0.559s][info][gc,metaspace] GC(19) Metaspace: 8309K(8512K)->8309K(8512K) NonClass: 7537K(7616K)->7537K(7616K) Class: 771K(896K)->771K(896K)
[0.559s][info][gc          ] GC(19) Pause Young (Mixed) (G1 Evacuation Pause) 568M->553M(814M) 6.542ms
[0.559s][info][gc,cpu      ] GC(19) User=0.07s Sys=0.00s Real=0.01s
[0.564s][info][gc,start    ] GC(20) Pause Young (Concurrent Start) (G1 Evacuation Pause)
[0.564s][info][gc,task     ] GC(20) Using 13 workers of 13 for evacuation
[0.575s][info][gc,phases   ] GC(20)   Pre Evacuate Collection Set: 0.2ms
[0.575s][info][gc,phases   ] GC(20)   Merge Heap Roots: 0.2ms
[0.575s][info][gc,phases   ] GC(20)   Evacuate Collection Set: 10.3ms
[0.575s][info][gc,phases   ] GC(20)   Post Evacuate Collection Set: 0.5ms
[0.575s][info][gc,phases   ] GC(20)   Other: 0.1ms
[0.575s][info][gc,heap     ] GC(20) Eden regions: 55->0(36)
[0.575s][info][gc,heap     ] GC(20) Survivor regions: 5->8(8)
[0.575s][info][gc,heap     ] GC(20) Old regions: 546->602
[0.575s][info][gc,heap     ] GC(20) Archive regions: 0->0
[0.575s][info][gc,heap     ] GC(20) Humongous regions: 2->2
[0.575s][info][gc,metaspace] GC(20) Metaspace: 8309K(8512K)->8309K(8512K) NonClass: 7537K(7616K)->7537K(7616K) Class: 771K(896K)->771K(896K)
[0.575s][info][gc          ] GC(20) Pause Young (Concurrent Start) (G1 Evacuation Pause) 608M->612M(814M) 11.311ms
[0.575s][info][gc,cpu      ] GC(20) User=0.13s Sys=0.00s Real=0.02s
[0.576s][info][gc          ] GC(21) Concurrent Mark Cycle
[0.576s][info][gc,marking  ] GC(21) Concurrent Clear Claimed Marks
[0.576s][info][gc,marking  ] GC(21) Concurrent Clear Claimed Marks 0.040ms
[0.576s][info][gc,marking  ] GC(21) Concurrent Scan Root Regions
[0.578s][info][gc,marking  ] GC(21) Concurrent Scan Root Regions 1.976ms
[0.578s][info][gc,marking  ] GC(21) Concurrent Mark
[0.578s][info][gc,marking  ] GC(21) Concurrent Mark From Roots
[0.578s][info][gc,task     ] GC(21) Using 3 workers of 3 for marking
[0.582s][info][gc,start    ] GC(22) Pause Young (Normal) (G1 Evacuation Pause)
[0.582s][info][gc,task     ] GC(22) Using 13 workers of 13 for evacuation
[0.596s][info][gc,phases   ] GC(22)   Pre Evacuate Collection Set: 0.2ms
[0.596s][info][gc,phases   ] GC(22)   Merge Heap Roots: 0.2ms
[0.596s][info][gc,phases   ] GC(22)   Evacuate Collection Set: 13.8ms
[0.596s][info][gc,phases   ] GC(22)   Post Evacuate Collection Set: 0.5ms
[0.596s][info][gc,phases   ] GC(22)   Other: 0.1ms
[0.597s][info][gc,heap     ] GC(22) Eden regions: 36->0(34)
[0.597s][info][gc,heap     ] GC(22) Survivor regions: 8->6(6)
[0.597s][info][gc,heap     ] GC(22) Old regions: 602->645
[0.597s][info][gc,heap     ] GC(22) Archive regions: 0->0
[0.597s][info][gc,heap     ] GC(22) Humongous regions: 2->2
[0.597s][info][gc,metaspace] GC(22) Metaspace: 8309K(8512K)->8309K(8512K) NonClass: 7537K(7616K)->7537K(7616K) Class: 771K(896K)->771K(896K)
[0.597s][info][gc          ] GC(22) Pause Young (Normal) (G1 Evacuation Pause) 648M->653M(814M) 14.838ms
[0.597s][info][gc,cpu      ] GC(22) User=0.16s Sys=0.01s Real=0.02s
[0.602s][info][gc,start    ] GC(23) Pause Young (Normal) (G1 Evacuation Pause)
[0.602s][info][gc,task     ] GC(23) Using 13 workers of 13 for evacuation
[0.620s][info][gc,phases   ] GC(23)   Pre Evacuate Collection Set: 0.2ms
[0.621s][info][gc,phases   ] GC(23)   Merge Heap Roots: 0.2ms
[0.621s][info][gc,phases   ] GC(23)   Evacuate Collection Set: 17.1ms
[0.621s][info][gc,phases   ] GC(23)   Post Evacuate Collection Set: 0.7ms
[0.621s][info][gc,phases   ] GC(23)   Other: 0.1ms
[0.621s][info][gc,heap     ] GC(23) Eden regions: 34->0(39)
[0.621s][info][gc,heap     ] GC(23) Survivor regions: 6->5(5)
[0.621s][info][gc,heap     ] GC(23) Old regions: 645->685
[0.621s][info][gc,heap     ] GC(23) Archive regions: 0->0
[0.621s][info][gc,heap     ] GC(23) Humongous regions: 2->2
[0.621s][info][gc,metaspace] GC(23) Metaspace: 8309K(8512K)->8309K(8512K) NonClass: 7537K(7616K)->7537K(7616K) Class: 771K(896K)->771K(896K)
[0.621s][info][gc          ] GC(23) Pause Young (Normal) (G1 Evacuation Pause) 687M->692M(898M) 18.283ms
[0.621s][info][gc,cpu      ] GC(23) User=0.09s Sys=0.12s Real=0.02s
[0.624s][info][gc,marking  ] GC(21) Concurrent Mark From Roots 45.810ms
[0.624s][info][gc,marking  ] GC(21) Concurrent Preclean
[0.624s][info][gc,marking  ] GC(21) Concurrent Preclean 0.043ms
[0.624s][info][gc,start    ] GC(21) Pause Remark
[0.625s][info][gc          ] GC(21) Pause Remark 702M->604M(1009M) 1.467ms
[0.625s][info][gc,cpu      ] GC(21) User=0.00s Sys=0.00s Real=0.01s
[0.626s][info][gc,marking  ] GC(21) Concurrent Mark 47.762ms
[0.626s][info][gc,marking  ] GC(21) Concurrent Rebuild Remembered Sets
[0.637s][info][gc,start    ] GC(24) Pause Young (Normal) (G1 Evacuation Pause)
[0.637s][info][gc,task     ] GC(24) Using 13 workers of 13 for evacuation
[0.648s][info][gc,phases   ] GC(24)   Pre Evacuate Collection Set: 0.2ms
[0.649s][info][gc,phases   ] GC(24)   Merge Heap Roots: 0.2ms
[0.649s][info][gc,phases   ] GC(24)   Evacuate Collection Set: 10.9ms
[0.649s][info][gc,phases   ] GC(24)   Post Evacuate Collection Set: 0.5ms
[0.649s][info][gc,phases   ] GC(24)   Other: 0.1ms
[0.649s][info][gc,heap     ] GC(24) Eden regions: 39->0(84)
[0.649s][info][gc,heap     ] GC(24) Survivor regions: 5->6(6)
[0.649s][info][gc,heap     ] GC(24) Old regions: 587->628
[0.649s][info][gc,heap     ] GC(24) Archive regions: 0->0
[0.649s][info][gc,heap     ] GC(24) Humongous regions: 2->2
[0.649s][info][gc,metaspace] GC(24) Metaspace: 8309K(8512K)->8309K(8512K) NonClass: 7537K(7616K)->7537K(7616K) Class: 771K(896K)->771K(896K)
[0.649s][info][gc          ] GC(24) Pause Young (Normal) (G1 Evacuation Pause) 633M->636M(1009M) 11.812ms
[0.649s][info][gc,cpu      ] GC(24) User=0.13s Sys=0.00s Real=0.01s
[0.649s][info][gc,marking  ] GC(21) Concurrent Rebuild Remembered Sets 23.784ms
[0.650s][info][gc,start    ] GC(21) Pause Cleanup
Mixed GC count target: 8
[0.650s][info][gc          ] GC(21) Pause Cleanup 640M->640M(1009M) 0.386ms
[0.650s][info][gc,cpu      ] GC(21) User=0.00s Sys=0.00s Real=0.00s
[0.650s][info][gc,marking  ] GC(21) Concurrent Cleanup for Next Mark
[0.653s][info][gc,marking  ] GC(21) Concurrent Cleanup for Next Mark 2.670ms
[0.653s][info][gc          ] GC(21) Concurrent Mark Cycle 77.113ms
[0.672s][info][gc,start    ] GC(25) Pause Young (Prepare Mixed) (G1 Evacuation Pause)
[0.672s][info][gc,task     ] GC(25) Using 13 workers of 13 for evacuation
Mixed GC count target: 8
[0.705s][info][gc,phases   ] GC(25)   Pre Evacuate Collection Set: 0.3ms
[0.705s][info][gc,phases   ] GC(25)   Merge Heap Roots: 0.2ms
[0.705s][info][gc,phases   ] GC(25)   Evacuate Collection Set: 31.4ms
[0.705s][info][gc,phases   ] GC(25)   Post Evacuate Collection Set: 0.5ms
[0.705s][info][gc,phases   ] GC(25)   Other: 0.1ms
[0.705s][info][gc,heap     ] GC(25) Eden regions: 84->0(38)
[0.705s][info][gc,heap     ] GC(25) Survivor regions: 6->12(12)
[0.705s][info][gc,heap     ] GC(25) Old regions: 628->711
[0.705s][info][gc,heap     ] GC(25) Archive regions: 0->0
[0.705s][info][gc,heap     ] GC(25) Humongous regions: 2->2
[0.705s][info][gc,metaspace] GC(25) Metaspace: 8309K(8512K)->8309K(8512K) NonClass: 7537K(7616K)->7537K(7616K) Class: 771K(896K)->771K(896K)
[0.705s][info][gc          ] GC(25) Pause Young (Prepare Mixed) (G1 Evacuation Pause) 720M->724M(1009M) 32.550ms
[0.705s][info][gc,cpu      ] GC(25) User=0.14s Sys=0.26s Real=0.04s
[0.709s][info][gc,start    ] GC(26) Pause Young (Mixed) (G1 Evacuation Pause)
[0.709s][info][gc,task     ] GC(26) Using 13 workers of 13 for evacuation
Mixed GC count target: 8
Old CSet region threshold percent: 10
[0.729s][info][gc,phases   ] GC(26)   Pre Evacuate Collection Set: 0.2ms
[0.729s][info][gc,phases   ] GC(26)   Merge Heap Roots: 0.2ms
[0.729s][info][gc,phases   ] GC(26)   Evacuate Collection Set: 18.9ms
[0.729s][info][gc,phases   ] GC(26)   Post Evacuate Collection Set: 0.6ms
[0.729s][info][gc,phases   ] GC(26)   Other: 0.1ms
[0.729s][info][gc,heap     ] GC(26) Eden regions: 38->0(66)
[0.729s][info][gc,heap     ] GC(26) Survivor regions: 12->7(7)
[0.729s][info][gc,heap     ] GC(26) Old regions: 711->684
[0.729s][info][gc,heap     ] GC(26) Archive regions: 0->0
[0.729s][info][gc,heap     ] GC(26) Humongous regions: 2->2
[0.729s][info][gc,metaspace] GC(26) Metaspace: 8309K(8512K)->8309K(8512K) NonClass: 7537K(7616K)->7537K(7616K) Class: 771K(896K)->771K(896K)
[0.729s][info][gc          ] GC(26) Pause Young (Mixed) (G1 Evacuation Pause) 762M->692M(1009M) 19.945ms
[0.729s][info][gc,cpu      ] GC(26) User=0.10s Sys=0.14s Real=0.02s
[0.737s][info][gc,start    ] GC(27) Pause Young (Concurrent Start) (G1 Evacuation Pause)
[0.737s][info][gc,task     ] GC(27) Using 13 workers of 13 for evacuation
[0.748s][info][gc,phases   ] GC(27)   Pre Evacuate Collection Set: 0.2ms
[0.748s][info][gc,phases   ] GC(27)   Merge Heap Roots: 0.2ms
[0.749s][info][gc,phases   ] GC(27)   Evacuate Collection Set: 10.1ms
[0.749s][info][gc,phases   ] GC(27)   Post Evacuate Collection Set: 0.5ms
[0.749s][info][gc,phases   ] GC(27)   Other: 0.1ms
[0.749s][info][gc,heap     ] GC(27) Eden regions: 66->0(46)
[0.749s][info][gc,heap     ] GC(27) Survivor regions: 7->10(10)
[0.749s][info][gc,heap     ] GC(27) Old regions: 684->750
[0.749s][info][gc,heap     ] GC(27) Archive regions: 0->0
[0.749s][info][gc,heap     ] GC(27) Humongous regions: 2->2
[0.749s][info][gc,metaspace] GC(27) Metaspace: 8309K(8512K)->8309K(8512K) NonClass: 7537K(7616K)->7537K(7616K) Class: 771K(896K)->771K(896K)
[0.749s][info][gc          ] GC(27) Pause Young (Concurrent Start) (G1 Evacuation Pause) 758M->762M(1015M) 11.157ms
[0.749s][info][gc,cpu      ] GC(27) User=0.13s Sys=0.00s Real=0.01s
[0.749s][info][gc          ] GC(28) Concurrent Mark Cycle
[0.749s][info][gc,marking  ] GC(28) Concurrent Clear Claimed Marks
[0.749s][info][gc,marking  ] GC(28) Concurrent Clear Claimed Marks 0.012ms
[0.749s][info][gc,marking  ] GC(28) Concurrent Scan Root Regions
[0.751s][info][gc,marking  ] GC(28) Concurrent Scan Root Regions 2.003ms
[0.751s][info][gc,marking  ] GC(28) Concurrent Mark
[0.751s][info][gc,marking  ] GC(28) Concurrent Mark From Roots
[0.751s][info][gc,task     ] GC(28) Using 3 workers of 3 for marking
[0.758s][info][gc,start    ] GC(29) Pause Young (Normal) (G1 Evacuation Pause)
[0.758s][info][gc,task     ] GC(29) Using 13 workers of 13 for evacuation
[0.766s][info][gc,phases   ] GC(29)   Pre Evacuate Collection Set: 0.2ms
[0.766s][info][gc,phases   ] GC(29)   Merge Heap Roots: 0.2ms
[0.766s][info][gc,phases   ] GC(29)   Evacuate Collection Set: 7.5ms
[0.766s][info][gc,phases   ] GC(29)   Post Evacuate Collection Set: 0.5ms
[0.766s][info][gc,phases   ] GC(29)   Other: 0.1ms
[0.766s][info][gc,heap     ] GC(29) Eden regions: 46->0(43)
[0.766s][info][gc,heap     ] GC(29) Survivor regions: 10->7(7)
[0.766s][info][gc,heap     ] GC(29) Old regions: 750->803
[0.766s][info][gc,heap     ] GC(29) Archive regions: 0->0
[0.766s][info][gc,heap     ] GC(29) Humongous regions: 2->2
[0.766s][info][gc,metaspace] GC(29) Metaspace: 8309K(8512K)->8309K(8512K) NonClass: 7537K(7616K)->7537K(7616K) Class: 771K(896K)->771K(896K)
[0.766s][info][gc          ] GC(29) Pause Young (Normal) (G1 Evacuation Pause) 808M->811M(1015M) 8.539ms
[0.766s][info][gc,cpu      ] GC(29) User=0.10s Sys=0.00s Real=0.01s
[0.771s][info][gc,marking  ] GC(28) Concurrent Mark From Roots 20.409ms
[0.771s][info][gc,marking  ] GC(28) Concurrent Preclean
[0.771s][info][gc,marking  ] GC(28) Concurrent Preclean 0.044ms
[0.771s][info][gc,start    ] GC(28) Pause Remark
[0.773s][info][gc          ] GC(28) Pause Remark 843M->726M(1024M) 1.234ms
[0.773s][info][gc,cpu      ] GC(28) User=0.00s Sys=0.00s Real=0.00s
[0.773s][info][gc,marking  ] GC(28) Concurrent Mark 21.892ms
[0.773s][info][gc,marking  ] GC(28) Concurrent Rebuild Remembered Sets
[0.776s][info][gc,start    ] GC(30) Pause Young (Normal) (G1 Evacuation Pause)
[0.776s][info][gc,task     ] GC(30) Using 13 workers of 13 for evacuation
[0.783s][info][gc,phases   ] GC(30)   Pre Evacuate Collection Set: 0.2ms
[0.783s][info][gc,phases   ] GC(30)   Merge Heap Roots: 0.2ms
[0.783s][info][gc,phases   ] GC(30)   Evacuate Collection Set: 6.9ms
[0.783s][info][gc,phases   ] GC(30)   Post Evacuate Collection Set: 0.5ms
[0.783s][info][gc,phases   ] GC(30)   Other: 0.1ms
[0.783s][info][gc,heap     ] GC(30) Eden regions: 43->0(55)
[0.783s][info][gc,heap     ] GC(30) Survivor regions: 7->7(7)
[0.783s][info][gc,heap     ] GC(30) Old regions: 686->732
[0.783s][info][gc,heap     ] GC(30) Archive regions: 0->0
[0.783s][info][gc,heap     ] GC(30) Humongous regions: 2->2
[0.783s][info][gc,metaspace] GC(30) Metaspace: 8309K(8512K)->8309K(8512K) NonClass: 7537K(7616K)->7537K(7616K) Class: 771K(896K)->771K(896K)
[0.783s][info][gc          ] GC(30) Pause Young (Normal) (G1 Evacuation Pause) 737M->741M(1024M) 7.909ms
[0.784s][info][gc,cpu      ] GC(30) User=0.06s Sys=0.03s Real=0.00s
[0.793s][info][gc,start    ] GC(31) Pause Young (Normal) (G1 Evacuation Pause)
[0.793s][info][gc,task     ] GC(31) Using 13 workers of 13 for evacuation
[0.803s][info][gc,phases   ] GC(31)   Pre Evacuate Collection Set: 0.2ms
[0.803s][info][gc,phases   ] GC(31)   Merge Heap Roots: 0.1ms
[0.803s][info][gc,phases   ] GC(31)   Evacuate Collection Set: 9.1ms
[0.803s][info][gc,phases   ] GC(31)   Post Evacuate Collection Set: 0.5ms
[0.803s][info][gc,phases   ] GC(31)   Other: 0.1ms
[0.803s][info][gc,heap     ] GC(31) Eden regions: 55->0(43)
[0.803s][info][gc,heap     ] GC(31) Survivor regions: 7->8(8)
[0.803s][info][gc,heap     ] GC(31) Old regions: 732->789
[0.803s][info][gc,heap     ] GC(31) Archive regions: 0->0
[0.803s][info][gc,heap     ] GC(31) Humongous regions: 2->2
[0.803s][info][gc,metaspace] GC(31) Metaspace: 8309K(8512K)->8309K(8512K) NonClass: 7537K(7616K)->7537K(7616K) Class: 771K(896K)->771K(896K)
[0.803s][info][gc          ] GC(31) Pause Young (Normal) (G1 Evacuation Pause) 796M->798M(1024M) 10.077ms
[0.803s][info][gc,cpu      ] GC(31) User=0.11s Sys=0.00s Real=0.01s
[0.808s][info][gc,marking  ] GC(28) Concurrent Rebuild Remembered Sets 35.094ms
[0.808s][info][gc,start    ] GC(28) Pause Cleanup
Mixed GC count target: 8
[0.808s][info][gc          ] GC(28) Pause Cleanup 826M->826M(1024M) 0.366ms
[0.808s][info][gc,cpu      ] GC(28) User=0.01s Sys=0.00s Real=0.00s
[0.808s][info][gc,marking  ] GC(28) Concurrent Cleanup for Next Mark
[0.811s][info][gc,marking  ] GC(28) Concurrent Cleanup for Next Mark 2.401ms
[0.811s][info][gc          ] GC(28) Concurrent Mark Cycle 62.240ms
[0.812s][info][gc,start    ] GC(32) Pause Young (Prepare Mixed) (G1 Evacuation Pause)
[0.812s][info][gc,task     ] GC(32) Using 13 workers of 13 for evacuation
Mixed GC count target: 8
[0.829s][info][gc,phases   ] GC(32)   Pre Evacuate Collection Set: 0.2ms
[0.829s][info][gc,phases   ] GC(32)   Merge Heap Roots: 0.2ms
[0.829s][info][gc,phases   ] GC(32)   Evacuate Collection Set: 16.4ms
[0.829s][info][gc,phases   ] GC(32)   Post Evacuate Collection Set: 0.5ms
[0.829s][info][gc,phases   ] GC(32)   Other: 0.1ms
[0.829s][info][gc,heap     ] GC(32) Eden regions: 43->0(44)
[0.829s][info][gc,heap     ] GC(32) Survivor regions: 8->7(7)
[0.829s][info][gc,heap     ] GC(32) Old regions: 789->838
[0.829s][info][gc,heap     ] GC(32) Archive regions: 0->0
[0.829s][info][gc,heap     ] GC(32) Humongous regions: 3->3
[0.829s][info][gc,metaspace] GC(32) Metaspace: 8309K(8512K)->8309K(8512K) NonClass: 7537K(7616K)->7537K(7616K) Class: 771K(896K)->771K(896K)
[0.829s][info][gc          ] GC(32) Pause Young (Prepare Mixed) (G1 Evacuation Pause) 842M->848M(1024M) 17.457ms
[0.829s][info][gc,cpu      ] GC(32) User=0.10s Sys=0.09s Real=0.02s
[0.835s][info][gc,start    ] GC(33) Pause Young (Mixed) (G1 Evacuation Pause)
[0.835s][info][gc,task     ] GC(33) Using 13 workers of 13 for evacuation
Mixed GC count target: 8
Old CSet region threshold percent: 10
Mixed GC count target: 8
[0.860s][info][gc,phases   ] GC(33)   Pre Evacuate Collection Set: 0.2ms
[0.860s][info][gc,phases   ] GC(33)   Merge Heap Roots: 0.2ms
[0.860s][info][gc,phases   ] GC(33)   Evacuate Collection Set: 23.7ms
[0.860s][info][gc,phases   ] GC(33)   Post Evacuate Collection Set: 0.6ms
[0.860s][info][gc,phases   ] GC(33)   Other: 0.1ms
[0.860s][info][gc,heap     ] GC(33) Eden regions: 44->0(44)
[0.860s][info][gc,heap     ] GC(33) Survivor regions: 7->7(7)
[0.860s][info][gc,heap     ] GC(33) Old regions: 838->794
[0.860s][info][gc,heap     ] GC(33) Archive regions: 0->0
[0.860s][info][gc,heap     ] GC(33) Humongous regions: 3->3
[0.860s][info][gc,metaspace] GC(33) Metaspace: 8309K(8512K)->8309K(8512K) NonClass: 7537K(7616K)->7537K(7616K) Class: 771K(896K)->771K(896K)
[0.860s][info][gc          ] GC(33) Pause Young (Mixed) (G1 Evacuation Pause) 892M->803M(1024M) 24.908ms
[0.860s][info][gc,cpu      ] GC(33) User=0.09s Sys=0.22s Real=0.02s
[0.865s][info][gc,start    ] GC(34) Pause Young (Mixed) (G1 Evacuation Pause)
[0.865s][info][gc,task     ] GC(34) Using 13 workers of 13 for evacuation
Mixed GC count target: 8
Old CSet region threshold percent: 10
[0.877s][info][gc,phases   ] GC(34)   Pre Evacuate Collection Set: 0.3ms
[0.877s][info][gc,phases   ] GC(34)   Merge Heap Roots: 0.2ms
[0.877s][info][gc,phases   ] GC(34)   Evacuate Collection Set: 11.3ms
[0.877s][info][gc,phases   ] GC(34)   Post Evacuate Collection Set: 0.5ms
[0.877s][info][gc,phases   ] GC(34)   Other: 0.1ms
[0.877s][info][gc,heap     ] GC(34) Eden regions: 44->0(44)
[0.877s][info][gc,heap     ] GC(34) Survivor regions: 7->7(7)
[0.877s][info][gc,heap     ] GC(34) Old regions: 794->796
[0.877s][info][gc,heap     ] GC(34) Archive regions: 0->0
[0.877s][info][gc,heap     ] GC(34) Humongous regions: 3->3
[0.877s][info][gc,metaspace] GC(34) Metaspace: 8309K(8512K)->8309K(8512K) NonClass: 7537K(7616K)->7537K(7616K) Class: 771K(896K)->771K(896K)
[0.877s][info][gc          ] GC(34) Pause Young (Mixed) (G1 Evacuation Pause) 847M->805M(1024M) 12.323ms
[0.877s][info][gc,cpu      ] GC(34) User=0.14s Sys=0.00s Real=0.01s
[0.882s][info][gc,start    ] GC(35) Pause Young (Concurrent Start) (G1 Evacuation Pause)
[0.882s][info][gc,task     ] GC(35) Using 13 workers of 13 for evacuation
[0.890s][info][gc,phases   ] GC(35)   Pre Evacuate Collection Set: 0.2ms
[0.890s][info][gc,phases   ] GC(35)   Merge Heap Roots: 0.2ms
[0.890s][info][gc,phases   ] GC(35)   Evacuate Collection Set: 7.0ms
[0.890s][info][gc,phases   ] GC(35)   Post Evacuate Collection Set: 0.5ms
[0.890s][info][gc,phases   ] GC(35)   Other: 0.1ms
[0.890s][info][gc,heap     ] GC(35) Eden regions: 44->0(44)
[0.890s][info][gc,heap     ] GC(35) Survivor regions: 7->7(7)
[0.890s][info][gc,heap     ] GC(35) Old regions: 796->843
[0.890s][info][gc,heap     ] GC(35) Archive regions: 0->0
[0.890s][info][gc,heap     ] GC(35) Humongous regions: 3->3
[0.890s][info][gc,metaspace] GC(35) Metaspace: 8309K(8512K)->8309K(8512K) NonClass: 7537K(7616K)->7537K(7616K) Class: 771K(896K)->771K(896K)
[0.890s][info][gc          ] GC(35) Pause Young (Concurrent Start) (G1 Evacuation Pause) 849M->852M(1024M) 8.052ms
[0.890s][info][gc,cpu      ] GC(35) User=0.09s Sys=0.00s Real=0.01s
[0.891s][info][gc          ] GC(36) Concurrent Mark Cycle
[0.891s][info][gc,marking  ] GC(36) Concurrent Clear Claimed Marks
[0.891s][info][gc,marking  ] GC(36) Concurrent Clear Claimed Marks 0.015ms
[0.891s][info][gc,marking  ] GC(36) Concurrent Scan Root Regions
[0.892s][info][gc,marking  ] GC(36) Concurrent Scan Root Regions 1.742ms
[0.892s][info][gc,marking  ] GC(36) Concurrent Mark
[0.892s][info][gc,marking  ] GC(36) Concurrent Mark From Roots
[0.892s][info][gc,task     ] GC(36) Using 3 workers of 3 for marking
[0.898s][info][gc,start    ] GC(37) Pause Young (Normal) (G1 Evacuation Pause)
[0.898s][info][gc,task     ] GC(37) Using 13 workers of 13 for evacuation
[0.907s][info][gc,phases   ] GC(37)   Pre Evacuate Collection Set: 0.2ms
[0.907s][info][gc,phases   ] GC(37)   Merge Heap Roots: 0.2ms
[0.907s][info][gc,phases   ] GC(37)   Evacuate Collection Set: 7.4ms
[0.907s][info][gc,phases   ] GC(37)   Post Evacuate Collection Set: 0.5ms
[0.907s][info][gc,phases   ] GC(37)   Other: 0.1ms
[0.907s][info][gc,heap     ] GC(37) Eden regions: 44->0(44)
[0.907s][info][gc,heap     ] GC(37) Survivor regions: 7->7(7)
[0.907s][info][gc,heap     ] GC(37) Old regions: 843->890
[0.907s][info][gc,heap     ] GC(37) Archive regions: 0->0
[0.907s][info][gc,heap     ] GC(37) Humongous regions: 3->3
[0.907s][info][gc,metaspace] GC(37) Metaspace: 8309K(8512K)->8309K(8512K) NonClass: 7537K(7616K)->7537K(7616K) Class: 771K(896K)->771K(896K)
[0.907s][info][gc          ] GC(37) Pause Young (Normal) (G1 Evacuation Pause) 896M->900M(1024M) 8.384ms
[0.907s][info][gc,cpu      ] GC(37) User=0.10s Sys=0.00s Real=0.01s
[0.916s][info][gc,start    ] GC(38) Pause Young (Normal) (G1 Evacuation Pause)
[0.916s][info][gc,task     ] GC(38) Using 13 workers of 13 for evacuation
[0.927s][info][gc,phases   ] GC(38)   Pre Evacuate Collection Set: 0.4ms
[0.927s][info][gc,phases   ] GC(38)   Merge Heap Roots: 0.2ms
[0.927s][info][gc,phases   ] GC(38)   Evacuate Collection Set: 9.7ms
[0.927s][info][gc,phases   ] GC(38)   Post Evacuate Collection Set: 0.5ms
[0.927s][info][gc,phases   ] GC(38)   Other: 0.1ms
[0.927s][info][gc,heap     ] GC(38) Eden regions: 44->0(44)
[0.927s][info][gc,heap     ] GC(38) Survivor regions: 7->7(7)
[0.927s][info][gc,heap     ] GC(38) Old regions: 890->937
[0.927s][info][gc,heap     ] GC(38) Archive regions: 0->0
[0.927s][info][gc,heap     ] GC(38) Humongous regions: 3->3
[0.927s][info][gc,metaspace] GC(38) Metaspace: 8309K(8512K)->8309K(8512K) NonClass: 7537K(7616K)->7537K(7616K) Class: 771K(896K)->771K(896K)
[0.927s][info][gc          ] GC(38) Pause Young (Normal) (G1 Evacuation Pause) 944M->946M(1024M) 10.878ms
[0.927s][info][gc,cpu      ] GC(38) User=0.12s Sys=0.00s Real=0.01s
[0.928s][info][gc,marking  ] GC(36) Concurrent Mark From Roots 35.647ms
[0.928s][info][gc,marking  ] GC(36) Concurrent Preclean
[0.928s][info][gc,marking  ] GC(36) Concurrent Preclean 0.048ms
[0.928s][info][gc,start    ] GC(36) Pause Remark
[0.929s][info][gc          ] GC(36) Pause Remark 953M->807M(1024M) 1.244ms
[0.930s][info][gc,cpu      ] GC(36) User=0.00s Sys=0.00s Real=0.00s
[0.930s][info][gc,marking  ] GC(36) Concurrent Mark 37.225ms
[0.930s][info][gc,marking  ] GC(36) Concurrent Rebuild Remembered Sets
[0.936s][info][gc,start    ] GC(39) Pause Young (Normal) (G1 Evacuation Pause)
[0.936s][info][gc,task     ] GC(39) Using 13 workers of 13 for evacuation
[0.944s][info][gc,phases   ] GC(39)   Pre Evacuate Collection Set: 0.2ms
[0.944s][info][gc,phases   ] GC(39)   Merge Heap Roots: 0.2ms
[0.944s][info][gc,phases   ] GC(39)   Evacuate Collection Set: 7.1ms
[0.944s][info][gc,phases   ] GC(39)   Post Evacuate Collection Set: 0.5ms
[0.944s][info][gc,phases   ] GC(39)   Other: 0.1ms
[0.944s][info][gc,heap     ] GC(39) Eden regions: 44->0(44)
[0.944s][info][gc,heap     ] GC(39) Survivor regions: 7->7(7)
[0.944s][info][gc,heap     ] GC(39) Old regions: 791->838
[0.944s][info][gc,heap     ] GC(39) Archive regions: 0->0
[0.944s][info][gc,heap     ] GC(39) Humongous regions: 3->3
[0.944s][info][gc,metaspace] GC(39) Metaspace: 8309K(8512K)->8309K(8512K) NonClass: 7537K(7616K)->7537K(7616K) Class: 771K(896K)->771K(896K)
[0.944s][info][gc          ] GC(39) Pause Young (Normal) (G1 Evacuation Pause) 844M->847M(1024M) 8.085ms
[0.944s][info][gc,cpu      ] GC(39) User=0.08s Sys=0.01s Real=0.01s
[0.952s][info][gc,start    ] GC(40) Pause Young (Normal) (G1 Evacuation Pause)
[0.952s][info][gc,task     ] GC(40) Using 13 workers of 13 for evacuation
[0.960s][info][gc,phases   ] GC(40)   Pre Evacuate Collection Set: 0.2ms
[0.960s][info][gc,phases   ] GC(40)   Merge Heap Roots: 0.2ms
[0.960s][info][gc,phases   ] GC(40)   Evacuate Collection Set: 7.1ms
[0.960s][info][gc,phases   ] GC(40)   Post Evacuate Collection Set: 0.5ms
[0.960s][info][gc,phases   ] GC(40)   Other: 0.1ms
[0.960s][info][gc,heap     ] GC(40) Eden regions: 44->0(44)
[0.960s][info][gc,heap     ] GC(40) Survivor regions: 7->7(7)
[0.960s][info][gc,heap     ] GC(40) Old regions: 838->885
[0.960s][info][gc,heap     ] GC(40) Archive regions: 0->0
[0.960s][info][gc,heap     ] GC(40) Humongous regions: 3->3
[0.961s][info][gc,metaspace] GC(40) Metaspace: 8309K(8512K)->8309K(8512K) NonClass: 7537K(7616K)->7537K(7616K) Class: 771K(896K)->771K(896K)
[0.961s][info][gc          ] GC(40) Pause Young (Normal) (G1 Evacuation Pause) 891M->894M(1024M) 8.184ms
[0.961s][info][gc,cpu      ] GC(40) User=0.09s Sys=0.00s Real=0.01s
[0.968s][info][gc,marking  ] GC(36) Concurrent Rebuild Remembered Sets 38.284ms
[0.968s][info][gc,start    ] GC(41) Pause Young (Normal) (G1 Evacuation Pause)
[0.968s][info][gc,task     ] GC(41) Using 13 workers of 13 for evacuation
[0.976s][info][gc,phases   ] GC(41)   Pre Evacuate Collection Set: 0.2ms
[0.976s][info][gc,phases   ] GC(41)   Merge Heap Roots: 0.2ms
[0.976s][info][gc,phases   ] GC(41)   Evacuate Collection Set: 7.0ms
[0.976s][info][gc,phases   ] GC(41)   Post Evacuate Collection Set: 0.5ms
[0.976s][info][gc,phases   ] GC(41)   Other: 0.1ms
[0.976s][info][gc,heap     ] GC(41) Eden regions: 44->0(44)
[0.976s][info][gc,heap     ] GC(41) Survivor regions: 7->7(7)
[0.976s][info][gc,heap     ] GC(41) Old regions: 885->932
[0.976s][info][gc,heap     ] GC(41) Archive regions: 0->0
[0.976s][info][gc,heap     ] GC(41) Humongous regions: 3->3
[0.976s][info][gc,metaspace] GC(41) Metaspace: 8309K(8512K)->8309K(8512K) NonClass: 7537K(7616K)->7537K(7616K) Class: 771K(896K)->771K(896K)
[0.976s][info][gc          ] GC(41) Pause Young (Normal) (G1 Evacuation Pause) 938M->941M(1024M) 8.013ms
[0.976s][info][gc,cpu      ] GC(41) User=0.09s Sys=0.00s Real=0.01s
[0.976s][info][gc,start    ] GC(36) Pause Cleanup
Mixed GC count target: 8
[0.977s][info][gc          ] GC(36) Pause Cleanup 942M->942M(1024M) 0.357ms
[0.977s][info][gc,cpu      ] GC(36) User=0.00s Sys=0.00s Real=0.00s
[0.977s][info][gc,marking  ] GC(36) Concurrent Cleanup for Next Mark
[0.978s][info][gc,marking  ] GC(36) Concurrent Cleanup for Next Mark 1.217ms
[0.978s][info][gc          ] GC(36) Concurrent Mark Cycle 87.370ms
[0.982s][info][gc,start    ] GC(42) Pause Young (Prepare Mixed) (G1 Preventive Collection)
[0.982s][info][gc,task     ] GC(42) Using 13 workers of 13 for evacuation
Mixed GC count target: 8
[0.988s][info][gc,phases   ] GC(42)   Pre Evacuate Collection Set: 0.2ms
[0.988s][info][gc,phases   ] GC(42)   Merge Heap Roots: 0.2ms
[0.988s][info][gc,phases   ] GC(42)   Evacuate Collection Set: 5.9ms
[0.988s][info][gc,phases   ] GC(42)   Post Evacuate Collection Set: 0.4ms
[0.988s][info][gc,phases   ] GC(42)   Other: 0.1ms
[0.988s][info][gc,heap     ] GC(42) Eden regions: 35->0(44)
[0.988s][info][gc,heap     ] GC(42) Survivor regions: 7->7(7)
[0.988s][info][gc,heap     ] GC(42) Old regions: 932->970
[0.988s][info][gc,heap     ] GC(42) Archive regions: 0->0
[0.988s][info][gc,heap     ] GC(42) Humongous regions: 3->3
[0.988s][info][gc,metaspace] GC(42) Metaspace: 8309K(8512K)->8309K(8512K) NonClass: 7537K(7616K)->7537K(7616K) Class: 771K(896K)->771K(896K)
[0.988s][info][gc          ] GC(42) Pause Young (Prepare Mixed) (G1 Preventive Collection) 976M->979M(1024M) 6.750ms
[0.988s][info][gc,cpu      ] GC(42) User=0.07s Sys=0.00s Real=0.01s
[0.990s][info][gc,start    ] GC(43) Pause Young (Mixed) (G1 Preventive Collection)
[0.990s][info][gc,task     ] GC(43) Using 13 workers of 13 for evacuation
Mixed GC count target: 8
Old CSet region threshold percent: 10
Mixed GC count target: 8
[0.996s][info][gc          ] GC(43) To-space exhausted
[0.996s][info][gc,phases   ] GC(43)   Pre Evacuate Collection Set: 0.2ms
[0.996s][info][gc,phases   ] GC(43)   Merge Heap Roots: 0.2ms
[0.996s][info][gc,phases   ] GC(43)   Evacuate Collection Set: 4.3ms
[0.996s][info][gc,phases   ] GC(43)   Post Evacuate Collection Set: 0.8ms
[0.996s][info][gc,phases   ] GC(43)   Other: 0.1ms
[0.996s][info][gc,heap     ] GC(43) Eden regions: 16->0(46)
[0.996s][info][gc,heap     ] GC(43) Survivor regions: 7->5(7)
[0.996s][info][gc,heap     ] GC(43) Old regions: 970->960
[0.996s][info][gc,heap     ] GC(43) Archive regions: 0->0
[0.996s][info][gc,heap     ] GC(43) Humongous regions: 3->3
[0.996s][info][gc,metaspace] GC(43) Metaspace: 8309K(8512K)->8309K(8512K) NonClass: 7537K(7616K)->7537K(7616K) Class: 771K(896K)->771K(896K)
[0.996s][info][gc          ] GC(43) Pause Young (Mixed) (G1 Preventive Collection) 995M->968M(1024M) 5.631ms
[0.996s][info][gc,cpu      ] GC(43) User=0.06s Sys=0.00s Real=0.01s
[0.998s][info][gc,start    ] GC(44) Pause Young (Mixed) (G1 Preventive Collection)
[0.998s][info][gc,task     ] GC(44) Using 13 workers of 13 for evacuation
Mixed GC count target: 8
Old CSet region threshold percent: 10
[1.005s][info][gc          ] GC(44) To-space exhausted
[1.005s][info][gc,phases   ] GC(44)   Pre Evacuate Collection Set: 0.2ms
[1.005s][info][gc,phases   ] GC(44)   Merge Heap Roots: 0.2ms
[1.005s][info][gc,phases   ] GC(44)   Evacuate Collection Set: 5.8ms
[1.005s][info][gc,phases   ] GC(44)   Post Evacuate Collection Set: 0.8ms
[1.005s][info][gc,phases   ] GC(44)   Other: 0.1ms
[1.005s][info][gc,heap     ] GC(44) Eden regions: 18->0(45)
[1.005s][info][gc,heap     ] GC(44) Survivor regions: 5->6(7)
[1.005s][info][gc,heap     ] GC(44) Old regions: 960->969
[1.005s][info][gc,heap     ] GC(44) Archive regions: 0->0
[1.005s][info][gc,heap     ] GC(44) Humongous regions: 3->3
[1.005s][info][gc,metaspace] GC(44) Metaspace: 8309K(8512K)->8309K(8512K) NonClass: 7537K(7616K)->7537K(7616K) Class: 771K(896K)->771K(896K)
[1.005s][info][gc          ] GC(44) Pause Young (Mixed) (G1 Preventive Collection) 986M->978M(1024M) 7.149ms
[1.005s][info][gc,cpu      ] GC(44) User=0.08s Sys=0.00s Real=0.01s
[1.007s][info][gc,start    ] GC(45) Pause Young (Concurrent Start) (G1 Preventive Collection)
[1.007s][info][gc,task     ] GC(45) Using 13 workers of 13 for evacuation
[1.012s][info][gc          ] GC(45) To-space exhausted
[1.012s][info][gc,phases   ] GC(45)   Pre Evacuate Collection Set: 0.2ms
[1.012s][info][gc,phases   ] GC(45)   Merge Heap Roots: 0.2ms
[1.012s][info][gc,phases   ] GC(45)   Evacuate Collection Set: 3.6ms
[1.012s][info][gc,phases   ] GC(45)   Post Evacuate Collection Set: 0.5ms
[1.012s][info][gc,phases   ] GC(45)   Other: 0.1ms
[1.012s][info][gc,heap     ] GC(45) Eden regions: 20->0(44)
[1.012s][info][gc,heap     ] GC(45) Survivor regions: 6->7(7)
[1.012s][info][gc,heap     ] GC(45) Old regions: 969->998
[1.012s][info][gc,heap     ] GC(45) Archive regions: 0->0
[1.012s][info][gc,heap     ] GC(45) Humongous regions: 3->3
[1.012s][info][gc,metaspace] GC(45) Metaspace: 8309K(8512K)->8309K(8512K) NonClass: 7537K(7616K)->7537K(7616K) Class: 771K(896K)->771K(896K)
[1.012s][info][gc          ] GC(45) Pause Young (Concurrent Start) (G1 Preventive Collection) 998M->1008M(1024M) 4.675ms
[1.012s][info][gc,cpu      ] GC(45) User=0.04s Sys=0.00s Real=0.00s
[1.012s][info][gc          ] GC(46) Concurrent Mark Cycle
[1.012s][info][gc,marking  ] GC(46) Concurrent Clear Claimed Marks
[1.012s][info][gc,marking  ] GC(46) Concurrent Clear Claimed Marks 0.013ms
[1.012s][info][gc,marking  ] GC(46) Concurrent Scan Root Regions
[1.013s][info][gc,marking  ] GC(46) Concurrent Scan Root Regions 0.821ms
[1.013s][info][gc,marking  ] GC(46) Concurrent Mark
[1.013s][info][gc,marking  ] GC(46) Concurrent Mark From Roots
[1.013s][info][gc,start    ] GC(47) Pause Young (Normal) (G1 Preventive Collection)
[1.013s][info][gc,task     ] GC(47) Using 13 workers of 13 for evacuation
[1.013s][info][gc,task     ] GC(46) Using 3 workers of 3 for marking
[1.015s][info][gc          ] GC(47) To-space exhausted
[1.015s][info][gc,phases   ] GC(47)   Pre Evacuate Collection Set: 0.3ms
[1.015s][info][gc,phases   ] GC(47)   Merge Heap Roots: 0.2ms
[1.015s][info][gc,phases   ] GC(47)   Evacuate Collection Set: 1.3ms
[1.015s][info][gc,phases   ] GC(47)   Post Evacuate Collection Set: 0.5ms
[1.015s][info][gc,phases   ] GC(47)   Other: 0.1ms
[1.015s][info][gc,heap     ] GC(47) Eden regions: 4->0(47)
[1.015s][info][gc,heap     ] GC(47) Survivor regions: 7->4(7)
[1.015s][info][gc,heap     ] GC(47) Old regions: 998->1011
[1.015s][info][gc,heap     ] GC(47) Archive regions: 0->0
[1.015s][info][gc,heap     ] GC(47) Humongous regions: 3->3
[1.015s][info][gc,metaspace] GC(47) Metaspace: 8309K(8512K)->8309K(8512K) NonClass: 7537K(7616K)->7537K(7616K) Class: 771K(896K)->771K(896K)
[1.015s][info][gc          ] GC(47) Pause Young (Normal) (G1 Preventive Collection) 1012M->1018M(1024M) 2.228ms
[1.015s][info][gc,cpu      ] GC(47) User=0.02s Sys=0.00s Real=0.01s
[1.015s][info][gc,start    ] GC(48) Pause Young (Normal) (G1 Preventive Collection)
[1.015s][info][gc,task     ] GC(48) Using 13 workers of 13 for evacuation
[1.017s][info][gc          ] GC(48) To-space exhausted
[1.017s][info][gc,phases   ] GC(48)   Pre Evacuate Collection Set: 0.1ms
[1.017s][info][gc,phases   ] GC(48)   Merge Heap Roots: 0.2ms
[1.017s][info][gc,phases   ] GC(48)   Evacuate Collection Set: 0.7ms
[1.017s][info][gc,phases   ] GC(48)   Post Evacuate Collection Set: 0.4ms
[1.017s][info][gc,phases   ] GC(48)   Other: 0.1ms
[1.017s][info][gc,heap     ] GC(48) Eden regions: 1->0(50)
[1.017s][info][gc,heap     ] GC(48) Survivor regions: 4->1(5)
[1.017s][info][gc,heap     ] GC(48) Old regions: 1011->1018
[1.017s][info][gc,heap     ] GC(48) Archive regions: 0->0
[1.017s][info][gc,heap     ] GC(48) Humongous regions: 3->3
[1.017s][info][gc,metaspace] GC(48) Metaspace: 8309K(8512K)->8309K(8512K) NonClass: 7537K(7616K)->7537K(7616K) Class: 771K(896K)->771K(896K)
[1.017s][info][gc          ] GC(48) Pause Young (Normal) (G1 Preventive Collection) 1019M->1022M(1024M) 1.591ms
[1.017s][info][gc,cpu      ] GC(48) User=0.00s Sys=0.00s Real=0.00s
[1.017s][info][gc,start    ] GC(49) Pause Young (Normal) (G1 Preventive Collection)
[1.017s][info][gc,task     ] GC(49) Using 13 workers of 13 for evacuation
[1.019s][info][gc          ] GC(49) To-space exhausted
[1.019s][info][gc,phases   ] GC(49)   Pre Evacuate Collection Set: 0.2ms
[1.019s][info][gc,phases   ] GC(49)   Merge Heap Roots: 0.2ms
[1.019s][info][gc,phases   ] GC(49)   Evacuate Collection Set: 0.4ms
[1.019s][info][gc,phases   ] GC(49)   Post Evacuate Collection Set: 0.4ms
[1.019s][info][gc,phases   ] GC(49)   Other: 0.1ms
[1.019s][info][gc,heap     ] GC(49) Eden regions: 1->0(50)
[1.019s][info][gc,heap     ] GC(49) Survivor regions: 1->1(1)
[1.019s][info][gc,heap     ] GC(49) Old regions: 1018->1020
[1.019s][info][gc,heap     ] GC(49) Archive regions: 0->0
[1.019s][info][gc,heap     ] GC(49) Humongous regions: 3->3
[1.019s][info][gc,metaspace] GC(49) Metaspace: 8309K(8512K)->8309K(8512K) NonClass: 7537K(7616K)->7537K(7616K) Class: 771K(896K)->771K(896K)
[1.019s][info][gc          ] GC(49) Pause Young (Normal) (G1 Preventive Collection) 1023M->1024M(1024M) 1.273ms
[1.019s][info][gc,cpu      ] GC(49) User=0.01s Sys=0.00s Real=0.00s
[1.019s][info][gc,ergo     ] Attempting full compaction
[1.019s][info][gc,task     ] GC(50) Using 13 workers of 13 for full compaction
[1.019s][info][gc,start    ] GC(50) Pause Full (G1 Compaction Pause)
[1.020s][info][gc,phases,start] GC(50) Phase 1: Mark live objects
[1.028s][info][gc,phases      ] GC(50) Phase 1: Mark live objects 8.293ms
[1.028s][info][gc,phases,start] GC(50) Phase 2: Prepare for compaction
[1.031s][info][gc,phases      ] GC(50) Phase 2: Prepare for compaction 3.103ms
[1.031s][info][gc,phases,start] GC(50) Phase 3: Adjust pointers
[1.039s][info][gc,phases      ] GC(50) Phase 3: Adjust pointers 7.611ms
[1.039s][info][gc,phases,start] GC(50) Phase 4: Compact heap
[1.063s][info][gc,phases      ] GC(50) Phase 4: Compact heap 24.768ms
[1.065s][info][gc,heap        ] GC(50) Eden regions: 0->0(98)
[1.065s][info][gc,heap        ] GC(50) Survivor regions: 1->0(1)
[1.065s][info][gc,heap        ] GC(50) Old regions: 1020->605
[1.065s][info][gc,heap        ] GC(50) Archive regions: 0->0
[1.065s][info][gc,heap        ] GC(50) Humongous regions: 3->3
[1.065s][info][gc,metaspace   ] GC(50) Metaspace: 8309K(8512K)->8298K(8512K) NonClass: 7537K(7616K)->7529K(7616K) Class: 771K(896K)->768K(896K)
[1.065s][info][gc             ] GC(50) Pause Full (G1 Compaction Pause) 1024M->600M(1024M) 46.178ms
[1.065s][info][gc,cpu         ] GC(50) User=0.52s Sys=0.00s Real=0.05s
[1.065s][info][gc,marking     ] GC(46) Concurrent Mark From Roots 52.349ms
[1.065s][info][gc,marking     ] GC(46) Concurrent Mark Abort
[1.065s][info][gc             ] GC(46) Concurrent Mark Cycle 53.280ms
[1.076s][info][gc,start       ] GC(51) Pause Young (Concurrent Start) (G1 Humongous Allocation)
[1.076s][info][gc,task        ] GC(51) Using 13 workers of 13 for evacuation
[1.089s][info][gc,phases      ] GC(51)   Pre Evacuate Collection Set: 0.2ms
[1.089s][info][gc,phases      ] GC(51)   Merge Heap Roots: 0.2ms
[1.089s][info][gc,phases      ] GC(51)   Evacuate Collection Set: 12.4ms
[1.089s][info][gc,phases      ] GC(51)   Post Evacuate Collection Set: 0.5ms
[1.089s][info][gc,phases      ] GC(51)   Other: 0.1ms
[1.089s][info][gc,heap        ] GC(51) Eden regions: 87->0(69)
[1.089s][info][gc,heap        ] GC(51) Survivor regions: 0->13(13)
[1.089s][info][gc,heap        ] GC(51) Old regions: 605->681
[1.089s][info][gc,heap        ] GC(51) Archive regions: 0->0
[1.089s][info][gc,heap        ] GC(51) Humongous regions: 3->3
[1.089s][info][gc,metaspace   ] GC(51) Metaspace: 8298K(8512K)->8298K(8512K) NonClass: 7529K(7616K)->7529K(7616K) Class: 768K(896K)->768K(896K)
[1.089s][info][gc             ] GC(51) Pause Young (Concurrent Start) (G1 Humongous Allocation) 687M->689M(1024M) 13.433ms
[1.089s][info][gc,cpu         ] GC(51) User=0.14s Sys=0.00s Real=0.01s
[1.089s][info][gc             ] GC(52) Concurrent Mark Cycle
[1.089s][info][gc,marking     ] GC(52) Concurrent Clear Claimed Marks
[1.089s][info][gc,marking     ] GC(52) Concurrent Clear Claimed Marks 0.019ms
[1.089s][info][gc,marking     ] GC(52) Concurrent Scan Root Regions
[1.092s][info][gc,marking     ] GC(52) Concurrent Scan Root Regions 2.790ms
[1.092s][info][gc,marking     ] GC(52) Concurrent Mark
[1.092s][info][gc,marking     ] GC(52) Concurrent Mark From Roots
[1.092s][info][gc,task        ] GC(52) Using 3 workers of 3 for marking
[1.101s][info][gc,start       ] GC(53) Pause Young (Normal) (G1 Evacuation Pause)
[1.101s][info][gc,task        ] GC(53) Using 13 workers of 13 for evacuation
[1.113s][info][gc,phases      ] GC(53)   Pre Evacuate Collection Set: 0.2ms
[1.113s][info][gc,phases      ] GC(53)   Merge Heap Roots: 0.2ms
[1.113s][info][gc,phases      ] GC(53)   Evacuate Collection Set: 11.4ms
[1.113s][info][gc,phases      ] GC(53)   Post Evacuate Collection Set: 0.5ms
[1.113s][info][gc,phases      ] GC(53)   Other: 0.1ms
[1.113s][info][gc,heap        ] GC(53) Eden regions: 69->0(46)
[1.113s][info][gc,heap        ] GC(53) Survivor regions: 13->11(11)
[1.113s][info][gc,heap        ] GC(53) Old regions: 681->755
[1.113s][info][gc,heap        ] GC(53) Archive regions: 0->0
[1.113s][info][gc,heap        ] GC(53) Humongous regions: 4->4
[1.113s][info][gc,metaspace   ] GC(53) Metaspace: 8298K(8512K)->8298K(8512K) NonClass: 7529K(7616K)->7529K(7616K) Class: 768K(896K)->768K(896K)
[1.114s][info][gc             ] GC(53) Pause Young (Normal) (G1 Evacuation Pause) 759M->762M(1024M) 12.317ms
[1.114s][info][gc,cpu         ] GC(53) User=0.14s Sys=0.00s Real=0.01s
[1.119s][info][gc,marking     ] GC(52) Concurrent Mark From Roots 26.653ms
[1.119s][info][gc,marking     ] GC(52) Concurrent Preclean
[1.119s][info][gc,marking     ] GC(52) Concurrent Preclean 0.046ms
[1.119s][info][gc,start       ] GC(52) Pause Remark
[1.120s][info][gc             ] GC(52) Pause Remark 789M->767M(1024M) 1.100ms
[1.120s][info][gc,cpu         ] GC(52) User=0.00s Sys=0.00s Real=0.00s
[1.120s][info][gc,marking     ] GC(52) Concurrent Mark 28.115ms
[1.120s][info][gc,marking     ] GC(52) Concurrent Rebuild Remembered Sets
[1.123s][info][gc,start       ] GC(54) Pause Young (Normal) (G1 Evacuation Pause)
[1.123s][info][gc,task        ] GC(54) Using 13 workers of 13 for evacuation
[1.132s][info][gc,phases      ] GC(54)   Pre Evacuate Collection Set: 0.2ms
[1.132s][info][gc,phases      ] GC(54)   Merge Heap Roots: 0.1ms
[1.132s][info][gc,phases      ] GC(54)   Evacuate Collection Set: 7.9ms
[1.132s][info][gc,phases      ] GC(54)   Post Evacuate Collection Set: 0.5ms
[1.132s][info][gc,phases      ] GC(54)   Other: 0.1ms
[1.132s][info][gc,heap        ] GC(54) Eden regions: 46->0(43)
[1.132s][info][gc,heap        ] GC(54) Survivor regions: 11->8(8)
[1.132s][info][gc,heap        ] GC(54) Old regions: 733->785
[1.132s][info][gc,heap        ] GC(54) Archive regions: 0->0
[1.132s][info][gc,heap        ] GC(54) Humongous regions: 4->4
[1.132s][info][gc,metaspace   ] GC(54) Metaspace: 8298K(8512K)->8298K(8512K) NonClass: 7529K(7616K)->7529K(7616K) Class: 768K(896K)->768K(896K)
[1.132s][info][gc             ] GC(54) Pause Young (Normal) (G1 Evacuation Pause) 786M->789M(1024M) 8.894ms
[1.132s][info][gc,cpu         ] GC(54) User=0.10s Sys=0.00s Real=0.01s
[1.139s][info][gc,start       ] GC(55) Pause Young (Normal) (G1 Evacuation Pause)
[1.139s][info][gc,task        ] GC(55) Using 13 workers of 13 for evacuation
[1.147s][info][gc,phases      ] GC(55)   Pre Evacuate Collection Set: 0.2ms
[1.147s][info][gc,phases      ] GC(55)   Merge Heap Roots: 0.2ms
[1.147s][info][gc,phases      ] GC(55)   Evacuate Collection Set: 7.0ms
[1.147s][info][gc,phases      ] GC(55)   Post Evacuate Collection Set: 0.5ms
[1.147s][info][gc,phases      ] GC(55)   Other: 0.1ms
[1.147s][info][gc,heap        ] GC(55) Eden regions: 43->0(44)
[1.147s][info][gc,heap        ] GC(55) Survivor regions: 8->7(7)
[1.147s][info][gc,heap        ] GC(55) Old regions: 785->831
[1.147s][info][gc,heap        ] GC(55) Archive regions: 0->0
[1.147s][info][gc,heap        ] GC(55) Humongous regions: 4->4
[1.147s][info][gc,metaspace   ] GC(55) Metaspace: 8298K(8512K)->8298K(8512K) NonClass: 7529K(7616K)->7529K(7616K) Class: 768K(896K)->768K(896K)
[1.147s][info][gc             ] GC(55) Pause Young (Normal) (G1 Evacuation Pause) 832M->834M(1024M) 7.984ms
[1.147s][info][gc,cpu         ] GC(55) User=0.09s Sys=0.00s Real=0.01s
[1.155s][info][gc,start       ] GC(56) Pause Young (Normal) (G1 Evacuation Pause)
[1.155s][info][gc,task        ] GC(56) Using 13 workers of 13 for evacuation
[1.162s][info][gc,phases      ] GC(56)   Pre Evacuate Collection Set: 0.2ms
[1.163s][info][gc,phases      ] GC(56)   Merge Heap Roots: 0.2ms
[1.163s][info][gc,phases      ] GC(56)   Evacuate Collection Set: 7.0ms
[1.163s][info][gc,phases      ] GC(56)   Post Evacuate Collection Set: 0.5ms
[1.163s][info][gc,phases      ] GC(56)   Other: 0.1ms
[1.163s][info][gc,heap        ] GC(56) Eden regions: 44->0(44)
[1.163s][info][gc,heap        ] GC(56) Survivor regions: 7->7(7)
[1.163s][info][gc,heap        ] GC(56) Old regions: 831->879
[1.163s][info][gc,heap        ] GC(56) Archive regions: 0->0
[1.163s][info][gc,heap        ] GC(56) Humongous regions: 4->4
[1.163s][info][gc,metaspace   ] GC(56) Metaspace: 8298K(8512K)->8298K(8512K) NonClass: 7529K(7616K)->7529K(7616K) Class: 768K(896K)->768K(896K)
[1.163s][info][gc             ] GC(56) Pause Young (Normal) (G1 Evacuation Pause) 878M->882M(1024M) 8.013ms
[1.163s][info][gc,cpu         ] GC(56) User=0.09s Sys=0.00s Real=0.00s
[1.167s][info][gc,marking     ] GC(52) Concurrent Rebuild Remembered Sets 46.739ms
[1.167s][info][gc,start       ] GC(52) Pause Cleanup
Mixed GC count target: 8
[1.167s][info][gc             ] GC(52) Pause Cleanup 904M->904M(1024M) 0.364ms
[1.168s][info][gc,cpu         ] GC(52) User=0.00s Sys=0.00s Real=0.00s
[1.168s][info][gc,marking     ] GC(52) Concurrent Cleanup for Next Mark
[1.169s][info][gc,marking     ] GC(52) Concurrent Cleanup for Next Mark 1.394ms
[1.169s][info][gc             ] GC(52) Concurrent Mark Cycle 79.905ms
[1.172s][info][gc,start       ] GC(57) Pause Young (Prepare Mixed) (G1 Evacuation Pause)
[1.172s][info][gc,task        ] GC(57) Using 13 workers of 13 for evacuation
Mixed GC count target: 8
[1.180s][info][gc,phases      ] GC(57)   Pre Evacuate Collection Set: 0.2ms
[1.180s][info][gc,phases      ] GC(57)   Merge Heap Roots: 0.1ms
[1.180s][info][gc,phases      ] GC(57)   Evacuate Collection Set: 7.2ms
[1.180s][info][gc,phases      ] GC(57)   Post Evacuate Collection Set: 0.5ms
[1.180s][info][gc,phases      ] GC(57)   Other: 0.1ms
[1.180s][info][gc,heap        ] GC(57) Eden regions: 44->0(44)
[1.180s][info][gc,heap        ] GC(57) Survivor regions: 7->7(7)
[1.180s][info][gc,heap        ] GC(57) Old regions: 879->926
[1.180s][info][gc,heap        ] GC(57) Archive regions: 0->0
[1.180s][info][gc,heap        ] GC(57) Humongous regions: 4->4
[1.180s][info][gc,metaspace   ] GC(57) Metaspace: 8298K(8512K)->8298K(8512K) NonClass: 7529K(7616K)->7529K(7616K) Class: 768K(896K)->768K(896K)
[1.180s][info][gc             ] GC(57) Pause Young (Prepare Mixed) (G1 Evacuation Pause) 926M->929M(1024M) 8.134ms
[1.180s][info][gc,cpu         ] GC(57) User=0.08s Sys=0.00s Real=0.01s
[1.185s][info][gc,start       ] GC(58) Pause Young (Mixed) (G1 Preventive Collection)
[1.185s][info][gc,task        ] GC(58) Using 13 workers of 13 for evacuation
Mixed GC count target: 8
Old CSet region threshold percent: 10
[1.192s][info][gc,phases      ] GC(58)   Pre Evacuate Collection Set: 0.3ms
[1.192s][info][gc,phases      ] GC(58)   Merge Heap Roots: 0.2ms
[1.192s][info][gc,phases      ] GC(58)   Evacuate Collection Set: 6.3ms
[1.192s][info][gc,phases      ] GC(58)   Post Evacuate Collection Set: 0.5ms
[1.192s][info][gc,phases      ] GC(58)   Other: 0.1ms
[1.192s][info][gc,heap        ] GC(58) Eden regions: 37->0(44)
[1.192s][info][gc,heap        ] GC(58) Survivor regions: 7->7(7)
[1.192s][info][gc,heap        ] GC(58) Old regions: 926->956
[1.192s][info][gc,heap        ] GC(58) Archive regions: 0->0
[1.192s][info][gc,heap        ] GC(58) Humongous regions: 4->4
[1.192s][info][gc,metaspace   ] GC(58) Metaspace: 8298K(8512K)->8298K(8512K) NonClass: 7529K(7616K)->7529K(7616K) Class: 768K(896K)->768K(896K)
[1.192s][info][gc             ] GC(58) Pause Young (Mixed) (G1 Preventive Collection) 966M->960M(1024M) 7.404ms
[1.192s][info][gc,cpu         ] GC(58) User=0.08s Sys=0.00s Real=0.00s
[1.195s][info][gc,start       ] GC(59) Pause Young (Concurrent Start) (G1 Preventive Collection)
[1.195s][info][gc,task        ] GC(59) Using 13 workers of 13 for evacuation
[1.201s][info][gc,phases      ] GC(59)   Pre Evacuate Collection Set: 0.2ms
[1.201s][info][gc,phases      ] GC(59)   Merge Heap Roots: 0.1ms
[1.201s][info][gc,phases      ] GC(59)   Evacuate Collection Set: 4.5ms
[1.201s][info][gc,phases      ] GC(59)   Post Evacuate Collection Set: 0.5ms
[1.201s][info][gc,phases      ] GC(59)   Other: 0.1ms
[1.201s][info][gc,heap        ] GC(59) Eden regions: 23->0(44)
[1.201s][info][gc,heap        ] GC(59) Survivor regions: 7->7(7)
[1.201s][info][gc,heap        ] GC(59) Old regions: 956->982
[1.201s][info][gc,heap        ] GC(59) Archive regions: 0->0
[1.201s][info][gc,heap        ] GC(59) Humongous regions: 4->4
[1.201s][info][gc,metaspace   ] GC(59) Metaspace: 8298K(8512K)->8298K(8512K) NonClass: 7529K(7616K)->7529K(7616K) Class: 768K(896K)->768K(896K)
[1.201s][info][gc             ] GC(59) Pause Young (Concurrent Start) (G1 Preventive Collection) 983M->986M(1024M) 5.512ms
[1.201s][info][gc,cpu         ] GC(59) User=0.06s Sys=0.00s Real=0.00s
[1.201s][info][gc             ] GC(60) Concurrent Mark Cycle
[1.201s][info][gc,marking     ] GC(60) Concurrent Clear Claimed Marks
[1.201s][info][gc,marking     ] GC(60) Concurrent Clear Claimed Marks 0.014ms
[1.201s][info][gc,marking     ] GC(60) Concurrent Scan Root Regions
[1.202s][info][gc,marking     ] GC(60) Concurrent Scan Root Regions 1.037ms
[1.202s][info][gc,marking     ] GC(60) Concurrent Mark
[1.202s][info][gc,marking     ] GC(60) Concurrent Mark From Roots
[1.202s][info][gc,task        ] GC(60) Using 3 workers of 3 for marking
[1.204s][info][gc,start       ] GC(61) Pause Young (Normal) (G1 Preventive Collection)
[1.204s][info][gc,task        ] GC(61) Using 13 workers of 13 for evacuation
[1.207s][info][gc,phases      ] GC(61)   Pre Evacuate Collection Set: 0.2ms
[1.207s][info][gc,phases      ] GC(61)   Merge Heap Roots: 0.2ms
[1.207s][info][gc,phases      ] GC(61)   Evacuate Collection Set: 2.6ms
[1.207s][info][gc,phases      ] GC(61)   Post Evacuate Collection Set: 0.4ms
[1.207s][info][gc,phases      ] GC(61)   Other: 0.1ms
[1.207s][info][gc,heap        ] GC(61) Eden regions: 11->0(44)
[1.207s][info][gc,heap        ] GC(61) Survivor regions: 7->7(7)
[1.207s][info][gc,heap        ] GC(61) Old regions: 982->994
[1.207s][info][gc,heap        ] GC(61) Archive regions: 0->0
[1.207s][info][gc,heap        ] GC(61) Humongous regions: 4->4
[1.207s][info][gc,metaspace   ] GC(61) Metaspace: 8298K(8512K)->8298K(8512K) NonClass: 7529K(7616K)->7529K(7616K) Class: 768K(896K)->768K(896K)
[1.207s][info][gc             ] GC(61) Pause Young (Normal) (G1 Preventive Collection) 997M->998M(1024M) 3.501ms
[1.207s][info][gc,cpu         ] GC(61) User=0.03s Sys=0.00s Real=0.01s
[1.208s][info][gc,start       ] GC(62) Pause Young (Normal) (G1 Preventive Collection)
[1.208s][info][gc,task        ] GC(62) Using 13 workers of 13 for evacuation
[1.211s][info][gc,phases      ] GC(62)   Pre Evacuate Collection Set: 0.2ms
[1.211s][info][gc,phases      ] GC(62)   Merge Heap Roots: 0.2ms
[1.211s][info][gc,phases      ] GC(62)   Evacuate Collection Set: 1.6ms
[1.211s][info][gc,phases      ] GC(62)   Post Evacuate Collection Set: 0.4ms
[1.211s][info][gc,phases      ] GC(62)   Other: 0.1ms
[1.211s][info][gc,heap        ] GC(62) Eden regions: 5->0(45)
[1.211s][info][gc,heap        ] GC(62) Survivor regions: 7->6(7)
[1.211s][info][gc,heap        ] GC(62) Old regions: 994->1002
[1.211s][info][gc,heap        ] GC(62) Archive regions: 0->0
[1.211s][info][gc,heap        ] GC(62) Humongous regions: 4->4
[1.211s][info][gc,metaspace   ] GC(62) Metaspace: 8298K(8512K)->8298K(8512K) NonClass: 7529K(7616K)->7529K(7616K) Class: 768K(896K)->768K(896K)
[1.211s][info][gc             ] GC(62) Pause Young (Normal) (G1 Preventive Collection) 1003M->1005M(1024M) 2.450ms
[1.211s][info][gc,cpu         ] GC(62) User=0.02s Sys=0.00s Real=0.00s
[1.211s][info][gc,start       ] GC(63) Pause Young (Normal) (G1 Preventive Collection)
[1.211s][info][gc,task        ] GC(63) Using 13 workers of 13 for evacuation
[1.213s][info][gc,phases      ] GC(63)   Pre Evacuate Collection Set: 0.2ms
[1.213s][info][gc,phases      ] GC(63)   Merge Heap Roots: 0.1ms
[1.213s][info][gc,phases      ] GC(63)   Evacuate Collection Set: 0.8ms
[1.213s][info][gc,phases      ] GC(63)   Post Evacuate Collection Set: 0.5ms
[1.213s][info][gc,phases      ] GC(63)   Other: 0.1ms
[1.213s][info][gc,heap        ] GC(63) Eden regions: 2->0(48)
[1.213s][info][gc,heap        ] GC(63) Survivor regions: 6->3(7)
[1.213s][info][gc,heap        ] GC(63) Old regions: 1002->1008
[1.213s][info][gc,heap        ] GC(63) Archive regions: 0->0
[1.213s][info][gc,heap        ] GC(63) Humongous regions: 4->4
[1.213s][info][gc,metaspace   ] GC(63) Metaspace: 8298K(8512K)->8298K(8512K) NonClass: 7529K(7616K)->7529K(7616K) Class: 768K(896K)->768K(896K)
[1.213s][info][gc             ] GC(63) Pause Young (Normal) (G1 Preventive Collection) 1007M->1007M(1024M) 1.727ms
[1.213s][info][gc,cpu         ] GC(63) User=0.01s Sys=0.00s Real=0.00s
[1.214s][info][gc,start       ] GC(64) Pause Young (Normal) (G1 Preventive Collection)
[1.214s][info][gc,task        ] GC(64) Using 13 workers of 13 for evacuation
[1.215s][info][gc,phases      ] GC(64)   Pre Evacuate Collection Set: 0.2ms
[1.215s][info][gc,phases      ] GC(64)   Merge Heap Roots: 0.1ms
[1.215s][info][gc,phases      ] GC(64)   Evacuate Collection Set: 0.8ms
[1.215s][info][gc,phases      ] GC(64)   Post Evacuate Collection Set: 0.4ms
[1.215s][info][gc,phases      ] GC(64)   Other: 0.1ms
[1.215s][info][gc,heap        ] GC(64) Eden regions: 3->0(45)
[1.215s][info][gc,heap        ] GC(64) Survivor regions: 3->6(6)
[1.215s][info][gc,heap        ] GC(64) Old regions: 1008->1008
[1.215s][info][gc,heap        ] GC(64) Archive regions: 0->0
[1.215s][info][gc,heap        ] GC(64) Humongous regions: 4->4
[1.215s][info][gc,metaspace   ] GC(64) Metaspace: 8298K(8512K)->8298K(8512K) NonClass: 7529K(7616K)->7529K(7616K) Class: 768K(896K)->768K(896K)
[1.215s][info][gc             ] GC(64) Pause Young (Normal) (G1 Preventive Collection) 1010M->1010M(1024M) 1.656ms
[1.215s][info][gc,cpu         ] GC(64) User=0.01s Sys=0.00s Real=0.01s
[1.216s][info][gc,start       ] GC(65) Pause Young (Normal) (G1 Preventive Collection)
[1.216s][info][gc,task        ] GC(65) Using 13 workers of 13 for evacuation
[1.217s][info][gc             ] GC(65) To-space exhausted
[1.217s][info][gc,phases      ] GC(65)   Pre Evacuate Collection Set: 0.2ms
[1.217s][info][gc,phases      ] GC(65)   Merge Heap Roots: 0.1ms
[1.217s][info][gc,phases      ] GC(65)   Evacuate Collection Set: 0.7ms
[1.217s][info][gc,phases      ] GC(65)   Post Evacuate Collection Set: 0.5ms
[1.217s][info][gc,phases      ] GC(65)   Other: 0.1ms
[1.217s][info][gc,heap        ] GC(65) Eden regions: 1->0(48)
[1.217s][info][gc,heap        ] GC(65) Survivor regions: 6->3(5)
[1.217s][info][gc,heap        ] GC(65) Old regions: 1008->1016
[1.217s][info][gc,heap        ] GC(65) Archive regions: 0->0
[1.217s][info][gc,heap        ] GC(65) Humongous regions: 4->4
[1.217s][info][gc,metaspace   ] GC(65) Metaspace: 8298K(8512K)->8298K(8512K) NonClass: 7529K(7616K)->7529K(7616K) Class: 768K(896K)->768K(896K)
[1.217s][info][gc             ] GC(65) Pause Young (Normal) (G1 Preventive Collection) 1011M->1015M(1024M) 1.679ms
[1.217s][info][gc,cpu         ] GC(65) User=0.00s Sys=0.00s Real=0.00s
[1.218s][info][gc,start       ] GC(66) Pause Young (Normal) (G1 Evacuation Pause)
[1.218s][info][gc,task        ] GC(66) Using 13 workers of 13 for evacuation
[1.219s][info][gc             ] GC(66) To-space exhausted
[1.219s][info][gc,phases      ] GC(66)   Pre Evacuate Collection Set: 0.2ms
[1.219s][info][gc,phases      ] GC(66)   Merge Heap Roots: 0.2ms
[1.219s][info][gc,phases      ] GC(66)   Evacuate Collection Set: 0.8ms
[1.219s][info][gc,phases      ] GC(66)   Post Evacuate Collection Set: 0.5ms
[1.219s][info][gc,phases      ] GC(66)   Other: 0.1ms
[1.219s][info][gc,heap        ] GC(66) Eden regions: 1->0(51)
[1.219s][info][gc,heap        ] GC(66) Survivor regions: 3->0(0)
[1.219s][info][gc,heap        ] GC(66) Old regions: 1016->1020
[1.219s][info][gc,heap        ] GC(66) Archive regions: 0->0
[1.219s][info][gc,heap        ] GC(66) Humongous regions: 4->4
[1.219s][info][gc,metaspace   ] GC(66) Metaspace: 8298K(8512K)->8298K(8512K) NonClass: 7529K(7616K)->7529K(7616K) Class: 768K(896K)->768K(896K)
[1.219s][info][gc             ] GC(66) Pause Young (Normal) (G1 Evacuation Pause) 1016M->1016M(1024M) 1.712ms
[1.219s][info][gc,cpu         ] GC(66) User=0.01s Sys=0.00s Real=0.00s
[1.219s][info][gc,ergo        ] Attempting full compaction
[1.219s][info][gc,task        ] GC(67) Using 13 workers of 13 for full compaction
[1.220s][info][gc,start       ] GC(67) Pause Full (G1 Compaction Pause)
[1.221s][info][gc,phases,start] GC(67) Phase 1: Mark live objects
[1.235s][info][gc,phases      ] GC(67) Phase 1: Mark live objects 14.985ms
[1.236s][info][gc,phases,start] GC(67) Phase 2: Prepare for compaction
[1.239s][info][gc,phases      ] GC(67) Phase 2: Prepare for compaction 3.724ms
[1.239s][info][gc,phases,start] GC(67) Phase 3: Adjust pointers
[1.253s][info][gc,phases      ] GC(67) Phase 3: Adjust pointers 14.016ms
[1.253s][info][gc,phases,start] GC(67) Phase 4: Compact heap
[1.277s][info][gc,phases      ] GC(67) Phase 4: Compact heap 23.530ms
[1.279s][info][gc,heap        ] GC(67) Eden regions: 0->0(67)
[1.279s][info][gc,heap        ] GC(67) Survivor regions: 0->0(0)
[1.279s][info][gc,heap        ] GC(67) Old regions: 1020->699
[1.279s][info][gc,heap        ] GC(67) Archive regions: 0->0
[1.279s][info][gc,heap        ] GC(67) Humongous regions: 4->3
[1.279s][info][gc,metaspace   ] GC(67) Metaspace: 8298K(8512K)->8298K(8512K) NonClass: 7529K(7616K)->7529K(7616K) Class: 768K(896K)->768K(896K)
[1.279s][info][gc             ] GC(67) Pause Full (G1 Compaction Pause) 1016M->694M(1024M) 59.089ms
[1.279s][info][gc,cpu         ] GC(67) User=0.67s Sys=0.00s Real=0.06s
[1.279s][info][gc,marking     ] GC(60) Concurrent Mark From Roots 76.935ms
[1.279s][info][gc,marking     ] GC(60) Concurrent Mark Abort
[1.279s][info][gc             ] GC(60) Concurrent Mark Cycle 78.095ms
[1.292s][info][gc,start       ] GC(68) Pause Young (Normal) (G1 Evacuation Pause)
[1.292s][info][gc,task        ] GC(68) Using 13 workers of 13 for evacuation
[1.305s][info][gc,phases      ] GC(68)   Pre Evacuate Collection Set: 0.3ms
[1.305s][info][gc,phases      ] GC(68)   Merge Heap Roots: 0.2ms
[1.305s][info][gc,phases      ] GC(68)   Evacuate Collection Set: 11.4ms
[1.305s][info][gc,phases      ] GC(68)   Post Evacuate Collection Set: 0.7ms
[1.305s][info][gc,phases      ] GC(68)   Other: 0.2ms
[1.305s][info][gc,heap        ] GC(68) Eden regions: 67->0(46)
[1.305s][info][gc,heap        ] GC(68) Survivor regions: 0->9(9)
[1.305s][info][gc,heap        ] GC(68) Old regions: 699->757
[1.305s][info][gc,heap        ] GC(68) Archive regions: 0->0
[1.305s][info][gc,heap        ] GC(68) Humongous regions: 3->3
[1.305s][info][gc,metaspace   ] GC(68) Metaspace: 8298K(8512K)->8298K(8512K) NonClass: 7529K(7616K)->7529K(7616K) Class: 768K(896K)->768K(896K)
[1.305s][info][gc             ] GC(68) Pause Young (Normal) (G1 Evacuation Pause) 761M->761M(1024M) 12.788ms
[1.305s][info][gc,cpu         ] GC(68) User=0.07s Sys=0.02s Real=0.02s
[1.311s][info][gc,start       ] GC(69) Pause Young (Concurrent Start) (G1 Evacuation Pause)
[1.311s][info][gc,task        ] GC(69) Using 13 workers of 13 for evacuation
[1.321s][info][gc,phases      ] GC(69)   Pre Evacuate Collection Set: 0.2ms
[1.321s][info][gc,phases      ] GC(69)   Merge Heap Roots: 0.2ms
[1.321s][info][gc,phases      ] GC(69)   Evacuate Collection Set: 8.4ms
[1.321s][info][gc,phases      ] GC(69)   Post Evacuate Collection Set: 0.5ms
[1.321s][info][gc,phases      ] GC(69)   Other: 0.2ms
[1.321s][info][gc,heap        ] GC(69) Eden regions: 46->0(44)
[1.321s][info][gc,heap        ] GC(69) Survivor regions: 9->7(7)
[1.321s][info][gc,heap        ] GC(69) Old regions: 757->807
[1.321s][info][gc,heap        ] GC(69) Archive regions: 0->0
[1.321s][info][gc,heap        ] GC(69) Humongous regions: 3->3
[1.321s][info][gc,metaspace   ] GC(69) Metaspace: 8298K(8512K)->8298K(8512K) NonClass: 7529K(7616K)->7529K(7616K) Class: 768K(896K)->768K(896K)
[1.321s][info][gc             ] GC(69) Pause Young (Concurrent Start) (G1 Evacuation Pause) 807M->808M(1024M) 9.463ms
[1.321s][info][gc,cpu         ] GC(69) User=0.10s Sys=0.00s Real=0.01s
[1.321s][info][gc             ] GC(70) Concurrent Mark Cycle
[1.321s][info][gc,marking     ] GC(70) Concurrent Clear Claimed Marks
[1.321s][info][gc,marking     ] GC(70) Concurrent Clear Claimed Marks 0.030ms
[1.321s][info][gc,marking     ] GC(70) Concurrent Scan Root Regions
[1.323s][info][gc,marking     ] GC(70) Concurrent Scan Root Regions 2.060ms
[1.323s][info][gc,marking     ] GC(70) Concurrent Mark
[1.323s][info][gc,marking     ] GC(70) Concurrent Mark From Roots
[1.323s][info][gc,task        ] GC(70) Using 3 workers of 3 for marking
[1.331s][info][gc,start       ] GC(71) Pause Young (Normal) (G1 Evacuation Pause)
[1.331s][info][gc,task        ] GC(71) Using 13 workers of 13 for evacuation
[1.339s][info][gc,phases      ] GC(71)   Pre Evacuate Collection Set: 0.2ms
[1.339s][info][gc,phases      ] GC(71)   Merge Heap Roots: 0.1ms
[1.340s][info][gc,phases      ] GC(71)   Evacuate Collection Set: 7.7ms
[1.340s][info][gc,phases      ] GC(71)   Post Evacuate Collection Set: 0.5ms
[1.340s][info][gc,phases      ] GC(71)   Other: 0.1ms
[1.340s][info][gc,heap        ] GC(71) Eden regions: 44->0(44)
[1.340s][info][gc,heap        ] GC(71) Survivor regions: 7->7(7)
[1.340s][info][gc,heap        ] GC(71) Old regions: 807->853
[1.340s][info][gc,heap        ] GC(71) Archive regions: 0->0
[1.340s][info][gc,heap        ] GC(71) Humongous regions: 3->3
[1.340s][info][gc,metaspace   ] GC(71) Metaspace: 8298K(8512K)->8298K(8512K) NonClass: 7529K(7616K)->7529K(7616K) Class: 768K(896K)->768K(896K)
[1.340s][info][gc             ] GC(71) Pause Young (Normal) (G1 Evacuation Pause) 852M->855M(1024M) 8.678ms
[1.340s][info][gc,cpu         ] GC(71) User=0.10s Sys=0.00s Real=0.01s
[1.349s][info][gc,start       ] GC(72) Pause Young (Normal) (G1 Evacuation Pause)
[1.349s][info][gc,task        ] GC(72) Using 13 workers of 13 for evacuation
[1.358s][info][gc,phases      ] GC(72)   Pre Evacuate Collection Set: 0.2ms
[1.358s][info][gc,phases      ] GC(72)   Merge Heap Roots: 0.2ms
[1.358s][info][gc,phases      ] GC(72)   Evacuate Collection Set: 7.6ms
[1.358s][info][gc,phases      ] GC(72)   Post Evacuate Collection Set: 0.5ms
[1.358s][info][gc,phases      ] GC(72)   Other: 0.1ms
[1.358s][info][gc,heap        ] GC(72) Eden regions: 44->0(44)
[1.358s][info][gc,heap        ] GC(72) Survivor regions: 7->7(7)
[1.358s][info][gc,heap        ] GC(72) Old regions: 853->900
[1.358s][info][gc,heap        ] GC(72) Archive regions: 0->0
[1.358s][info][gc,heap        ] GC(72) Humongous regions: 3->3
[1.358s][info][gc,metaspace   ] GC(72) Metaspace: 8298K(8512K)->8298K(8512K) NonClass: 7529K(7616K)->7529K(7616K) Class: 768K(896K)->768K(896K)
[1.358s][info][gc             ] GC(72) Pause Young (Normal) (G1 Evacuation Pause) 899M->902M(1024M) 8.672ms
[1.358s][info][gc,cpu         ] GC(72) User=0.10s Sys=0.00s Real=0.01s
[1.361s][info][gc,marking     ] GC(70) Concurrent Mark From Roots 38.216ms
[1.361s][info][gc,marking     ] GC(70) Concurrent Preclean
[1.361s][info][gc,marking     ] GC(70) Concurrent Preclean 0.049ms
[1.362s][info][gc,start       ] GC(70) Pause Remark
[1.363s][info][gc             ] GC(70) Pause Remark 915M->876M(1024M) 1.118ms
[1.363s][info][gc,cpu         ] GC(70) User=0.01s Sys=0.00s Real=0.00s
[1.363s][info][gc,marking     ] GC(70) Concurrent Mark 39.733ms
[1.363s][info][gc,marking     ] GC(70) Concurrent Rebuild Remembered Sets
[1.368s][info][gc,start       ] GC(73) Pause Young (Normal) (G1 Evacuation Pause)
[1.368s][info][gc,task        ] GC(73) Using 13 workers of 13 for evacuation
[1.377s][info][gc,phases      ] GC(73)   Pre Evacuate Collection Set: 0.2ms
[1.377s][info][gc,phases      ] GC(73)   Merge Heap Roots: 0.2ms
[1.377s][info][gc,phases      ] GC(73)   Evacuate Collection Set: 7.5ms
[1.377s][info][gc,phases      ] GC(73)   Post Evacuate Collection Set: 0.6ms
[1.377s][info][gc,phases      ] GC(73)   Other: 0.1ms
[1.377s][info][gc,heap        ] GC(73) Eden regions: 44->0(44)
[1.377s][info][gc,heap        ] GC(73) Survivor regions: 7->7(7)
[1.377s][info][gc,heap        ] GC(73) Old regions: 861->908
[1.377s][info][gc,heap        ] GC(73) Archive regions: 0->0
[1.377s][info][gc,heap        ] GC(73) Humongous regions: 3->3
[1.377s][info][gc,metaspace   ] GC(73) Metaspace: 8298K(8512K)->8298K(8512K) NonClass: 7529K(7616K)->7529K(7616K) Class: 768K(896K)->768K(896K)
[1.377s][info][gc             ] GC(73) Pause Young (Normal) (G1 Evacuation Pause) 907M->910M(1024M) 8.575ms
[1.377s][info][gc,cpu         ] GC(73) User=0.08s Sys=0.00s Real=0.01s
[1.385s][info][gc,start       ] GC(74) Pause Young (Normal) (G1 Evacuation Pause)
[1.385s][info][gc,task        ] GC(74) Using 13 workers of 13 for evacuation
[1.394s][info][gc,phases      ] GC(74)   Pre Evacuate Collection Set: 0.2ms
[1.394s][info][gc,phases      ] GC(74)   Merge Heap Roots: 0.2ms
[1.394s][info][gc,phases      ] GC(74)   Evacuate Collection Set: 7.5ms
[1.394s][info][gc,phases      ] GC(74)   Post Evacuate Collection Set: 0.5ms
[1.394s][info][gc,phases      ] GC(74)   Other: 0.1ms
[1.394s][info][gc,heap        ] GC(74) Eden regions: 44->0(44)
[1.394s][info][gc,heap        ] GC(74) Survivor regions: 7->7(7)
[1.394s][info][gc,heap        ] GC(74) Old regions: 908->956
[1.394s][info][gc,heap        ] GC(74) Archive regions: 0->0
[1.394s][info][gc,heap        ] GC(74) Humongous regions: 3->3
[1.394s][info][gc,metaspace   ] GC(74) Metaspace: 8298K(8512K)->8298K(8512K) NonClass: 7529K(7616K)->7529K(7616K) Class: 768K(896K)->768K(896K)
[1.394s][info][gc             ] GC(74) Pause Young (Normal) (G1 Evacuation Pause) 954M->958M(1024M) 8.484ms
[1.394s][info][gc,cpu         ] GC(74) User=0.08s Sys=0.00s Real=0.00s
[1.398s][info][gc,start       ] GC(75) Pause Young (Normal) (G1 Preventive Collection)
[1.398s][info][gc,task        ] GC(75) Using 13 workers of 13 for evacuation
[1.403s][info][gc             ] GC(75) To-space exhausted
[1.403s][info][gc,phases      ] GC(75)   Pre Evacuate Collection Set: 0.2ms
[1.403s][info][gc,phases      ] GC(75)   Merge Heap Roots: 0.2ms
[1.403s][info][gc,phases      ] GC(75)   Evacuate Collection Set: 4.2ms
[1.403s][info][gc,phases      ] GC(75)   Post Evacuate Collection Set: 0.5ms
[1.403s][info][gc,phases      ] GC(75)   Other: 0.1ms
[1.403s][info][gc,heap        ] GC(75) Eden regions: 24->0(44)
[1.403s][info][gc,heap        ] GC(75) Survivor regions: 7->7(7)
[1.403s][info][gc,heap        ] GC(75) Old regions: 956->986
[1.403s][info][gc,heap        ] GC(75) Archive regions: 0->0
[1.403s][info][gc,heap        ] GC(75) Humongous regions: 3->3
[1.403s][info][gc,metaspace   ] GC(75) Metaspace: 8298K(8512K)->8298K(8512K) NonClass: 7529K(7616K)->7529K(7616K) Class: 768K(896K)->768K(896K)
[1.403s][info][gc             ] GC(75) Pause Young (Normal) (G1 Preventive Collection) 982M->988M(1024M) 5.152ms
[1.403s][info][gc,cpu         ] GC(75) User=0.05s Sys=0.00s Real=0.00s
[1.405s][info][gc,start       ] GC(76) Pause Young (Normal) (G1 Preventive Collection)
[1.405s][info][gc,task        ] GC(76) Using 13 workers of 13 for evacuation
[1.407s][info][gc,phases      ] GC(76)   Pre Evacuate Collection Set: 0.2ms
[1.407s][info][gc,phases      ] GC(76)   Merge Heap Roots: 0.2ms
[1.407s][info][gc,phases      ] GC(76)   Evacuate Collection Set: 1.8ms
[1.407s][info][gc,phases      ] GC(76)   Post Evacuate Collection Set: 0.5ms
[1.407s][info][gc,phases      ] GC(76)   Other: 0.1ms
[1.407s][info][gc,heap        ] GC(76) Eden regions: 9->0(44)
[1.407s][info][gc,heap        ] GC(76) Survivor regions: 7->7(7)
[1.407s][info][gc,heap        ] GC(76) Old regions: 986->998
[1.407s][info][gc,heap        ] GC(76) Archive regions: 0->0
[1.407s][info][gc,heap        ] GC(76) Humongous regions: 3->3
[1.407s][info][gc,metaspace   ] GC(76) Metaspace: 8298K(8512K)->8298K(8512K) NonClass: 7529K(7616K)->7529K(7616K) Class: 768K(896K)->768K(896K)
[1.407s][info][gc             ] GC(76) Pause Young (Normal) (G1 Preventive Collection) 997M->1000M(1024M) 2.730ms
[1.407s][info][gc,cpu         ] GC(76) User=0.02s Sys=0.00s Real=0.00s
[1.408s][info][gc,start       ] GC(77) Pause Young (Normal) (G1 Preventive Collection)
[1.408s][info][gc,task        ] GC(77) Using 13 workers of 13 for evacuation
[1.410s][info][gc,phases      ] GC(77)   Pre Evacuate Collection Set: 0.2ms
[1.410s][info][gc,phases      ] GC(77)   Merge Heap Roots: 0.2ms
[1.410s][info][gc,phases      ] GC(77)   Evacuate Collection Set: 1.2ms
[1.410s][info][gc,phases      ] GC(77)   Post Evacuate Collection Set: 0.5ms
[1.410s][info][gc,phases      ] GC(77)   Other: 0.1ms
[1.410s][info][gc,heap        ] GC(77) Eden regions: 3->0(47)
[1.410s][info][gc,heap        ] GC(77) Survivor regions: 7->4(7)
[1.410s][info][gc,heap        ] GC(77) Old regions: 998->1006
[1.410s][info][gc,heap        ] GC(77) Archive regions: 0->0
[1.410s][info][gc,heap        ] GC(77) Humongous regions: 3->3
[1.410s][info][gc,metaspace   ] GC(77) Metaspace: 8298K(8512K)->8298K(8512K) NonClass: 7529K(7616K)->7529K(7616K) Class: 768K(896K)->768K(896K)
[1.410s][info][gc             ] GC(77) Pause Young (Normal) (G1 Preventive Collection) 1003M->1004M(1024M) 2.130ms
[1.410s][info][gc,cpu         ] GC(77) User=0.01s Sys=0.00s Real=0.00s
[1.411s][info][gc,start       ] GC(78) Pause Young (Normal) (G1 Preventive Collection)
[1.411s][info][gc,task        ] GC(78) Using 13 workers of 13 for evacuation
[1.412s][info][gc,phases      ] GC(78)   Pre Evacuate Collection Set: 0.2ms
[1.412s][info][gc,phases      ] GC(78)   Merge Heap Roots: 0.2ms
[1.412s][info][gc,phases      ] GC(78)   Evacuate Collection Set: 0.8ms
[1.412s][info][gc,phases      ] GC(78)   Post Evacuate Collection Set: 0.4ms
[1.412s][info][gc,phases      ] GC(78)   Other: 0.0ms
[1.412s][info][gc,heap        ] GC(78) Eden regions: 3->0(44)
[1.412s][info][gc,heap        ] GC(78) Survivor regions: 4->7(7)
[1.412s][info][gc,heap        ] GC(78) Old regions: 1006->1006
[1.412s][info][gc,heap        ] GC(78) Archive regions: 0->0
[1.412s][info][gc,heap        ] GC(78) Humongous regions: 3->3
[1.412s][info][gc,metaspace   ] GC(78) Metaspace: 8298K(8512K)->8298K(8512K) NonClass: 7529K(7616K)->7529K(7616K) Class: 768K(896K)->768K(896K)
[1.412s][info][gc             ] GC(78) Pause Young (Normal) (G1 Preventive Collection) 1007M->1007M(1024M) 1.643ms
[1.412s][info][gc,cpu         ] GC(78) User=0.01s Sys=0.00s Real=0.00s
[1.412s][info][gc,start       ] GC(79) Pause Young (Normal) (G1 Preventive Collection)
[1.412s][info][gc,task        ] GC(79) Using 13 workers of 13 for evacuation
[1.414s][info][gc,phases      ] GC(79)   Pre Evacuate Collection Set: 0.2ms
[1.414s][info][gc,phases      ] GC(79)   Merge Heap Roots: 0.2ms
[1.414s][info][gc,phases      ] GC(79)   Evacuate Collection Set: 0.7ms
[1.414s][info][gc,phases      ] GC(79)   Post Evacuate Collection Set: 0.4ms
[1.414s][info][gc,phases      ] GC(79)   Other: 0.0ms
[1.414s][info][gc,heap        ] GC(79) Eden regions: 1->0(47)
[1.414s][info][gc,heap        ] GC(79) Survivor regions: 7->4(7)
[1.414s][info][gc,heap        ] GC(79) Old regions: 1006->1009
[1.414s][info][gc,heap        ] GC(79) Archive regions: 0->0
[1.414s][info][gc,heap        ] GC(79) Humongous regions: 3->3
[1.414s][info][gc,metaspace   ] GC(79) Metaspace: 8298K(8512K)->8298K(8512K) NonClass: 7529K(7616K)->7529K(7616K) Class: 768K(896K)->768K(896K)
[1.414s][info][gc             ] GC(79) Pause Young (Normal) (G1 Preventive Collection) 1008M->1008M(1024M) 1.534ms
[1.414s][info][gc,cpu         ] GC(79) User=0.00s Sys=0.00s Real=0.00s
[1.414s][info][gc,start       ] GC(80) Pause Young (Normal) (G1 Preventive Collection)
[1.414s][info][gc,task        ] GC(80) Using 13 workers of 13 for evacuation
[1.416s][info][gc,phases      ] GC(80)   Pre Evacuate Collection Set: 0.2ms
[1.416s][info][gc,phases      ] GC(80)   Merge Heap Roots: 0.2ms
[1.416s][info][gc,phases      ] GC(80)   Evacuate Collection Set: 0.6ms
[1.416s][info][gc,phases      ] GC(80)   Post Evacuate Collection Set: 0.4ms
[1.416s][info][gc,phases      ] GC(80)   Other: 0.0ms
[1.416s][info][gc,heap        ] GC(80) Eden regions: 1->0(48)
[1.416s][info][gc,heap        ] GC(80) Survivor regions: 4->3(7)
[1.416s][info][gc,heap        ] GC(80) Old regions: 1009->1012
[1.416s][info][gc,heap        ] GC(80) Archive regions: 0->0
[1.416s][info][gc,heap        ] GC(80) Humongous regions: 3->3
[1.416s][info][gc,metaspace   ] GC(80) Metaspace: 8298K(8512K)->8298K(8512K) NonClass: 7529K(7616K)->7529K(7616K) Class: 768K(896K)->768K(896K)
[1.416s][info][gc             ] GC(80) Pause Young (Normal) (G1 Preventive Collection) 1009M->1010M(1024M) 1.361ms
[1.416s][info][gc,cpu         ] GC(80) User=0.00s Sys=0.00s Real=0.00s
[1.416s][info][gc,start       ] GC(81) Pause Young (Normal) (G1 Preventive Collection)
[1.416s][info][gc,task        ] GC(81) Using 13 workers of 13 for evacuation
[1.417s][info][gc,phases      ] GC(81)   Pre Evacuate Collection Set: 0.2ms
[1.417s][info][gc,phases      ] GC(81)   Merge Heap Roots: 0.2ms
[1.417s][info][gc,phases      ] GC(81)   Evacuate Collection Set: 0.5ms
[1.417s][info][gc,phases      ] GC(81)   Post Evacuate Collection Set: 0.4ms
[1.417s][info][gc,phases      ] GC(81)   Other: 0.0ms
[1.417s][info][gc,heap        ] GC(81) Eden regions: 1->0(47)
[1.417s][info][gc,heap        ] GC(81) Survivor regions: 3->4(5)
[1.417s][info][gc,heap        ] GC(81) Old regions: 1012->1012
[1.417s][info][gc,heap        ] GC(81) Archive regions: 0->0
[1.417s][info][gc,heap        ] GC(81) Humongous regions: 3->3
[1.417s][info][gc,metaspace   ] GC(81) Metaspace: 8298K(8512K)->8298K(8512K) NonClass: 7529K(7616K)->7529K(7616K) Class: 768K(896K)->768K(896K)
[1.417s][info][gc             ] GC(81) Pause Young (Normal) (G1 Preventive Collection) 1011M->1010M(1024M) 1.294ms
[1.417s][info][gc,cpu         ] GC(81) User=0.00s Sys=0.00s Real=0.00s
[1.417s][info][gc,start       ] GC(82) Pause Young (Normal) (G1 Preventive Collection)
[1.417s][info][gc,task        ] GC(82) Using 13 workers of 13 for evacuation
[1.419s][info][gc             ] GC(82) To-space exhausted
[1.419s][info][gc,phases      ] GC(82)   Pre Evacuate Collection Set: 0.2ms
[1.419s][info][gc,phases      ] GC(82)   Merge Heap Roots: 0.2ms
[1.419s][info][gc,phases      ] GC(82)   Evacuate Collection Set: 0.5ms
[1.419s][info][gc,phases      ] GC(82)   Post Evacuate Collection Set: 0.4ms
[1.419s][info][gc,phases      ] GC(82)   Other: 0.1ms
[1.419s][info][gc,heap        ] GC(82) Eden regions: 1->0(47)
[1.419s][info][gc,heap        ] GC(82) Survivor regions: 4->4(4)
[1.419s][info][gc,heap        ] GC(82) Old regions: 1012->1014
[1.419s][info][gc,heap        ] GC(82) Archive regions: 0->0
[1.419s][info][gc,heap        ] GC(82) Humongous regions: 3->3
[1.419s][info][gc,metaspace   ] GC(82) Metaspace: 8298K(8512K)->8298K(8512K) NonClass: 7529K(7616K)->7529K(7616K) Class: 768K(896K)->768K(896K)
[1.419s][info][gc             ] GC(82) Pause Young (Normal) (G1 Preventive Collection) 1011M->1013M(1024M) 1.311ms
[1.419s][info][gc,cpu         ] GC(82) User=0.00s Sys=0.01s Real=0.00s
[1.419s][info][gc,start       ] GC(83) Pause Young (Normal) (G1 Preventive Collection)
[1.419s][info][gc,task        ] GC(83) Using 13 workers of 13 for evacuation
[1.420s][info][gc             ] GC(83) To-space exhausted
[1.421s][info][gc,phases      ] GC(83)   Pre Evacuate Collection Set: 0.2ms
[1.421s][info][gc,phases      ] GC(83)   Merge Heap Roots: 0.2ms
[1.421s][info][gc,phases      ] GC(83)   Evacuate Collection Set: 0.7ms
[1.421s][info][gc,phases      ] GC(83)   Post Evacuate Collection Set: 0.4ms
[1.421s][info][gc,phases      ] GC(83)   Other: 0.1ms
[1.421s][info][gc,heap        ] GC(83) Eden regions: 1->0(50)
[1.421s][info][gc,heap        ] GC(83) Survivor regions: 4->1(2)
[1.421s][info][gc,heap        ] GC(83) Old regions: 1014->1020
[1.421s][info][gc,heap        ] GC(83) Archive regions: 0->0
[1.421s][info][gc,heap        ] GC(83) Humongous regions: 3->3
[1.421s][info][gc,metaspace   ] GC(83) Metaspace: 8298K(8512K)->8298K(8512K) NonClass: 7529K(7616K)->7529K(7616K) Class: 768K(896K)->768K(896K)
[1.421s][info][gc             ] GC(83) Pause Young (Normal) (G1 Preventive Collection) 1014M->1016M(1024M) 1.589ms
[1.421s][info][gc,cpu         ] GC(83) User=0.01s Sys=0.00s Real=0.00s
[1.421s][info][gc,ergo        ] Attempting full compaction
[1.421s][info][gc,task        ] GC(84) Using 13 workers of 13 for full compaction
[1.421s][info][gc,start       ] GC(84) Pause Full (G1 Compaction Pause)
[1.421s][info][gc,phases,start] GC(84) Phase 1: Mark live objects
[1.431s][info][gc,phases      ] GC(84) Phase 1: Mark live objects 9.377ms
[1.431s][info][gc,phases,start] GC(84) Phase 2: Prepare for compaction
[1.434s][info][gc,phases      ] GC(84) Phase 2: Prepare for compaction 2.727ms
[1.434s][info][gc,phases,start] GC(84) Phase 3: Adjust pointers
[1.443s][info][gc,phases      ] GC(84) Phase 3: Adjust pointers 9.445ms
[1.443s][info][gc,phases,start] GC(84) Phase 4: Compact heap
[1.462s][info][gc,phases      ] GC(84) Phase 4: Compact heap 18.419ms
[1.463s][info][gc,heap        ] GC(84) Eden regions: 0->0(51)
[1.463s][info][gc,heap        ] GC(84) Survivor regions: 1->0(2)
[1.463s][info][gc,heap        ] GC(84) Old regions: 1020->774
[1.463s][info][gc,heap        ] GC(84) Archive regions: 0->0
[1.463s][info][gc,heap        ] GC(84) Humongous regions: 3->3
[1.463s][info][gc,metaspace   ] GC(84) Metaspace: 8298K(8512K)->8298K(8512K) NonClass: 7529K(7616K)->7529K(7616K) Class: 768K(896K)->768K(896K)
[1.463s][info][gc             ] GC(84) Pause Full (G1 Compaction Pause) 1016M->770M(1024M) 42.323ms
[1.463s][info][gc,cpu         ] GC(84) User=0.47s Sys=0.00s Real=0.04s
[1.463s][info][gc,marking     ] GC(70) Concurrent Rebuild Remembered Sets 100.392ms
[1.463s][info][gc,marking     ] GC(70) Concurrent Mark Abort
[1.463s][info][gc             ] GC(70) Concurrent Mark Cycle 142.394ms
[1.468s][info][gc,start       ] GC(85) Pause Young (Normal) (G1 Evacuation Pause)
[1.468s][info][gc,task        ] GC(85) Using 13 workers of 13 for evacuation
[1.477s][info][gc,phases      ] GC(85)   Pre Evacuate Collection Set: 0.2ms
[1.478s][info][gc,phases      ] GC(85)   Merge Heap Roots: 0.2ms
[1.478s][info][gc,phases      ] GC(85)   Evacuate Collection Set: 8.1ms
[1.478s][info][gc,phases      ] GC(85)   Post Evacuate Collection Set: 0.5ms
[1.478s][info][gc,phases      ] GC(85)   Other: 0.1ms
[1.478s][info][gc,heap        ] GC(85) Eden regions: 51->0(44)
[1.478s][info][gc,heap        ] GC(85) Survivor regions: 0->7(7)
[1.478s][info][gc,heap        ] GC(85) Old regions: 774->819
[1.478s][info][gc,heap        ] GC(85) Archive regions: 0->0
[1.478s][info][gc,heap        ] GC(85) Humongous regions: 3->3
[1.478s][info][gc,metaspace   ] GC(85) Metaspace: 8298K(8512K)->8298K(8512K) NonClass: 7529K(7616K)->7529K(7616K) Class: 768K(896K)->768K(896K)
[1.478s][info][gc             ] GC(85) Pause Young (Normal) (G1 Evacuation Pause) 821M->821M(1024M) 9.092ms
[1.478s][info][gc,cpu         ] GC(85) User=0.03s Sys=0.04s Real=0.01s
[1.482s][info][gc,start       ] GC(86) Pause Young (Concurrent Start) (G1 Evacuation Pause)
[1.482s][info][gc,task        ] GC(86) Using 13 workers of 13 for evacuation
[1.490s][info][gc,phases      ] GC(86)   Pre Evacuate Collection Set: 0.2ms
[1.490s][info][gc,phases      ] GC(86)   Merge Heap Roots: 0.2ms
[1.490s][info][gc,phases      ] GC(86)   Evacuate Collection Set: 7.1ms
[1.490s][info][gc,phases      ] GC(86)   Post Evacuate Collection Set: 0.5ms
[1.490s][info][gc,phases      ] GC(86)   Other: 0.1ms
[1.490s][info][gc,heap        ] GC(86) Eden regions: 44->0(44)
[1.490s][info][gc,heap        ] GC(86) Survivor regions: 7->7(7)
[1.490s][info][gc,heap        ] GC(86) Old regions: 819->863
[1.490s][info][gc,heap        ] GC(86) Archive regions: 0->0
[1.490s][info][gc,heap        ] GC(86) Humongous regions: 3->3
[1.490s][info][gc,metaspace   ] GC(86) Metaspace: 8298K(8512K)->8298K(8512K) NonClass: 7529K(7616K)->7529K(7616K) Class: 768K(896K)->768K(896K)
[1.490s][info][gc             ] GC(86) Pause Young (Concurrent Start) (G1 Evacuation Pause) 865M->865M(1024M) 8.029ms
[1.490s][info][gc,cpu         ] GC(86) User=0.07s Sys=0.01s Real=0.01s
[1.490s][info][gc             ] GC(87) Concurrent Mark Cycle
[1.490s][info][gc,marking     ] GC(87) Concurrent Clear Claimed Marks
[1.490s][info][gc,marking     ] GC(87) Concurrent Clear Claimed Marks 0.014ms
[1.490s][info][gc,marking     ] GC(87) Concurrent Scan Root Regions
[1.492s][info][gc,marking     ] GC(87) Concurrent Scan Root Regions 1.536ms
[1.492s][info][gc,marking     ] GC(87) Concurrent Mark
[1.492s][info][gc,marking     ] GC(87) Concurrent Mark From Roots
[1.492s][info][gc,task        ] GC(87) Using 3 workers of 3 for marking
[1.498s][info][gc,start       ] GC(88) Pause Young (Normal) (G1 Evacuation Pause)
[1.498s][info][gc,task        ] GC(88) Using 13 workers of 13 for evacuation
[1.506s][info][gc,phases      ] GC(88)   Pre Evacuate Collection Set: 0.2ms
[1.506s][info][gc,phases      ] GC(88)   Merge Heap Roots: 0.2ms
[1.506s][info][gc,phases      ] GC(88)   Evacuate Collection Set: 7.2ms
[1.506s][info][gc,phases      ] GC(88)   Post Evacuate Collection Set: 0.5ms
[1.506s][info][gc,phases      ] GC(88)   Other: 0.1ms
[1.506s][info][gc,heap        ] GC(88) Eden regions: 44->0(44)
[1.506s][info][gc,heap        ] GC(88) Survivor regions: 7->7(7)
[1.506s][info][gc,heap        ] GC(88) Old regions: 863->908
[1.506s][info][gc,heap        ] GC(88) Archive regions: 0->0
[1.506s][info][gc,heap        ] GC(88) Humongous regions: 3->3
[1.506s][info][gc,metaspace   ] GC(88) Metaspace: 8298K(8512K)->8298K(8512K) NonClass: 7529K(7616K)->7529K(7616K) Class: 768K(896K)->768K(896K)
[1.506s][info][gc             ] GC(88) Pause Young (Normal) (G1 Evacuation Pause) 909M->911M(1024M) 8.152ms
[1.506s][info][gc,cpu         ] GC(88) User=0.09s Sys=0.00s Real=0.01s
[1.515s][info][gc,start       ] GC(89) Pause Young (Normal) (G1 Evacuation Pause)
[1.515s][info][gc,task        ] GC(89) Using 13 workers of 13 for evacuation
[1.523s][info][gc,phases      ] GC(89)   Pre Evacuate Collection Set: 0.2ms
[1.523s][info][gc,phases      ] GC(89)   Merge Heap Roots: 0.2ms
[1.523s][info][gc,phases      ] GC(89)   Evacuate Collection Set: 7.2ms
[1.523s][info][gc,phases      ] GC(89)   Post Evacuate Collection Set: 0.5ms
[1.523s][info][gc,phases      ] GC(89)   Other: 0.1ms
[1.523s][info][gc,heap        ] GC(89) Eden regions: 44->0(44)
[1.523s][info][gc,heap        ] GC(89) Survivor regions: 7->7(7)
[1.523s][info][gc,heap        ] GC(89) Old regions: 908->955
[1.523s][info][gc,heap        ] GC(89) Archive regions: 0->0
[1.523s][info][gc,heap        ] GC(89) Humongous regions: 5->5
[1.523s][info][gc,metaspace   ] GC(89) Metaspace: 8298K(8512K)->8298K(8512K) NonClass: 7529K(7616K)->7529K(7616K) Class: 768K(896K)->768K(896K)
[1.523s][info][gc             ] GC(89) Pause Young (Normal) (G1 Evacuation Pause) 957M->960M(1024M) 8.121ms
[1.524s][info][gc,cpu         ] GC(89) User=0.08s Sys=0.01s Real=0.00s
[1.527s][info][gc,marking     ] GC(87) Concurrent Mark From Roots 35.167ms
[1.527s][info][gc,marking     ] GC(87) Concurrent Preclean
[1.527s][info][gc,marking     ] GC(87) Concurrent Preclean 0.044ms
[1.527s][info][gc,start       ] GC(90) Pause Young (Normal) (G1 Preventive Collection)
[1.527s][info][gc,task        ] GC(90) Using 13 workers of 13 for evacuation
[1.532s][info][gc,phases      ] GC(90)   Pre Evacuate Collection Set: 0.2ms
[1.532s][info][gc,phases      ] GC(90)   Merge Heap Roots: 0.2ms
[1.532s][info][gc,phases      ] GC(90)   Evacuate Collection Set: 3.8ms
[1.532s][info][gc,phases      ] GC(90)   Post Evacuate Collection Set: 0.4ms
[1.532s][info][gc,phases      ] GC(90)   Other: 0.1ms
[1.532s][info][gc,heap        ] GC(90) Eden regions: 23->0(44)
[1.532s][info][gc,heap        ] GC(90) Survivor regions: 7->7(7)
[1.532s][info][gc,heap        ] GC(90) Old regions: 955->982
[1.532s][info][gc,heap        ] GC(90) Archive regions: 0->0
[1.532s][info][gc,heap        ] GC(90) Humongous regions: 5->5
[1.532s][info][gc,metaspace   ] GC(90) Metaspace: 8298K(8512K)->8298K(8512K) NonClass: 7529K(7616K)->7529K(7616K) Class: 768K(896K)->768K(896K)
[1.532s][info][gc             ] GC(90) Pause Young (Normal) (G1 Preventive Collection) 983M->986M(1024M) 4.692ms
[1.532s][info][gc,cpu         ] GC(90) User=0.04s Sys=0.00s Real=0.00s
[1.532s][info][gc,start       ] GC(87) Pause Remark
[1.533s][info][gc             ] GC(87) Pause Remark 987M->984M(1024M) 0.967ms
[1.533s][info][gc,cpu         ] GC(87) User=0.01s Sys=0.00s Real=0.00s
[1.533s][info][gc,marking     ] GC(87) Concurrent Mark 41.266ms
[1.533s][info][gc,marking     ] GC(87) Concurrent Rebuild Remembered Sets
[1.535s][info][gc,start       ] GC(91) Pause Young (Normal) (G1 Preventive Collection)
[1.535s][info][gc,task        ] GC(91) Using 13 workers of 13 for evacuation
[1.538s][info][gc,phases      ] GC(91)   Pre Evacuate Collection Set: 0.2ms
[1.538s][info][gc,phases      ] GC(91)   Merge Heap Roots: 0.2ms
[1.538s][info][gc,phases      ] GC(91)   Evacuate Collection Set: 2.4ms
[1.538s][info][gc,phases      ] GC(91)   Post Evacuate Collection Set: 0.4ms
[1.538s][info][gc,phases      ] GC(91)   Other: 0.1ms
[1.538s][info][gc,heap        ] GC(91) Eden regions: 12->0(44)
[1.538s][info][gc,heap        ] GC(91) Survivor regions: 7->7(7)
[1.538s][info][gc,heap        ] GC(91) Old regions: 979->993
[1.538s][info][gc,heap        ] GC(91) Archive regions: 0->0
[1.538s][info][gc,heap        ] GC(91) Humongous regions: 5->5
[1.538s][info][gc,metaspace   ] GC(91) Metaspace: 8298K(8512K)->8298K(8512K) NonClass: 7529K(7616K)->7529K(7616K) Class: 768K(896K)->768K(896K)
[1.538s][info][gc             ] GC(91) Pause Young (Normal) (G1 Preventive Collection) 995M->998M(1024M) 3.208ms
[1.538s][info][gc,cpu         ] GC(91) User=0.03s Sys=0.00s Real=0.00s
[1.539s][info][gc,start       ] GC(92) Pause Young (Normal) (G1 Preventive Collection)
[1.539s][info][gc,task        ] GC(92) Using 13 workers of 13 for evacuation
[1.541s][info][gc,phases      ] GC(92)   Pre Evacuate Collection Set: 0.2ms
[1.541s][info][gc,phases      ] GC(92)   Merge Heap Roots: 0.2ms
[1.541s][info][gc,phases      ] GC(92)   Evacuate Collection Set: 1.3ms
[1.541s][info][gc,phases      ] GC(92)   Post Evacuate Collection Set: 0.4ms
[1.541s][info][gc,phases      ] GC(92)   Other: 0.0ms
[1.541s][info][gc,heap        ] GC(92) Eden regions: 5->0(46)
[1.541s][info][gc,heap        ] GC(92) Survivor regions: 7->5(7)
[1.541s][info][gc,heap        ] GC(92) Old regions: 993->1002
[1.541s][info][gc,heap        ] GC(92) Archive regions: 0->0
[1.541s][info][gc,heap        ] GC(92) Humongous regions: 5->5
[1.541s][info][gc,metaspace   ] GC(92) Metaspace: 8298K(8512K)->8298K(8512K) NonClass: 7529K(7616K)->7529K(7616K) Class: 768K(896K)->768K(896K)
[1.541s][info][gc             ] GC(92) Pause Young (Normal) (G1 Preventive Collection) 1003M->1005M(1024M) 2.104ms
[1.541s][info][gc,cpu         ] GC(92) User=0.01s Sys=0.00s Real=0.00s
[1.541s][info][gc,start       ] GC(93) Pause Young (Normal) (G1 Preventive Collection)
[1.542s][info][gc,task        ] GC(93) Using 13 workers of 13 for evacuation
[1.543s][info][gc             ] GC(93) To-space exhausted
[1.543s][info][gc,phases      ] GC(93)   Pre Evacuate Collection Set: 0.2ms
[1.543s][info][gc,phases      ] GC(93)   Merge Heap Roots: 0.2ms
[1.543s][info][gc,phases      ] GC(93)   Evacuate Collection Set: 0.8ms
[1.543s][info][gc,phases      ] GC(93)   Post Evacuate Collection Set: 0.4ms
[1.543s][info][gc,phases      ] GC(93)   Other: 0.1ms
[1.543s][info][gc,heap        ] GC(93) Eden regions: 3->0(48)
[1.543s][info][gc,heap        ] GC(93) Survivor regions: 5->3(7)
[1.543s][info][gc,heap        ] GC(93) Old regions: 1002->1009
[1.543s][info][gc,heap        ] GC(93) Archive regions: 0->0
[1.543s][info][gc,heap        ] GC(93) Humongous regions: 5->5
[1.543s][info][gc,metaspace   ] GC(93) Metaspace: 8298K(8512K)->8298K(8512K) NonClass: 7529K(7616K)->7529K(7616K) Class: 768K(896K)->768K(896K)
[1.543s][info][gc             ] GC(93) Pause Young (Normal) (G1 Preventive Collection) 1008M->1010M(1024M) 1.717ms
[1.543s][info][gc,cpu         ] GC(93) User=0.01s Sys=0.01s Real=0.00s
[1.543s][info][gc,start       ] GC(94) Pause Young (Normal) (G1 Preventive Collection)
[1.543s][info][gc,task        ] GC(94) Using 13 workers of 13 for evacuation
[1.545s][info][gc,phases      ] GC(94)   Pre Evacuate Collection Set: 0.2ms
[1.545s][info][gc,phases      ] GC(94)   Merge Heap Roots: 0.2ms
[1.545s][info][gc,phases      ] GC(94)   Evacuate Collection Set: 0.5ms
[1.545s][info][gc,phases      ] GC(94)   Post Evacuate Collection Set: 0.4ms
[1.545s][info][gc,phases      ] GC(94)   Other: 0.0ms
[1.545s][info][gc,heap        ] GC(94) Eden regions: 1->0(46)
[1.545s][info][gc,heap        ] GC(94) Survivor regions: 3->5(6)
[1.545s][info][gc,heap        ] GC(94) Old regions: 1009->1009
[1.545s][info][gc,heap        ] GC(94) Archive regions: 0->0
[1.545s][info][gc,heap        ] GC(94) Humongous regions: 5->5
[1.545s][info][gc,metaspace   ] GC(94) Metaspace: 8298K(8512K)->8298K(8512K) NonClass: 7529K(7616K)->7529K(7616K) Class: 768K(896K)->768K(896K)
[1.545s][info][gc             ] GC(94) Pause Young (Normal) (G1 Preventive Collection) 1011M->1011M(1024M) 1.302ms
[1.545s][info][gc,cpu         ] GC(94) User=0.00s Sys=0.00s Real=0.01s
[1.545s][info][gc,start       ] GC(95) Pause Young (Normal) (G1 Preventive Collection)
[1.545s][info][gc,task        ] GC(95) Using 13 workers of 13 for evacuation
[1.546s][info][gc             ] GC(95) To-space exhausted
[1.546s][info][gc,phases      ] GC(95)   Pre Evacuate Collection Set: 0.2ms
[1.546s][info][gc,phases      ] GC(95)   Merge Heap Roots: 0.2ms
[1.546s][info][gc,phases      ] GC(95)   Evacuate Collection Set: 0.6ms
[1.546s][info][gc,phases      ] GC(95)   Post Evacuate Collection Set: 0.5ms
[1.546s][info][gc,phases      ] GC(95)   Other: 0.1ms
[1.546s][info][gc,heap        ] GC(95) Eden regions: 1->0(49)
[1.546s][info][gc,heap        ] GC(95) Survivor regions: 5->2(4)
[1.546s][info][gc,heap        ] GC(95) Old regions: 1009->1016
[1.546s][info][gc,heap        ] GC(95) Archive regions: 0->0
[1.546s][info][gc,heap        ] GC(95) Humongous regions: 5->5
[1.546s][info][gc,metaspace   ] GC(95) Metaspace: 8298K(8512K)->8298K(8512K) NonClass: 7529K(7616K)->7529K(7616K) Class: 768K(896K)->768K(896K)
[1.547s][info][gc             ] GC(95) Pause Young (Normal) (G1 Preventive Collection) 1012M->1015M(1024M) 1.519ms
[1.547s][info][gc,cpu         ] GC(95) User=0.00s Sys=0.01s Real=0.00s
[1.547s][info][gc,start       ] GC(96) Pause Young (Normal) (G1 Evacuation Pause)
[1.547s][info][gc,task        ] GC(96) Using 13 workers of 13 for evacuation
[1.548s][info][gc             ] GC(96) To-space exhausted
[1.548s][info][gc,phases      ] GC(96)   Pre Evacuate Collection Set: 0.2ms
[1.548s][info][gc,phases      ] GC(96)   Merge Heap Roots: 0.1ms
[1.548s][info][gc,phases      ] GC(96)   Evacuate Collection Set: 0.5ms
[1.548s][info][gc,phases      ] GC(96)   Post Evacuate Collection Set: 0.5ms
[1.548s][info][gc,phases      ] GC(96)   Other: 0.1ms
[1.548s][info][gc,heap        ] GC(96) Eden regions: 1->0(51)
[1.548s][info][gc,heap        ] GC(96) Survivor regions: 2->0(0)
[1.548s][info][gc,heap        ] GC(96) Old regions: 1016->1019
[1.548s][info][gc,heap        ] GC(96) Archive regions: 0->0
[1.548s][info][gc,heap        ] GC(96) Humongous regions: 5->5
[1.548s][info][gc,metaspace   ] GC(96) Metaspace: 8298K(8512K)->8298K(8512K) NonClass: 7529K(7616K)->7529K(7616K) Class: 768K(896K)->768K(896K)
[1.548s][info][gc             ] GC(96) Pause Young (Normal) (G1 Evacuation Pause) 1016M->1016M(1024M) 1.377ms
[1.548s][info][gc,cpu         ] GC(96) User=0.00s Sys=0.00s Real=0.00s
[1.548s][info][gc,ergo        ] Attempting full compaction
[1.548s][info][gc,task        ] GC(97) Using 13 workers of 13 for full compaction
[1.548s][info][gc,start       ] GC(97) Pause Full (G1 Compaction Pause)
[1.549s][info][gc,phases,start] GC(97) Phase 1: Mark live objects
[1.558s][info][gc,phases      ] GC(97) Phase 1: Mark live objects 9.270ms
[1.558s][info][gc,phases,start] GC(97) Phase 2: Prepare for compaction
[1.560s][info][gc,phases      ] GC(97) Phase 2: Prepare for compaction 1.747ms
[1.560s][info][gc,phases,start] GC(97) Phase 3: Adjust pointers
[1.569s][info][gc,phases      ] GC(97) Phase 3: Adjust pointers 8.876ms
[1.569s][info][gc,phases,start] GC(97) Phase 4: Compact heap
[1.580s][info][gc,phases      ] GC(97) Phase 4: Compact heap 11.226ms
[1.582s][info][gc,heap        ] GC(97) Eden regions: 0->0(51)
[1.582s][info][gc,heap        ] GC(97) Survivor regions: 0->0(0)
[1.582s][info][gc,heap        ] GC(97) Old regions: 1019->825
[1.582s][info][gc,heap        ] GC(97) Archive regions: 0->0
[1.582s][info][gc,heap        ] GC(97) Humongous regions: 5->4
[1.582s][info][gc,metaspace   ] GC(97) Metaspace: 8298K(8512K)->8298K(8512K) NonClass: 7529K(7616K)->7529K(7616K) Class: 768K(896K)->768K(896K)
[1.582s][info][gc             ] GC(97) Pause Full (G1 Compaction Pause) 1016M->823M(1024M) 33.573ms
[1.582s][info][gc,cpu         ] GC(97) User=0.38s Sys=0.00s Real=0.03s
[1.582s][info][gc,marking     ] GC(87) Concurrent Rebuild Remembered Sets 48.805ms
[1.582s][info][gc,marking     ] GC(87) Concurrent Mark Abort
[1.582s][info][gc             ] GC(87) Concurrent Mark Cycle 91.770ms
[1.587s][info][gc,start       ] GC(98) Pause Young (Normal) (G1 Evacuation Pause)
[1.587s][info][gc,task        ] GC(98) Using 13 workers of 13 for evacuation
[1.596s][info][gc,phases      ] GC(98)   Pre Evacuate Collection Set: 0.2ms
[1.596s][info][gc,phases      ] GC(98)   Merge Heap Roots: 0.2ms
[1.596s][info][gc,phases      ] GC(98)   Evacuate Collection Set: 7.4ms
[1.596s][info][gc,phases      ] GC(98)   Post Evacuate Collection Set: 0.5ms
[1.596s][info][gc,phases      ] GC(98)   Other: 0.1ms
[1.596s][info][gc,heap        ] GC(98) Eden regions: 51->0(44)
[1.596s][info][gc,heap        ] GC(98) Survivor regions: 0->7(7)
[1.596s][info][gc,heap        ] GC(98) Old regions: 825->869
[1.596s][info][gc,heap        ] GC(98) Archive regions: 0->0
[1.596s][info][gc,heap        ] GC(98) Humongous regions: 4->4
[1.596s][info][gc,metaspace   ] GC(98) Metaspace: 8298K(8512K)->8298K(8512K) NonClass: 7529K(7616K)->7529K(7616K) Class: 768K(896K)->768K(896K)
[1.596s][info][gc             ] GC(98) Pause Young (Normal) (G1 Evacuation Pause) 874M->874M(1024M) 8.401ms
[1.596s][info][gc,cpu         ] GC(98) User=0.04s Sys=0.02s Real=0.01s
[1.600s][info][gc,start       ] GC(99) Pause Young (Concurrent Start) (G1 Evacuation Pause)
[1.601s][info][gc,task        ] GC(99) Using 13 workers of 13 for evacuation
[1.608s][info][gc,phases      ] GC(99)   Pre Evacuate Collection Set: 0.2ms
[1.609s][info][gc,phases      ] GC(99)   Merge Heap Roots: 0.2ms
[1.609s][info][gc,phases      ] GC(99)   Evacuate Collection Set: 7.0ms
[1.609s][info][gc,phases      ] GC(99)   Post Evacuate Collection Set: 0.5ms
[1.609s][info][gc,phases      ] GC(99)   Other: 0.1ms
[1.609s][info][gc,heap        ] GC(99) Eden regions: 44->0(44)
[1.609s][info][gc,heap        ] GC(99) Survivor regions: 7->7(7)
[1.609s][info][gc,heap        ] GC(99) Old regions: 869->914
[1.609s][info][gc,heap        ] GC(99) Archive regions: 0->0
[1.609s][info][gc,heap        ] GC(99) Humongous regions: 4->4
[1.609s][info][gc,metaspace   ] GC(99) Metaspace: 8298K(8512K)->8298K(8512K) NonClass: 7529K(7616K)->7529K(7616K) Class: 768K(896K)->768K(896K)
[1.609s][info][gc             ] GC(99) Pause Young (Concurrent Start) (G1 Evacuation Pause) 918M->919M(1024M) 8.057ms
[1.609s][info][gc,cpu         ] GC(99) User=0.08s Sys=0.00s Real=0.01s
[1.609s][info][gc             ] GC(100) Concurrent Mark Cycle
[1.609s][info][gc,marking     ] GC(100) Concurrent Clear Claimed Marks
[1.609s][info][gc,marking     ] GC(100) Concurrent Clear Claimed Marks 0.015ms
[1.609s][info][gc,marking     ] GC(100) Concurrent Scan Root Regions
[1.610s][info][gc,marking     ] GC(100) Concurrent Scan Root Regions 1.701ms
[1.610s][info][gc,marking     ] GC(100) Concurrent Mark
[1.610s][info][gc,marking     ] GC(100) Concurrent Mark From Roots
[1.610s][info][gc,task        ] GC(100) Using 3 workers of 3 for marking
[1.615s][info][gc,start       ] GC(101) Pause Young (Normal) (G1 Preventive Collection)
[1.615s][info][gc,task        ] GC(101) Using 13 workers of 13 for evacuation
[1.622s][info][gc,phases      ] GC(101)   Pre Evacuate Collection Set: 0.2ms
[1.622s][info][gc,phases      ] GC(101)   Merge Heap Roots: 0.2ms
[1.622s][info][gc,phases      ] GC(101)   Evacuate Collection Set: 6.7ms
[1.622s][info][gc,phases      ] GC(101)   Post Evacuate Collection Set: 0.4ms
[1.622s][info][gc,phases      ] GC(101)   Other: 0.1ms
[1.622s][info][gc,heap        ] GC(101) Eden regions: 43->0(44)
[1.622s][info][gc,heap        ] GC(101) Survivor regions: 7->7(7)
[1.622s][info][gc,heap        ] GC(101) Old regions: 914->961
[1.622s][info][gc,heap        ] GC(101) Archive regions: 0->0
[1.622s][info][gc,heap        ] GC(101) Humongous regions: 4->4
[1.622s][info][gc,metaspace   ] GC(101) Metaspace: 8298K(8512K)->8298K(8512K) NonClass: 7529K(7616K)->7529K(7616K) Class: 768K(896K)->768K(896K)
[1.622s][info][gc             ] GC(101) Pause Young (Normal) (G1 Preventive Collection) 962M->966M(1024M) 7.564ms
[1.622s][info][gc,cpu         ] GC(101) User=0.07s Sys=0.00s Real=0.00s
[1.625s][info][gc,start       ] GC(102) Pause Young (Normal) (G1 Preventive Collection)
[1.625s][info][gc,task        ] GC(102) Using 13 workers of 13 for evacuation
[1.630s][info][gc,phases      ] GC(102)   Pre Evacuate Collection Set: 0.2ms
[1.630s][info][gc,phases      ] GC(102)   Merge Heap Roots: 0.2ms
[1.630s][info][gc,phases      ] GC(102)   Evacuate Collection Set: 3.8ms
[1.630s][info][gc,phases      ] GC(102)   Post Evacuate Collection Set: 0.4ms
[1.630s][info][gc,phases      ] GC(102)   Other: 0.1ms
[1.630s][info][gc,heap        ] GC(102) Eden regions: 21->0(44)
[1.630s][info][gc,heap        ] GC(102) Survivor regions: 7->7(7)
[1.630s][info][gc,heap        ] GC(102) Old regions: 961->985
[1.630s][info][gc,heap        ] GC(102) Archive regions: 0->0
[1.630s][info][gc,heap        ] GC(102) Humongous regions: 4->4
[1.630s][info][gc,metaspace   ] GC(102) Metaspace: 8298K(8512K)->8298K(8512K) NonClass: 7529K(7616K)->7529K(7616K) Class: 768K(896K)->768K(896K)
[1.630s][info][gc             ] GC(102) Pause Young (Normal) (G1 Preventive Collection) 987M->990M(1024M) 4.661ms
[1.630s][info][gc,cpu         ] GC(102) User=0.04s Sys=0.01s Real=0.00s
[1.632s][info][gc,start       ] GC(103) Pause Young (Normal) (G1 Preventive Collection)
[1.632s][info][gc,task        ] GC(103) Using 13 workers of 13 for evacuation
[1.634s][info][gc,phases      ] GC(103)   Pre Evacuate Collection Set: 0.2ms
[1.634s][info][gc,phases      ] GC(103)   Merge Heap Roots: 0.2ms
[1.634s][info][gc,phases      ] GC(103)   Evacuate Collection Set: 2.0ms
[1.634s][info][gc,phases      ] GC(103)   Post Evacuate Collection Set: 0.4ms
[1.634s][info][gc,phases      ] GC(103)   Other: 0.1ms
[1.634s][info][gc,heap        ] GC(103) Eden regions: 9->0(44)
[1.634s][info][gc,heap        ] GC(103) Survivor regions: 7->7(7)
[1.634s][info][gc,heap        ] GC(103) Old regions: 985->997
[1.634s][info][gc,heap        ] GC(103) Archive regions: 0->0
[1.634s][info][gc,heap        ] GC(103) Humongous regions: 4->4
[1.634s][info][gc,metaspace   ] GC(103) Metaspace: 8298K(8512K)->8298K(8512K) NonClass: 7529K(7616K)->7529K(7616K) Class: 768K(896K)->768K(896K)
[1.634s][info][gc             ] GC(103) Pause Young (Normal) (G1 Preventive Collection) 999M->1002M(1024M) 2.875ms
[1.635s][info][gc,cpu         ] GC(103) User=0.01s Sys=0.01s Real=0.01s
[1.635s][info][gc,start       ] GC(104) Pause Young (Normal) (G1 Preventive Collection)
[1.635s][info][gc,task        ] GC(104) Using 13 workers of 13 for evacuation
[1.637s][info][gc,phases      ] GC(104)   Pre Evacuate Collection Set: 0.2ms
[1.637s][info][gc,phases      ] GC(104)   Merge Heap Roots: 0.2ms
[1.637s][info][gc,phases      ] GC(104)   Evacuate Collection Set: 0.9ms
[1.637s][info][gc,phases      ] GC(104)   Post Evacuate Collection Set: 0.4ms
[1.637s][info][gc,phases      ] GC(104)   Other: 0.0ms
[1.637s][info][gc,heap        ] GC(104) Eden regions: 3->0(47)
[1.637s][info][gc,heap        ] GC(104) Survivor regions: 7->4(7)
[1.637s][info][gc,heap        ] GC(104) Old regions: 997->1005
[1.637s][info][gc,heap        ] GC(104) Archive regions: 0->0
[1.637s][info][gc,heap        ] GC(104) Humongous regions: 4->4
[1.637s][info][gc,metaspace   ] GC(104) Metaspace: 8298K(8512K)->8298K(8512K) NonClass: 7529K(7616K)->7529K(7616K) Class: 768K(896K)->768K(896K)
[1.637s][info][gc             ] GC(104) Pause Young (Normal) (G1 Preventive Collection) 1005M->1007M(1024M) 1.782ms
[1.637s][info][gc,cpu         ] GC(104) User=0.01s Sys=0.00s Real=0.00s
[1.638s][info][gc,start       ] GC(105) Pause Young (Normal) (G1 Preventive Collection)
[1.638s][info][gc,task        ] GC(105) Using 13 workers of 13 for evacuation
[1.639s][info][gc,phases      ] GC(105)   Pre Evacuate Collection Set: 0.2ms
[1.639s][info][gc,phases      ] GC(105)   Merge Heap Roots: 0.2ms
[1.639s][info][gc,phases      ] GC(105)   Evacuate Collection Set: 0.8ms
[1.639s][info][gc,phases      ] GC(105)   Post Evacuate Collection Set: 0.4ms
[1.639s][info][gc,phases      ] GC(105)   Other: 0.0ms
[1.639s][info][gc,heap        ] GC(105) Eden regions: 3->0(44)
[1.639s][info][gc,heap        ] GC(105) Survivor regions: 4->7(7)
[1.639s][info][gc,heap        ] GC(105) Old regions: 1005->1005
[1.639s][info][gc,heap        ] GC(105) Archive regions: 0->0
[1.639s][info][gc,heap        ] GC(105) Humongous regions: 4->4
[1.639s][info][gc,metaspace   ] GC(105) Metaspace: 8298K(8512K)->8298K(8512K) NonClass: 7529K(7616K)->7529K(7616K) Class: 768K(896K)->768K(896K)
[1.639s][info][gc             ] GC(105) Pause Young (Normal) (G1 Preventive Collection) 1010M->1010M(1024M) 1.558ms
[1.639s][info][gc,cpu         ] GC(105) User=0.01s Sys=0.00s Real=0.00s
[1.640s][info][gc,start       ] GC(106) Pause Young (Normal) (G1 Preventive Collection)
[1.640s][info][gc,task        ] GC(106) Using 13 workers of 13 for evacuation
[1.641s][info][gc             ] GC(106) To-space exhausted
[1.641s][info][gc,phases      ] GC(106)   Pre Evacuate Collection Set: 0.2ms
[1.641s][info][gc,phases      ] GC(106)   Merge Heap Roots: 0.1ms
[1.641s][info][gc,phases      ] GC(106)   Evacuate Collection Set: 0.7ms
[1.641s][info][gc,phases      ] GC(106)   Post Evacuate Collection Set: 0.4ms
[1.641s][info][gc,phases      ] GC(106)   Other: 0.1ms
[1.641s][info][gc,heap        ] GC(106) Eden regions: 1->0(48)
[1.641s][info][gc,heap        ] GC(106) Survivor regions: 7->3(7)
[1.641s][info][gc,heap        ] GC(106) Old regions: 1005->1012
[1.641s][info][gc,heap        ] GC(106) Archive regions: 0->0
[1.641s][info][gc,heap        ] GC(106) Humongous regions: 4->4
[1.641s][info][gc,metaspace   ] GC(106) Metaspace: 8298K(8512K)->8298K(8512K) NonClass: 7529K(7616K)->7529K(7616K) Class: 768K(896K)->768K(896K)
[1.641s][info][gc             ] GC(106) Pause Young (Normal) (G1 Preventive Collection) 1011M->1013M(1024M) 1.567ms
[1.641s][info][gc,cpu         ] GC(106) User=0.00s Sys=0.00s Real=0.00s
[1.642s][info][gc,start       ] GC(107) Pause Young (Normal) (G1 Preventive Collection)
[1.642s][info][gc,task        ] GC(107) Using 13 workers of 13 for evacuation
[1.643s][info][gc             ] GC(107) To-space exhausted
[1.643s][info][gc,phases      ] GC(107)   Pre Evacuate Collection Set: 0.2ms
[1.643s][info][gc,phases      ] GC(107)   Merge Heap Roots: 0.2ms
[1.643s][info][gc,phases      ] GC(107)   Evacuate Collection Set: 0.6ms
[1.643s][info][gc,phases      ] GC(107)   Post Evacuate Collection Set: 0.4ms
[1.643s][info][gc,phases      ] GC(107)   Other: 0.1ms
[1.643s][info][gc,heap        ] GC(107) Eden regions: 1->0(47)
[1.643s][info][gc,heap        ] GC(107) Survivor regions: 3->4(4)
[1.643s][info][gc,heap        ] GC(107) Old regions: 1012->1016
[1.643s][info][gc,heap        ] GC(107) Archive regions: 0->0
[1.643s][info][gc,heap        ] GC(107) Humongous regions: 4->4
[1.643s][info][gc,metaspace   ] GC(107) Metaspace: 8298K(8512K)->8298K(8512K) NonClass: 7529K(7616K)->7529K(7616K) Class: 768K(896K)->768K(896K)
[1.643s][info][gc             ] GC(107) Pause Young (Normal) (G1 Preventive Collection) 1014M->1018M(1024M) 1.468ms
[1.643s][info][gc,cpu         ] GC(107) User=0.01s Sys=0.01s Real=0.00s
[1.643s][info][gc,ergo        ] Attempting full compaction
[1.643s][info][gc,task        ] GC(108) Using 13 workers of 13 for full compaction
[1.643s][info][gc,start       ] GC(108) Pause Full (G1 Compaction Pause)
[1.644s][info][gc,phases,start] GC(108) Phase 1: Mark live objects
[1.655s][info][gc,phases      ] GC(108) Phase 1: Mark live objects 10.590ms
[1.655s][info][gc,phases,start] GC(108) Phase 2: Prepare for compaction
[1.656s][info][gc,phases      ] GC(108) Phase 2: Prepare for compaction 1.618ms
[1.656s][info][gc,phases,start] GC(108) Phase 3: Adjust pointers
[1.666s][info][gc,phases      ] GC(108) Phase 3: Adjust pointers 9.436ms
[1.666s][info][gc,phases,start] GC(108) Phase 4: Compact heap
[1.675s][info][gc,phases      ] GC(108) Phase 4: Compact heap 9.162ms
[1.676s][info][gc,heap        ] GC(108) Eden regions: 0->0(51)
[1.677s][info][gc,heap        ] GC(108) Survivor regions: 4->0(4)
[1.677s][info][gc,heap        ] GC(108) Old regions: 1016->867
[1.677s][info][gc,heap        ] GC(108) Archive regions: 0->0
[1.677s][info][gc,heap        ] GC(108) Humongous regions: 4->4
[1.677s][info][gc,metaspace   ] GC(108) Metaspace: 8298K(8512K)->8298K(8512K) NonClass: 7529K(7616K)->7529K(7616K) Class: 768K(896K)->768K(896K)
[1.677s][info][gc             ] GC(108) Pause Full (G1 Compaction Pause) 1018M->864M(1024M) 33.434ms
[1.677s][info][gc,cpu         ] GC(108) User=0.33s Sys=0.03s Real=0.04s
[1.677s][info][gc,marking     ] GC(100) Concurrent Mark From Roots 66.354ms
[1.677s][info][gc,marking     ] GC(100) Concurrent Mark Abort
[1.677s][info][gc             ] GC(100) Concurrent Mark Cycle 68.211ms
[1.684s][info][gc,heap,exit   ] Heap
[1.684s][info][gc,heap,exit   ]  garbage-first heap   total 1048576K, used 930125K [0x00000000c0000000, 0x0000000100000000)
[1.684s][info][gc,heap,exit   ]   region size 1024K, 44 young (45056K), 0 survivors (0K)
[1.684s][info][gc,heap,exit   ]  Metaspace       used 8312K, committed 8512K, reserved 1114112K
[1.684s][info][gc,heap,exit   ]   class space    used 771K, committed 896K, reserved 1048576K
----------System.err:(1/15)----------
STATUS:Passed.
----------rerun:(36/2132)*----------
cd /home/webliu/TencentKona-17/JTwork/scratch && \\
DISPLAY=:0 \\
HOME=/home/webliu \\
JTREG_HOME=/home/webliu/jtreg/build/images/jtreg \\
LANG=C.UTF-8 \\
PATH=/bin:/usr/bin:/usr/sbin \\
WAYLAND_DISPLAY=wayland-0 \\
XDG_RUNTIME_DIR=/mnt/wslg/runtime-dir \\
CLASSPATH=/home/webliu/TencentKona-17/JTwork/classes/gc/LRUCacheTest.d:/home/webliu/TencentKona-17/test/hotspot/jtreg/gc:/home/webliu/TencentKona-17/JTwork/classes/test/lib:/home/webliu/TencentKona-17/test/lib:/home/webliu/jtreg/build/images/jtreg/lib/javatest.jar:/home/webliu/jtreg/build/images/jtreg/lib/jtreg.jar \\
    /home/webliu/TencentKona-17/build/linux-x86_64-server-release/jdk/bin/java \\
        -Dtest.vm.opts= \\
        -Dtest.tool.vm.opts= \\
        -Dtest.compiler.opts= \\
        -Dtest.java.opts= \\
        -Dtest.jdk=/home/webliu/TencentKona-17/build/linux-x86_64-server-release/jdk \\
        -Dcompile.jdk=/home/webliu/TencentKona-17/build/linux-x86_64-server-release/jdk \\
        -Dtest.timeout.factor=1.0 \\
        -Dtest.root=/home/webliu/TencentKona-17/test/hotspot/jtreg \\
        -Dtest.name=gc/LRUCacheTest.java \\
        -Dtest.file=/home/webliu/TencentKona-17/test/hotspot/jtreg/gc/LRUCacheTest.java \\
        -Dtest.src=/home/webliu/TencentKona-17/test/hotspot/jtreg/gc \\
        -Dtest.src.path=/home/webliu/TencentKona-17/test/hotspot/jtreg/gc:/home/webliu/TencentKona-17/test/lib \\
        -Dtest.classes=/home/webliu/TencentKona-17/JTwork/classes/gc/LRUCacheTest.d \\
        -Dtest.class.path=/home/webliu/TencentKona-17/JTwork/classes/gc/LRUCacheTest.d:/home/webliu/TencentKona-17/JTwork/classes/test/lib \\
        -Dtest.modules='java.base/jdk.internal.misc java.management' \\
        --add-modules java.base,java.management \\
        --add-exports java.base/jdk.internal.misc=ALL-UNNAMED \\
        -Xbootclasspath/a:. \\
        -XX:+UnlockDiagnosticVMOptions \\
        -XX:+WhiteBoxAPI \\
        -XX:+UseG1GC \\
        -Xlog:gc* \\
        -Xlog:gc:g1gc.log \\
        -Xms128m \\
        -Xmx1g \\
        com.sun.javatest.regtest.agent.MainWrapper /home/webliu/TencentKona-17/JTwork/gc/LRUCacheTest.d/main.1.jta
result: Passed. Execution successful


test result: Passed. Execution successful
